192.168.16.88 - - [04/May/2019:08:04:07 +0000] "GET /root/demo-project/refs/master/logs_tree/dataaccess-advertisementorder/src/main/resources/jp/rhp/dataaccess/advertisementorder?format=js HTTP/1.1" 200 935 "http://192.168.16.207/root/demo-project/tree/master/dataaccess-advertisementorder/src/main/resources/jp/rhp/dataaccess/advertisementorder" "Mozilla/5.0 (Windows NT 10.0; Win64; x64) AppleWebKit/537.36 (KHTML, like Gecko) Chrome/73.0.3683.103 Safari/537.36"
192.168.16.88 - - [04/May/2019:08:04:09 +0000] "GET /root/demo-project/tree/master/dataaccess-advertisementorder/src/main/resources/jp/rhp/dataaccess/advertisementorder/item HTTP/1.1" 200 12700 "http://192.168.16.207/root/demo-project/tree/master/dataaccess-advertisementorder/src/main/resources/jp/rhp/dataaccess/advertisementorder" "Mozilla/5.0 (Windows NT 10.0; Win64; x64) AppleWebKit/537.36 (KHTML, like Gecko) Chrome/73.0.3683.103 Safari/537.36"
172.18.0.4 - - [04/May/2019:08:04:09 +0000] "POST /api/v4/jobs/request HTTP/1.1" 204 0 "" "gitlab-runner 11.10.1 (11-10-stable; go1.8.7; linux/amd64)"
192.168.16.88 - - [04/May/2019:08:04:09 +0000] "GET /root/demo-project/commits/b84db7bbe3769b1c698cdbf6037b6328cfc7d32f/signatures HTTP/1.1" 304 0 "http://192.168.16.207/root/demo-project/tree/master/dataaccess-advertisementorder/src/main/resources/jp/rhp/dataaccess/advertisementorder/item" "Mozilla/5.0 (Windows NT 10.0; Win64; x64) AppleWebKit/537.36 (KHTML, like Gecko) Chrome/73.0.3683.103 Safari/537.36"
192.168.16.88 - - [04/May/2019:08:04:09 +0000] "GET /root/demo-project/refs/master/logs_tree/dataaccess-advertisementorder/src/main/resources/jp/rhp/dataaccess/advertisementorder/item?format=js HTTP/1.1" 200 825 "http://192.168.16.207/root/demo-project/tree/master/dataaccess-advertisementorder/src/main/resources/jp/rhp/dataaccess/advertisementorder/item" "Mozilla/5.0 (Windows NT 10.0; Win64; x64) AppleWebKit/537.36 (KHTML, like Gecko) Chrome/73.0.3683.103 Safari/537.36"
192.168.16.88 - - [04/May/2019:08:04:11 +0000] "GET /root/demo-project/tree/master/dataaccess-advertisementorder/src/main/resources/jp/rhp/dataaccess/advertisementorder HTTP/1.1" 200 13345 "http://192.168.16.207/root/demo-project/tree/master/dataaccess-advertisementorder/src/main" "Mozilla/5.0 (Windows NT 10.0; Win64; x64) AppleWebKit/537.36 (KHTML, like Gecko) Chrome/73.0.3683.103 Safari/537.36"
172.18.0.4 - - [04/May/2019:08:04:12 +0000] "POST /api/v4/jobs/request HTTP/1.1" 204 0 "" "gitlab-runner 11.10.1 (11-10-stable; go1.8.7; linux/amd64)"
192.168.16.88 - - [04/May/2019:08:04:13 +0000] "GET /root/demo-project/tree/master/dataaccess-advertisementorder/src/main/resources/jp/rhp/dataaccess/advertisementorder/article HTTP/1.1" 200 12708 "http://192.168.16.207/root/demo-project/tree/master/dataaccess-advertisementorder/src/main/resources/jp/rhp/dataaccess/advertisementorder" "Mozilla/5.0 (Windows NT 10.0; Win64; x64) AppleWebKit/537.36 (KHTML, like Gecko) Chrome/73.0.3683.103 Safari/537.36"
192.168.16.88 - - [04/May/2019:08:04:13 +0000] "GET /root/demo-project/commits/b84db7bbe3769b1c698cdbf6037b6328cfc7d32f/signatures HTTP/1.1" 304 0 "http://192.168.16.207/root/demo-project/tree/master/dataaccess-advertisementorder/src/main/resources/jp/rhp/dataaccess/advertisementorder/article" "Mozilla/5.0 (Windows NT 10.0; Win64; x64) AppleWebKit/537.36 (KHTML, like Gecko) Chrome/73.0.3683.103 Safari/537.36"
192.168.16.88 - - [04/May/2019:08:04:13 +0000] "GET /root/demo-project/refs/master/logs_tree/dataaccess-advertisementorder/src/main/resources/jp/rhp/dataaccess/advertisementorder/article?format=js HTTP/1.1" 200 825 "http://192.168.16.207/root/demo-project/tree/master/dataaccess-advertisementorder/src/main/resources/jp/rhp/dataaccess/advertisementorder/article" "Mozilla/5.0 (Windows NT 10.0; Win64; x64) AppleWebKit/537.36 (KHTML, like Gecko) Chrome/73.0.3683.103 Safari/537.36"
192.168.16.88 - - [04/May/2019:08:04:15 +0000] "GET /root/demo-project/tree/master/dataaccess-advertisementorder/src/main/resources/jp/rhp/dataaccess/advertisementorder HTTP/1.1" 200 13349 "http://192.168.16.207/root/demo-project/tree/master/dataaccess-advertisementorder/src/main" "Mozilla/5.0 (Windows NT 10.0; Win64; x64) AppleWebKit/537.36 (KHTML, like Gecko) Chrome/73.0.3683.103 Safari/537.36"
172.18.0.4 - - [04/May/2019:08:04:15 +0000] "POST /api/v4/jobs/request HTTP/1.1" 204 0 "" "gitlab-runner 11.10.1 (11-10-stable; go1.8.7; linux/amd64)"
192.168.16.88 - - [04/May/2019:08:04:15 +0000] "GET /root/demo-project/tree/master/dataaccess-advertisementorder/src/main HTTP/1.1" 200 12707 "http://192.168.16.207/root/demo-project/tree/master/dataaccess-advertisementorder" "Mozilla/5.0 (Windows NT 10.0; Win64; x64) AppleWebKit/537.36 (KHTML, like Gecko) Chrome/73.0.3683.103 Safari/537.36"
192.168.16.88 - - [04/May/2019:08:04:16 +0000] "GET /root/demo-project/tree/master/dataaccess-advertisementorder HTTP/1.1" 200 12897 "http://192.168.16.207/root/demo-project" "Mozilla/5.0 (Windows NT 10.0; Win64; x64) AppleWebKit/537.36 (KHTML, like Gecko) Chrome/73.0.3683.103 Safari/537.36"
172.18.0.4 - - [04/May/2019:08:04:18 +0000] "POST /api/v4/jobs/request HTTP/1.1" 204 0 "" "gitlab-runner 11.10.1 (11-10-stable; go1.8.7; linux/amd64)"
192.168.16.88 - - [04/May/2019:08:04:18 +0000] "GET /root/demo-project HTTP/1.1" 200 22528 "http://192.168.16.207/root/demo-project/new/master" "Mozilla/5.0 (Windows NT 10.0; Win64; x64) AppleWebKit/537.36 (KHTML, like Gecko) Chrome/73.0.3683.103 Safari/537.36"
172.18.0.4 - - [04/May/2019:08:04:21 +0000] "POST /api/v4/jobs/request HTTP/1.1" 204 0 "" "gitlab-runner 11.10.1 (11-10-stable; go1.8.7; linux/amd64)"
172.18.0.4 - - [04/May/2019:08:04:24 +0000] "POST /api/v4/jobs/request HTTP/1.1" 204 0 "" "gitlab-runner 11.10.1 (11-10-stable; go1.8.7; linux/amd64)"
172.18.0.4 - - [04/May/2019:08:04:27 +0000] "POST /api/v4/jobs/request HTTP/1.1" 204 0 "" "gitlab-runner 11.10.1 (11-10-stable; go1.8.7; linux/amd64)"
192.168.16.88 - - [04/May/2019:08:04:30 +0000] "GET /root/demo-project/tree/master/web-base HTTP/1.1" 200 12862 "http://192.168.16.207/root/demo-project" "Mozilla/5.0 (Windows NT 10.0; Win64; x64) AppleWebKit/537.36 (KHTML, like Gecko) Chrome/73.0.3683.103 Safari/537.36"
172.18.0.4 - - [04/May/2019:08:04:30 +0000] "POST /api/v4/jobs/request HTTP/1.1" 204 0 "" "gitlab-runner 11.10.1 (11-10-stable; go1.8.7; linux/amd64)"
192.168.16.88 - - [04/May/2019:08:04:30 +0000] "GET /root/demo-project/commits/b84db7bbe3769b1c698cdbf6037b6328cfc7d32f/signatures HTTP/1.1" 304 0 "http://192.168.16.207/root/demo-project/tree/master/web-base" "Mozilla/5.0 (Windows NT 10.0; Win64; x64) AppleWebKit/537.36 (KHTML, like Gecko) Chrome/73.0.3683.103 Safari/537.36"
192.168.16.88 - - [04/May/2019:08:04:30 +0000] "GET /root/demo-project/refs/master/logs_tree/web-base?format=js HTTP/1.1" 304 0 "http://192.168.16.207/root/demo-project/tree/master/web-base" "Mozilla/5.0 (Windows NT 10.0; Win64; x64) AppleWebKit/537.36 (KHTML, like Gecko) Chrome/73.0.3683.103 Safari/537.36"
192.168.16.88 - - [04/May/2019:08:04:31 +0000] "GET /root/demo-project/tree/master/web-base/src/main HTTP/1.1" 200 12675 "http://192.168.16.207/root/demo-project/tree/master/web-base" "Mozilla/5.0 (Windows NT 10.0; Win64; x64) AppleWebKit/537.36 (KHTML, like Gecko) Chrome/73.0.3683.103 Safari/537.36"
192.168.16.88 - - [04/May/2019:08:04:32 +0000] "GET /root/demo-project/commits/b84db7bbe3769b1c698cdbf6037b6328cfc7d32f/signatures HTTP/1.1" 304 0 "http://192.168.16.207/root/demo-project/tree/master/web-base/src/main" "Mozilla/5.0 (Windows NT 10.0; Win64; x64) AppleWebKit/537.36 (KHTML, like Gecko) Chrome/73.0.3683.103 Safari/537.36"
192.168.16.88 - - [04/May/2019:08:04:32 +0000] "GET /root/demo-project/refs/master/logs_tree/web-base/src/main?format=js HTTP/1.1" 304 0 "http://192.168.16.207/root/demo-project/tree/master/web-base/src/main" "Mozilla/5.0 (Windows NT 10.0; Win64; x64) AppleWebKit/537.36 (KHTML, like Gecko) Chrome/73.0.3683.103 Safari/537.36"
172.18.0.4 - - [04/May/2019:08:04:33 +0000] "POST /api/v4/jobs/request HTTP/1.1" 204 0 "" "gitlab-runner 11.10.1 (11-10-stable; go1.8.7; linux/amd64)"
192.168.16.88 - - [04/May/2019:08:04:33 +0000] "GET /root/demo-project/tree/master/web-base/src/main/java/jp/rhp/web/base HTTP/1.1" 200 12957 "http://192.168.16.207/root/demo-project/tree/master/web-base/src/main" "Mozilla/5.0 (Windows NT 10.0; Win64; x64) AppleWebKit/537.36 (KHTML, like Gecko) Chrome/73.0.3683.103 Safari/537.36"
192.168.16.88 - - [04/May/2019:08:04:33 +0000] "GET /root/demo-project/commits/b84db7bbe3769b1c698cdbf6037b6328cfc7d32f/signatures HTTP/1.1" 304 0 "http://192.168.16.207/root/demo-project/tree/master/web-base/src/main/java/jp/rhp/web/base" "Mozilla/5.0 (Windows NT 10.0; Win64; x64) AppleWebKit/537.36 (KHTML, like Gecko) Chrome/73.0.3683.103 Safari/537.36"
192.168.16.88 - - [04/May/2019:08:04:33 +0000] "GET /root/demo-project/refs/master/logs_tree/web-base/src/main/java/jp/rhp/web/base?format=js HTTP/1.1" 304 0 "http://192.168.16.207/root/demo-project/tree/master/web-base/src/main/java/jp/rhp/web/base" "Mozilla/5.0 (Windows NT 10.0; Win64; x64) AppleWebKit/537.36 (KHTML, like Gecko) Chrome/73.0.3683.103 Safari/537.36"
172.18.0.4 - - [04/May/2019:08:04:36 +0000] "POST /api/v4/jobs/request HTTP/1.1" 204 0 "" "gitlab-runner 11.10.1 (11-10-stable; go1.8.7; linux/amd64)"
192.168.16.88 - - [04/May/2019:08:04:36 +0000] "GET /root/demo-project/blob/master/web-base/src/main/java/jp/rhp/web/base/BaseController.java HTTP/1.1" 200 12673 "http://192.168.16.207/root/demo-project/tree/master/web-base/src/main/java/jp/rhp/web/base" "Mozilla/5.0 (Windows NT 10.0; Win64; x64) AppleWebKit/537.36 (KHTML, like Gecko) Chrome/73.0.3683.103 Safari/537.36"
192.168.16.88 - - [04/May/2019:08:04:37 +0000] "GET /root/demo-project/commits/b84db7bbe3769b1c698cdbf6037b6328cfc7d32f/signatures HTTP/1.1" 304 0 "http://192.168.16.207/root/demo-project/blob/master/web-base/src/main/java/jp/rhp/web/base/BaseController.java" "Mozilla/5.0 (Windows NT 10.0; Win64; x64) AppleWebKit/537.36 (KHTML, like Gecko) Chrome/73.0.3683.103 Safari/537.36"
192.168.16.88 - - [04/May/2019:08:04:37 +0000] "GET /root/demo-project/blob/master/web-base/src/main/java/jp/rhp/web/base/BaseController.java?format=json&viewer=simple HTTP/1.1" 200 4374 "http://192.168.16.207/root/demo-project/blob/master/web-base/src/main/java/jp/rhp/web/base/BaseController.java" "Mozilla/5.0 (Windows NT 10.0; Win64; x64) AppleWebKit/537.36 (KHTML, like Gecko) Chrome/73.0.3683.103 Safari/537.36"
172.18.0.4 - - [04/May/2019:08:04:39 +0000] "POST /api/v4/jobs/request HTTP/1.1" 204 0 "" "gitlab-runner 11.10.1 (11-10-stable; go1.8.7; linux/amd64)"
192.168.16.88 - - [04/May/2019:08:04:40 +0000] "GET /root/demo-project/tree/master/web-base/src/main/java/jp/rhp/web/base HTTP/1.1" 200 12962 "http://192.168.16.207/root/demo-project/tree/master/web-base/src/main" "Mozilla/5.0 (Windows NT 10.0; Win64; x64) AppleWebKit/537.36 (KHTML, like Gecko) Chrome/73.0.3683.103 Safari/537.36"
172.18.0.4 - - [04/May/2019:08:04:42 +0000] "POST /api/v4/jobs/request HTTP/1.1" 204 0 "" "gitlab-runner 11.10.1 (11-10-stable; go1.8.7; linux/amd64)"
172.18.0.4 - - [04/May/2019:08:04:45 +0000] "POST /api/v4/jobs/request HTTP/1.1" 204 0 "" "gitlab-runner 11.10.1 (11-10-stable; go1.8.7; linux/amd64)"
172.18.0.4 - - [04/May/2019:08:04:48 +0000] "POST /api/v4/jobs/request HTTP/1.1" 204 0 "" "gitlab-runner 11.10.1 (11-10-stable; go1.8.7; linux/amd64)"
172.18.0.4 - - [04/May/2019:08:04:51 +0000] "POST /api/v4/jobs/request HTTP/1.1" 204 0 "" "gitlab-runner 11.10.1 (11-10-stable; go1.8.7; linux/amd64)"
172.18.0.4 - - [04/May/2019:08:04:54 +0000] "POST /api/v4/jobs/request HTTP/1.1" 204 0 "" "gitlab-runner 11.10.1 (11-10-stable; go1.8.7; linux/amd64)"
127.0.0.1 - - [04/May/2019:08:04:54 +0000] "GET /help HTTP/1.1" 200 79454 "" "curl/7.59.0-DEV"
172.18.0.4 - - [04/May/2019:08:04:57 +0000] "POST /api/v4/jobs/request HTTP/1.1" 204 0 "" "gitlab-runner 11.10.1 (11-10-stable; go1.8.7; linux/amd64)"
172.18.0.4 - - [04/May/2019:08:05:00 +0000] "POST /api/v4/jobs/request HTTP/1.1" 204 0 "" "gitlab-runner 11.10.1 (11-10-stable; go1.8.7; linux/amd64)"
172.18.0.4 - - [04/May/2019:08:05:03 +0000] "POST /api/v4/jobs/request HTTP/1.1" 204 0 "" "gitlab-runner 11.10.1 (11-10-stable; go1.8.7; linux/amd64)"
172.18.0.4 - - [04/May/2019:08:05:06 +0000] "POST /api/v4/jobs/request HTTP/1.1" 204 0 "" "gitlab-runner 11.10.1 (11-10-stable; go1.8.7; linux/amd64)"
172.18.0.4 - - [04/May/2019:08:05:09 +0000] "POST /api/v4/jobs/request HTTP/1.1" 204 0 "" "gitlab-runner 11.10.1 (11-10-stable; go1.8.7; linux/amd64)"
172.18.0.4 - - [04/May/2019:08:05:12 +0000] "POST /api/v4/jobs/request HTTP/1.1" 204 0 "" "gitlab-runner 11.10.1 (11-10-stable; go1.8.7; linux/amd64)"
172.18.0.4 - - [04/May/2019:08:05:15 +0000] "POST /api/v4/jobs/request HTTP/1.1" 204 0 "" "gitlab-runner 11.10.1 (11-10-stable; go1.8.7; linux/amd64)"
172.18.0.4 - - [04/May/2019:08:05:18 +0000] "POST /api/v4/jobs/request HTTP/1.1" 204 0 "" "gitlab-runner 11.10.1 (11-10-stable; go1.8.7; linux/amd64)"
172.18.0.4 - - [04/May/2019:08:05:21 +0000] "POST /api/v4/jobs/request HTTP/1.1" 204 0 "" "gitlab-runner 11.10.1 (11-10-stable; go1.8.7; linux/amd64)"
172.18.0.4 - - [04/May/2019:08:05:24 +0000] "POST /api/v4/jobs/request HTTP/1.1" 204 0 "" "gitlab-runner 11.10.1 (11-10-stable; go1.8.7; linux/amd64)"
172.18.0.4 - - [04/May/2019:08:05:27 +0000] "POST /api/v4/jobs/request HTTP/1.1" 204 0 "" "gitlab-runner 11.10.1 (11-10-stable; go1.8.7; linux/amd64)"
172.18.0.4 - - [04/May/2019:08:05:30 +0000] "POST /api/v4/jobs/request HTTP/1.1" 204 0 "" "gitlab-runner 11.10.1 (11-10-stable; go1.8.7; linux/amd64)"
172.18.0.4 - - [04/May/2019:08:05:33 +0000] "POST /api/v4/jobs/request HTTP/1.1" 204 0 "" "gitlab-runner 11.10.1 (11-10-stable; go1.8.7; linux/amd64)"
192.168.16.88 - - [04/May/2019:08:05:34 +0000] "GET /root/demo-project/tree/master/web-base/src/main HTTP/1.1" 200 12675 "http://192.168.16.207/root/demo-project/tree/master/web-base" "Mozilla/5.0 (Windows NT 10.0; Win64; x64) AppleWebKit/537.36 (KHTML, like Gecko) Chrome/73.0.3683.103 Safari/537.36"
172.18.0.4 - - [04/May/2019:08:05:36 +0000] "POST /api/v4/jobs/request HTTP/1.1" 204 0 "" "gitlab-runner 11.10.1 (11-10-stable; go1.8.7; linux/amd64)"
192.168.16.88 - - [04/May/2019:08:05:37 +0000] "GET /root/demo-project/tree/master/web-base/src/main/java/jp/rhp/web/base HTTP/1.1" 200 12962 "http://192.168.16.207/root/demo-project/tree/master/web-base/src/main" "Mozilla/5.0 (Windows NT 10.0; Win64; x64) AppleWebKit/537.36 (KHTML, like Gecko) Chrome/73.0.3683.103 Safari/537.36"
192.168.16.88 - - [04/May/2019:08:05:37 +0000] "GET /root/demo-project/commits/b84db7bbe3769b1c698cdbf6037b6328cfc7d32f/signatures HTTP/1.1" 304 0 "http://192.168.16.207/root/demo-project/tree/master/web-base/src/main/java/jp/rhp/web/base" "Mozilla/5.0 (Windows NT 10.0; Win64; x64) AppleWebKit/537.36 (KHTML, like Gecko) Chrome/73.0.3683.103 Safari/537.36"
192.168.16.88 - - [04/May/2019:08:05:37 +0000] "GET /root/demo-project/refs/master/logs_tree/web-base/src/main/java/jp/rhp/web/base?format=js HTTP/1.1" 304 0 "http://192.168.16.207/root/demo-project/tree/master/web-base/src/main/java/jp/rhp/web/base" "Mozilla/5.0 (Windows NT 10.0; Win64; x64) AppleWebKit/537.36 (KHTML, like Gecko) Chrome/73.0.3683.103 Safari/537.36"
172.18.0.4 - - [04/May/2019:08:05:39 +0000] "POST /api/v4/jobs/request HTTP/1.1" 204 0 "" "gitlab-runner 11.10.1 (11-10-stable; go1.8.7; linux/amd64)"
172.18.0.4 - - [04/May/2019:08:05:42 +0000] "POST /api/v4/jobs/request HTTP/1.1" 204 0 "" "gitlab-runner 11.10.1 (11-10-stable; go1.8.7; linux/amd64)"
172.18.0.4 - - [04/May/2019:08:05:45 +0000] "POST /api/v4/jobs/request HTTP/1.1" 204 0 "" "gitlab-runner 11.10.1 (11-10-stable; go1.8.7; linux/amd64)"
172.18.0.4 - - [04/May/2019:08:05:48 +0000] "POST /api/v4/jobs/request HTTP/1.1" 204 0 "" "gitlab-runner 11.10.1 (11-10-stable; go1.8.7; linux/amd64)"
172.18.0.4 - - [04/May/2019:08:05:51 +0000] "POST /api/v4/jobs/request HTTP/1.1" 204 0 "" "gitlab-runner 11.10.1 (11-10-stable; go1.8.7; linux/amd64)"
172.18.0.4 - - [04/May/2019:08:05:54 +0000] "POST /api/v4/jobs/request HTTP/1.1" 204 0 "" "gitlab-runner 11.10.1 (11-10-stable; go1.8.7; linux/amd64)"
127.0.0.1 - - [04/May/2019:08:05:54 +0000] "GET /help HTTP/1.1" 200 79454 "" "curl/7.59.0-DEV"
172.18.0.4 - - [04/May/2019:08:05:57 +0000] "POST /api/v4/jobs/request HTTP/1.1" 204 0 "" "gitlab-runner 11.10.1 (11-10-stable; go1.8.7; linux/amd64)"
172.18.0.4 - - [04/May/2019:08:06:00 +0000] "POST /api/v4/jobs/request HTTP/1.1" 204 0 "" "gitlab-runner 11.10.1 (11-10-stable; go1.8.7; linux/amd64)"
172.18.0.4 - - [04/May/2019:08:06:03 +0000] "POST /api/v4/jobs/request HTTP/1.1" 204 0 "" "gitlab-runner 11.10.1 (11-10-stable; go1.8.7; linux/amd64)"
192.168.16.88 - - [04/May/2019:08:06:06 +0000] "POST /root/demo-project/create/master HTTP/1.1" 302 142 "http://192.168.16.207/root/demo-project/new/master" "Mozilla/5.0 (Windows NT 10.0; Win64; x64) AppleWebKit/537.36 (KHTML, like Gecko) Chrome/73.0.3683.103 Safari/537.36"
172.18.0.4 - - [04/May/2019:08:06:06 +0000] "POST /api/v4/jobs/request HTTP/1.1" 204 0 "" "gitlab-runner 11.10.1 (11-10-stable; go1.8.7; linux/amd64)"
192.168.16.88 - - [04/May/2019:08:06:06 +0000] "GET /root/demo-project/blob/master/sonar-project.properties HTTP/1.1" 200 12220 "http://192.168.16.207/root/demo-project/new/master" "Mozilla/5.0 (Windows NT 10.0; Win64; x64) AppleWebKit/537.36 (KHTML, like Gecko) Chrome/73.0.3683.103 Safari/537.36"
192.168.16.88 - - [04/May/2019:08:06:07 +0000] "GET /root/demo-project/blob/master/sonar-project.properties?format=json&viewer=simple HTTP/1.1" 200 1468 "http://192.168.16.207/root/demo-project/blob/master/sonar-project.properties" "Mozilla/5.0 (Windows NT 10.0; Win64; x64) AppleWebKit/537.36 (KHTML, like Gecko) Chrome/73.0.3683.103 Safari/537.36"
192.168.16.88 - - [04/May/2019:08:06:07 +0000] "GET /root/demo-project/commits/ddb76556e2af668480b618252da86155f4f744f5/signatures HTTP/1.1" 200 709 "http://192.168.16.207/root/demo-project/blob/master/sonar-project.properties" "Mozilla/5.0 (Windows NT 10.0; Win64; x64) AppleWebKit/537.36 (KHTML, like Gecko) Chrome/73.0.3683.103 Safari/537.36"
172.18.0.4 - - [04/May/2019:08:06:09 +0000] "POST /api/v4/jobs/request HTTP/1.1" 204 0 "" "gitlab-runner 11.10.1 (11-10-stable; go1.8.7; linux/amd64)"
172.18.0.4 - - [04/May/2019:08:06:12 +0000] "POST /api/v4/jobs/request HTTP/1.1" 204 0 "" "gitlab-runner 11.10.1 (11-10-stable; go1.8.7; linux/amd64)"
172.18.0.4 - - [04/May/2019:08:06:15 +0000] "POST /api/v4/jobs/request HTTP/1.1" 204 0 "" "gitlab-runner 11.10.1 (11-10-stable; go1.8.7; linux/amd64)"
192.168.16.88 - - [04/May/2019:08:06:15 +0000] "GET /root/demo-project/tree/master HTTP/1.1" 200 18412 "http://192.168.16.207/root/demo-project/blob/master/sonar-project.properties" "Mozilla/5.0 (Windows NT 10.0; Win64; x64) AppleWebKit/537.36 (KHTML, like Gecko) Chrome/73.0.3683.103 Safari/537.36"
192.168.16.88 - - [04/May/2019:08:06:16 +0000] "GET /root/demo-project/commit/ddb76556e2af668480b618252da86155f4f744f5/pipelines?ref=master HTTP/1.1" 200 1032 "http://192.168.16.207/root/demo-project/tree/master" "Mozilla/5.0 (Windows NT 10.0; Win64; x64) AppleWebKit/537.36 (KHTML, like Gecko) Chrome/73.0.3683.103 Safari/537.36"
192.168.16.88 - - [04/May/2019:08:06:16 +0000] "GET /root/demo-project/commits/ddb76556e2af668480b618252da86155f4f744f5/signatures HTTP/1.1" 304 0 "http://192.168.16.207/root/demo-project/tree/master" "Mozilla/5.0 (Windows NT 10.0; Win64; x64) AppleWebKit/537.36 (KHTML, like Gecko) Chrome/73.0.3683.103 Safari/537.36"
192.168.16.88 - - [04/May/2019:08:06:16 +0000] "GET /root/demo-project/refs/master/logs_tree/?format=js HTTP/1.1" 304 0 "http://192.168.16.207/root/demo-project/tree/master" "Mozilla/5.0 (Windows NT 10.0; Win64; x64) AppleWebKit/537.36 (KHTML, like Gecko) Chrome/73.0.3683.103 Safari/537.36"
192.168.16.88 - - [04/May/2019:08:06:16 +0000] "GET /root/demo-project/refs/master/logs_tree/?offset=25&format=js HTTP/1.1" 304 0 "http://192.168.16.207/root/demo-project/tree/master" "Mozilla/5.0 (Windows NT 10.0; Win64; x64) AppleWebKit/537.36 (KHTML, like Gecko) Chrome/73.0.3683.103 Safari/537.36"
192.168.16.88 - - [04/May/2019:08:06:16 +0000] "GET /root/demo-project/refs/master/logs_tree/?offset=50&format=js HTTP/1.1" 304 0 "http://192.168.16.207/root/demo-project/tree/master" "Mozilla/5.0 (Windows NT 10.0; Win64; x64) AppleWebKit/537.36 (KHTML, like Gecko) Chrome/73.0.3683.103 Safari/537.36"
192.168.16.88 - - [04/May/2019:08:06:17 +0000] "GET /root/demo-project/refs/master/logs_tree/?offset=75&format=js HTTP/1.1" 304 0 "http://192.168.16.207/root/demo-project/tree/master" "Mozilla/5.0 (Windows NT 10.0; Win64; x64) AppleWebKit/537.36 (KHTML, like Gecko) Chrome/73.0.3683.103 Safari/537.36"
192.168.16.88 - - [04/May/2019:08:06:17 +0000] "GET /root/demo-project/refs/master/logs_tree/?offset=100&format=js HTTP/1.1" 200 1479 "http://192.168.16.207/root/demo-project/tree/master" "Mozilla/5.0 (Windows NT 10.0; Win64; x64) AppleWebKit/537.36 (KHTML, like Gecko) Chrome/73.0.3683.103 Safari/537.36"
172.18.0.4 - - [04/May/2019:08:06:18 +0000] "POST /api/v4/jobs/request HTTP/1.1" 204 0 "" "gitlab-runner 11.10.1 (11-10-stable; go1.8.7; linux/amd64)"
172.18.0.4 - - [04/May/2019:08:06:21 +0000] "POST /api/v4/jobs/request HTTP/1.1" 204 0 "" "gitlab-runner 11.10.1 (11-10-stable; go1.8.7; linux/amd64)"
172.18.0.4 - - [04/May/2019:08:06:24 +0000] "POST /api/v4/jobs/request HTTP/1.1" 204 0 "" "gitlab-runner 11.10.1 (11-10-stable; go1.8.7; linux/amd64)"
192.168.16.88 - - [04/May/2019:08:06:24 +0000] "GET /root/demo-project/pipelines/5 HTTP/1.1" 200 10477 "http://192.168.16.207/root/demo-project/tree/master" "Mozilla/5.0 (Windows NT 10.0; Win64; x64) AppleWebKit/537.36 (KHTML, like Gecko) Chrome/73.0.3683.103 Safari/537.36"
192.168.16.88 - - [04/May/2019:08:06:24 +0000] "GET /assets/webpack/pages.projects.pipelines.show.0f52cbdf.chunk.js HTTP/1.1" 200 5302 "http://192.168.16.207/root/demo-project/pipelines/5" "Mozilla/5.0 (Windows NT 10.0; Win64; x64) AppleWebKit/537.36 (KHTML, like Gecko) Chrome/73.0.3683.103 Safari/537.36"
192.168.16.88 - - [04/May/2019:08:06:25 +0000] "GET /root/demo-project/pipelines/5/status.json HTTP/1.1" 200 309 "http://192.168.16.207/root/demo-project/pipelines/5" "Mozilla/5.0 (Windows NT 10.0; Win64; x64) AppleWebKit/537.36 (KHTML, like Gecko) Chrome/73.0.3683.103 Safari/537.36"
192.168.16.88 - - [04/May/2019:08:06:25 +0000] "GET /assets/ci_favicons/favicon_status_pending-5bdf338420e5221ca24353b6bff1c9367189588750632e9a871b7af09ff6a2ae.png HTTP/1.1" 200 919 "http://192.168.16.207/root/demo-project/pipelines/5" "Mozilla/5.0 (Windows NT 10.0; Win64; x64) AppleWebKit/537.36 (KHTML, like Gecko) Chrome/73.0.3683.103 Safari/537.36"
192.168.16.88 - - [04/May/2019:08:06:25 +0000] "GET /root/demo-project/pipelines/5.json HTTP/1.1" 200 1665 "http://192.168.16.207/root/demo-project/pipelines/5" "Mozilla/5.0 (Windows NT 10.0; Win64; x64) AppleWebKit/537.36 (KHTML, like Gecko) Chrome/73.0.3683.103 Safari/537.36"
172.18.0.4 - - [04/May/2019:08:06:27 +0000] "POST /api/v4/jobs/request HTTP/1.1" 204 0 "" "gitlab-runner 11.10.1 (11-10-stable; go1.8.7; linux/amd64)"
172.18.0.4 - - [04/May/2019:08:06:30 +0000] "POST /api/v4/jobs/request HTTP/1.1" 204 0 "" "gitlab-runner 11.10.1 (11-10-stable; go1.8.7; linux/amd64)"
192.168.16.88 - - [04/May/2019:08:06:32 +0000] "GET /root/demo-project/-/jobs/13 HTTP/1.1" 200 9049 "http://192.168.16.207/root/demo-project/pipelines/5" "Mozilla/5.0 (Windows NT 10.0; Win64; x64) AppleWebKit/537.36 (KHTML, like Gecko) Chrome/73.0.3683.103 Safari/537.36"
192.168.16.88 - - [04/May/2019:08:06:32 +0000] "GET /assets/page_bundles/xterm-06e98f875b9e23b983ffbf4fe3b6ab37c6cf42d01e1179ad022f7af771af6034.css HTTP/1.1" 200 1647 "http://192.168.16.207/root/demo-project/-/jobs/13" "Mozilla/5.0 (Windows NT 10.0; Win64; x64) AppleWebKit/537.36 (KHTML, like Gecko) Chrome/73.0.3683.103 Safari/537.36"
192.168.16.88 - - [04/May/2019:08:06:32 +0000] "GET /assets/webpack/pages.projects.jobs.show.d22dd583.chunk.js HTTP/1.1" 200 14696 "http://192.168.16.207/root/demo-project/-/jobs/13" "Mozilla/5.0 (Windows NT 10.0; Win64; x64) AppleWebKit/537.36 (KHTML, like Gecko) Chrome/73.0.3683.103 Safari/537.36"
192.168.16.88 - - [04/May/2019:08:06:32 +0000] "GET /root/demo-project/-/jobs/13/trace.json?state= HTTP/1.1" 200 45 "http://192.168.16.207/root/demo-project/-/jobs/13" "Mozilla/5.0 (Windows NT 10.0; Win64; x64) AppleWebKit/537.36 (KHTML, like Gecko) Chrome/73.0.3683.103 Safari/537.36"
192.168.16.88 - - [04/May/2019:08:06:32 +0000] "GET /root/demo-project/-/jobs/13.json HTTP/1.1" 200 1277 "http://192.168.16.207/root/demo-project/-/jobs/13" "Mozilla/5.0 (Windows NT 10.0; Win64; x64) AppleWebKit/537.36 (KHTML, like Gecko) Chrome/73.0.3683.103 Safari/537.36"
192.168.16.88 - - [04/May/2019:08:06:32 +0000] "GET /root/demo-project/pipelines/5.json HTTP/1.1" 304 0 "http://192.168.16.207/root/demo-project/-/jobs/13" "Mozilla/5.0 (Windows NT 10.0; Win64; x64) AppleWebKit/537.36 (KHTML, like Gecko) Chrome/73.0.3683.103 Safari/537.36"
192.168.16.88 - - [04/May/2019:08:06:32 +0000] "GET /assets/illustrations/pending_job_empty-29738dc759d57fdbe413b993ca4286a4865b2811942daf62110feccf6d3246f9.svg HTTP/1.1" 200 1365 "http://192.168.16.207/root/demo-project/-/jobs/13" "Mozilla/5.0 (Windows NT 10.0; Win64; x64) AppleWebKit/537.36 (KHTML, like Gecko) Chrome/73.0.3683.103 Safari/537.36"
192.168.16.88 - - [04/May/2019:08:06:32 +0000] "GET /root/demo-project/pipelines/5/stage.json?stage=build&retried=1 HTTP/1.1" 200 1550 "http://192.168.16.207/root/demo-project/-/jobs/13" "Mozilla/5.0 (Windows NT 10.0; Win64; x64) AppleWebKit/537.36 (KHTML, like Gecko) Chrome/73.0.3683.103 Safari/537.36"
172.18.0.4 - - [04/May/2019:08:06:33 +0000] "POST /api/v4/jobs/request HTTP/1.1" 204 0 "" "gitlab-runner 11.10.1 (11-10-stable; go1.8.7; linux/amd64)"
172.18.0.4 - - [04/May/2019:08:06:36 +0000] "POST /api/v4/jobs/request HTTP/1.1" 204 0 "" "gitlab-runner 11.10.1 (11-10-stable; go1.8.7; linux/amd64)"
192.168.16.88 - - [04/May/2019:08:06:36 +0000] "GET /root/demo-project/pipelines/5 HTTP/1.1" 200 10472 "http://192.168.16.207/root/demo-project/tree/master" "Mozilla/5.0 (Windows NT 10.0; Win64; x64) AppleWebKit/537.36 (KHTML, like Gecko) Chrome/73.0.3683.103 Safari/537.36"
192.168.16.88 - - [04/May/2019:08:06:38 +0000] "GET /root/demo-project/tree/master HTTP/1.1" 200 18404 "http://192.168.16.207/root/demo-project/blob/master/sonar-project.properties" "Mozilla/5.0 (Windows NT 10.0; Win64; x64) AppleWebKit/537.36 (KHTML, like Gecko) Chrome/73.0.3683.103 Safari/537.36"
172.18.0.4 - - [04/May/2019:08:06:39 +0000] "POST /api/v4/jobs/request HTTP/1.1" 204 0 "" "gitlab-runner 11.10.1 (11-10-stable; go1.8.7; linux/amd64)"
172.18.0.4 - - [04/May/2019:08:06:42 +0000] "POST /api/v4/jobs/request HTTP/1.1" 204 0 "" "gitlab-runner 11.10.1 (11-10-stable; go1.8.7; linux/amd64)"
172.18.0.4 - - [04/May/2019:08:06:45 +0000] "POST /api/v4/jobs/request HTTP/1.1" 204 0 "" "gitlab-runner 11.10.1 (11-10-stable; go1.8.7; linux/amd64)"
172.18.0.4 - - [04/May/2019:08:06:48 +0000] "POST /api/v4/jobs/request HTTP/1.1" 204 0 "" "gitlab-runner 11.10.1 (11-10-stable; go1.8.7; linux/amd64)"
192.168.16.88 - - [04/May/2019:08:06:48 +0000] "GET /root/demo-project/commit/ddb76556e2af668480b618252da86155f4f744f5/pipelines?ref=master HTTP/1.1" 304 0 "http://192.168.16.207/root/demo-project/tree/master" "Mozilla/5.0 (Windows NT 10.0; Win64; x64) AppleWebKit/537.36 (KHTML, like Gecko) Chrome/73.0.3683.103 Safari/537.36"
172.18.0.4 - - [04/May/2019:08:06:51 +0000] "POST /api/v4/jobs/request HTTP/1.1" 204 0 "" "gitlab-runner 11.10.1 (11-10-stable; go1.8.7; linux/amd64)"
172.18.0.4 - - [04/May/2019:08:06:54 +0000] "POST /api/v4/jobs/request HTTP/1.1" 204 0 "" "gitlab-runner 11.10.1 (11-10-stable; go1.8.7; linux/amd64)"
127.0.0.1 - - [04/May/2019:08:06:55 +0000] "GET /help HTTP/1.1" 200 79454 "" "curl/7.59.0-DEV"
172.18.0.4 - - [04/May/2019:08:06:57 +0000] "POST /api/v4/jobs/request HTTP/1.1" 204 0 "" "gitlab-runner 11.10.1 (11-10-stable; go1.8.7; linux/amd64)"
192.168.16.88 - - [04/May/2019:08:06:58 +0000] "GET /root/demo-project/pipelines/5 HTTP/1.1" 200 10476 "http://192.168.16.207/root/demo-project/tree/master" "Mozilla/5.0 (Windows NT 10.0; Win64; x64) AppleWebKit/537.36 (KHTML, like Gecko) Chrome/73.0.3683.103 Safari/537.36"
192.168.16.88 - - [04/May/2019:08:06:58 +0000] "GET /root/demo-project/pipelines/5.json HTTP/1.1" 304 0 "http://192.168.16.207/root/demo-project/pipelines/5" "Mozilla/5.0 (Windows NT 10.0; Win64; x64) AppleWebKit/537.36 (KHTML, like Gecko) Chrome/73.0.3683.103 Safari/537.36"
192.168.16.88 - - [04/May/2019:08:06:58 +0000] "GET /root/demo-project/pipelines/5/status.json HTTP/1.1" 304 0 "http://192.168.16.207/root/demo-project/pipelines/5" "Mozilla/5.0 (Windows NT 10.0; Win64; x64) AppleWebKit/537.36 (KHTML, like Gecko) Chrome/73.0.3683.103 Safari/537.36"
172.18.0.4 - - [04/May/2019:08:07:00 +0000] "POST /api/v4/jobs/request HTTP/1.1" 204 0 "" "gitlab-runner 11.10.1 (11-10-stable; go1.8.7; linux/amd64)"
172.18.0.4 - - [04/May/2019:08:07:03 +0000] "POST /api/v4/jobs/request HTTP/1.1" 204 0 "" "gitlab-runner 11.10.1 (11-10-stable; go1.8.7; linux/amd64)"
192.168.16.88 - - [04/May/2019:08:07:05 +0000] "POST /root/demo-project/pipelines/5/cancel.json HTTP/1.1" 204 0 "http://192.168.16.207/root/demo-project/pipelines/5" "Mozilla/5.0 (Windows NT 10.0; Win64; x64) AppleWebKit/537.36 (KHTML, like Gecko) Chrome/73.0.3683.103 Safari/537.36"
192.168.16.88 - - [04/May/2019:08:07:05 +0000] "GET /root/demo-project/pipelines/5.json HTTP/1.1" 304 0 "http://192.168.16.207/root/demo-project/pipelines/5" "Mozilla/5.0 (Windows NT 10.0; Win64; x64) AppleWebKit/537.36 (KHTML, like Gecko) Chrome/73.0.3683.103 Safari/537.36"
192.168.16.88 - - [04/May/2019:08:07:05 +0000] "GET /root/demo-project/pipelines/5.json HTTP/1.1" 304 0 "http://192.168.16.207/root/demo-project/pipelines/5" "Mozilla/5.0 (Windows NT 10.0; Win64; x64) AppleWebKit/537.36 (KHTML, like Gecko) Chrome/73.0.3683.103 Safari/537.36"
172.18.0.4 - - [04/May/2019:08:07:06 +0000] "POST /api/v4/jobs/request HTTP/1.1" 204 0 "" "gitlab-runner 11.10.1 (11-10-stable; go1.8.7; linux/amd64)"
172.18.0.4 - - [04/May/2019:08:07:09 +0000] "POST /api/v4/jobs/request HTTP/1.1" 204 0 "" "gitlab-runner 11.10.1 (11-10-stable; go1.8.7; linux/amd64)"
192.168.16.88 - - [04/May/2019:08:07:10 +0000] "POST /root/demo-project/pipelines/5/cancel.json HTTP/1.1" 204 0 "http://192.168.16.207/root/demo-project/pipelines/5" "Mozilla/5.0 (Windows NT 10.0; Win64; x64) AppleWebKit/537.36 (KHTML, like Gecko) Chrome/73.0.3683.103 Safari/537.36"
192.168.16.88 - - [04/May/2019:08:07:10 +0000] "GET /root/demo-project/pipelines/5.json HTTP/1.1" 200 1346 "http://192.168.16.207/root/demo-project/pipelines/5" "Mozilla/5.0 (Windows NT 10.0; Win64; x64) AppleWebKit/537.36 (KHTML, like Gecko) Chrome/73.0.3683.103 Safari/537.36"
192.168.16.88 - - [04/May/2019:08:07:10 +0000] "GET /root/demo-project/pipelines/5.json HTTP/1.1" 304 0 "http://192.168.16.207/root/demo-project/pipelines/5" "Mozilla/5.0 (Windows NT 10.0; Win64; x64) AppleWebKit/537.36 (KHTML, like Gecko) Chrome/73.0.3683.103 Safari/537.36"
172.18.0.4 - - [04/May/2019:08:07:12 +0000] "POST /api/v4/jobs/request HTTP/1.1" 204 0 "" "gitlab-runner 11.10.1 (11-10-stable; go1.8.7; linux/amd64)"
192.168.16.88 - - [04/May/2019:08:07:14 +0000] "GET /root/demo-project/pipelines HTTP/1.1" 200 9104 "http://192.168.16.207/root/demo-project/pipelines/5" "Mozilla/5.0 (Windows NT 10.0; Win64; x64) AppleWebKit/537.36 (KHTML, like Gecko) Chrome/73.0.3683.103 Safari/537.36"
192.168.16.88 - - [04/May/2019:08:07:14 +0000] "GET /assets/webpack/pages.projects.pipelines.index.698d2545.chunk.js HTTP/1.1" 200 13007 "http://192.168.16.207/root/demo-project/pipelines" "Mozilla/5.0 (Windows NT 10.0; Win64; x64) AppleWebKit/537.36 (KHTML, like Gecko) Chrome/73.0.3683.103 Safari/537.36"
192.168.16.88 - - [04/May/2019:08:07:14 +0000] "GET /root/demo-project/pipelines.json?scope=all&page=1 HTTP/1.1" 200 2312 "http://192.168.16.207/root/demo-project/pipelines" "Mozilla/5.0 (Windows NT 10.0; Win64; x64) AppleWebKit/537.36 (KHTML, like Gecko) Chrome/73.0.3683.103 Safari/537.36"
172.18.0.4 - - [04/May/2019:08:07:15 +0000] "POST /api/v4/jobs/request HTTP/1.1" 204 0 "" "gitlab-runner 11.10.1 (11-10-stable; go1.8.7; linux/amd64)"
172.18.0.4 - - [04/May/2019:08:07:18 +0000] "POST /api/v4/jobs/request HTTP/1.1" 204 0 "" "gitlab-runner 11.10.1 (11-10-stable; go1.8.7; linux/amd64)"
192.168.16.88 - - [04/May/2019:08:07:19 +0000] "POST /root/demo-project/pipelines/2/cancel.json HTTP/1.1" 204 0 "http://192.168.16.207/root/demo-project/pipelines" "Mozilla/5.0 (Windows NT 10.0; Win64; x64) AppleWebKit/537.36 (KHTML, like Gecko) Chrome/73.0.3683.103 Safari/537.36"
192.168.16.88 - - [04/May/2019:08:07:19 +0000] "GET /root/demo-project/pipelines.json?scope=all&page=1 HTTP/1.1" 304 0 "http://192.168.16.207/root/demo-project/pipelines" "Mozilla/5.0 (Windows NT 10.0; Win64; x64) AppleWebKit/537.36 (KHTML, like Gecko) Chrome/73.0.3683.103 Safari/537.36"
172.18.0.4 - - [04/May/2019:08:07:21 +0000] "POST /api/v4/jobs/request HTTP/1.1" 204 0 "" "gitlab-runner 11.10.1 (11-10-stable; go1.8.7; linux/amd64)"
192.168.16.88 - - [04/May/2019:08:07:21 +0000] "POST /root/demo-project/pipelines/1/cancel.json HTTP/1.1" 204 0 "http://192.168.16.207/root/demo-project/pipelines" "Mozilla/5.0 (Windows NT 10.0; Win64; x64) AppleWebKit/537.36 (KHTML, like Gecko) Chrome/73.0.3683.103 Safari/537.36"
192.168.16.88 - - [04/May/2019:08:07:22 +0000] "GET /root/demo-project/pipelines.json?scope=all&page=1 HTTP/1.1" 200 2193 "http://192.168.16.207/root/demo-project/pipelines" "Mozilla/5.0 (Windows NT 10.0; Win64; x64) AppleWebKit/537.36 (KHTML, like Gecko) Chrome/73.0.3683.103 Safari/537.36"
172.18.0.4 - - [04/May/2019:08:07:24 +0000] "POST /api/v4/jobs/request HTTP/1.1" 204 0 "" "gitlab-runner 11.10.1 (11-10-stable; go1.8.7; linux/amd64)"
192.168.16.88 - - [04/May/2019:08:07:24 +0000] "GET /root/demo-project/pipelines.json?scope=all&page=1 HTTP/1.1" 200 2103 "http://192.168.16.207/root/demo-project/pipelines" "Mozilla/5.0 (Windows NT 10.0; Win64; x64) AppleWebKit/537.36 (KHTML, like Gecko) Chrome/73.0.3683.103 Safari/537.36"
172.18.0.4 - - [04/May/2019:08:07:27 +0000] "POST /api/v4/jobs/request HTTP/1.1" 204 0 "" "gitlab-runner 11.10.1 (11-10-stable; go1.8.7; linux/amd64)"
192.168.16.88 - - [04/May/2019:08:07:27 +0000] "GET /root/demo-project/pipelines.json?scope=branches&page=1 HTTP/1.1" 200 1734 "http://192.168.16.207/root/demo-project/pipelines" "Mozilla/5.0 (Windows NT 10.0; Win64; x64) AppleWebKit/537.36 (KHTML, like Gecko) Chrome/73.0.3683.103 Safari/537.36"
172.18.0.4 - - [04/May/2019:08:07:30 +0000] "POST /api/v4/jobs/request HTTP/1.1" 204 0 "" "gitlab-runner 11.10.1 (11-10-stable; go1.8.7; linux/amd64)"
172.18.0.4 - - [04/May/2019:08:07:33 +0000] "POST /api/v4/jobs/request HTTP/1.1" 204 0 "" "gitlab-runner 11.10.1 (11-10-stable; go1.8.7; linux/amd64)"
192.168.16.88 - - [04/May/2019:08:07:34 +0000] "GET /root/demo-project/pipelines.json?scope=all&page=1 HTTP/1.1" 304 0 "http://192.168.16.207/root/demo-project/pipelines" "Mozilla/5.0 (Windows NT 10.0; Win64; x64) AppleWebKit/537.36 (KHTML, like Gecko) Chrome/73.0.3683.103 Safari/537.36"
172.18.0.4 - - [04/May/2019:08:07:36 +0000] "POST /api/v4/jobs/request HTTP/1.1" 204 0 "" "gitlab-runner 11.10.1 (11-10-stable; go1.8.7; linux/amd64)"
192.168.16.88 - - [04/May/2019:08:07:37 +0000] "POST /root/demo-project/settings/ci_cd/reset_cache.json HTTP/1.1" 200 0 "http://192.168.16.207/root/demo-project/pipelines" "Mozilla/5.0 (Windows NT 10.0; Win64; x64) AppleWebKit/537.36 (KHTML, like Gecko) Chrome/73.0.3683.103 Safari/537.36"
192.168.16.88 - - [04/May/2019:08:07:39 +0000] "GET /root/demo-project HTTP/1.1" 200 22465 "http://192.168.16.207/root/demo-project/pipelines" "Mozilla/5.0 (Windows NT 10.0; Win64; x64) AppleWebKit/537.36 (KHTML, like Gecko) Chrome/73.0.3683.103 Safari/537.36"
172.18.0.4 - - [04/May/2019:08:07:39 +0000] "POST /api/v4/jobs/request HTTP/1.1" 204 0 "" "gitlab-runner 11.10.1 (11-10-stable; go1.8.7; linux/amd64)"
192.168.16.88 - - [04/May/2019:08:07:39 +0000] "GET /root/demo-project/commits/master/signatures HTTP/1.1" 304 0 "http://192.168.16.207/root/demo-project" "Mozilla/5.0 (Windows NT 10.0; Win64; x64) AppleWebKit/537.36 (KHTML, like Gecko) Chrome/73.0.3683.103 Safari/537.36"
192.168.16.88 - - [04/May/2019:08:07:39 +0000] "GET /root/demo-project/refs/master/logs_tree/?format=js HTTP/1.1" 304 0 "http://192.168.16.207/root/demo-project" "Mozilla/5.0 (Windows NT 10.0; Win64; x64) AppleWebKit/537.36 (KHTML, like Gecko) Chrome/73.0.3683.103 Safari/537.36"
192.168.16.88 - - [04/May/2019:08:07:40 +0000] "GET /root/demo-project/refs/master/logs_tree/?offset=25&format=js HTTP/1.1" 304 0 "http://192.168.16.207/root/demo-project" "Mozilla/5.0 (Windows NT 10.0; Win64; x64) AppleWebKit/537.36 (KHTML, like Gecko) Chrome/73.0.3683.103 Safari/537.36"
192.168.16.88 - - [04/May/2019:08:07:40 +0000] "GET /root/demo-project/refs/master/logs_tree/?offset=50&format=js HTTP/1.1" 304 0 "http://192.168.16.207/root/demo-project" "Mozilla/5.0 (Windows NT 10.0; Win64; x64) AppleWebKit/537.36 (KHTML, like Gecko) Chrome/73.0.3683.103 Safari/537.36"
192.168.16.88 - - [04/May/2019:08:07:40 +0000] "GET /root/demo-project/refs/master/logs_tree/?offset=75&format=js HTTP/1.1" 304 0 "http://192.168.16.207/root/demo-project" "Mozilla/5.0 (Windows NT 10.0; Win64; x64) AppleWebKit/537.36 (KHTML, like Gecko) Chrome/73.0.3683.103 Safari/537.36"
192.168.16.88 - - [04/May/2019:08:07:40 +0000] "GET /root/demo-project/refs/master/logs_tree/?offset=100&format=js HTTP/1.1" 304 0 "http://192.168.16.207/root/demo-project" "Mozilla/5.0 (Windows NT 10.0; Win64; x64) AppleWebKit/537.36 (KHTML, like Gecko) Chrome/73.0.3683.103 Safari/537.36"
172.18.0.4 - - [04/May/2019:08:07:42 +0000] "POST /api/v4/jobs/request HTTP/1.1" 204 0 "" "gitlab-runner 11.10.1 (11-10-stable; go1.8.7; linux/amd64)"
172.18.0.4 - - [04/May/2019:08:07:45 +0000] "POST /api/v4/jobs/request HTTP/1.1" 204 0 "" "gitlab-runner 11.10.1 (11-10-stable; go1.8.7; linux/amd64)"
172.18.0.4 - - [04/May/2019:08:07:48 +0000] "POST /api/v4/jobs/request HTTP/1.1" 204 0 "" "gitlab-runner 11.10.1 (11-10-stable; go1.8.7; linux/amd64)"
192.168.16.88 - - [04/May/2019:08:07:50 +0000] "GET /root/demo-project/refs?sort=updated_desc&ref=master&search= HTTP/1.1" 200 157 "http://192.168.16.207/root/demo-project" "Mozilla/5.0 (Windows NT 10.0; Win64; x64) AppleWebKit/537.36 (KHTML, like Gecko) Chrome/73.0.3683.103 Safari/537.36"
172.18.0.4 - - [04/May/2019:08:07:51 +0000] "POST /api/v4/jobs/request HTTP/1.1" 204 0 "" "gitlab-runner 11.10.1 (11-10-stable; go1.8.7; linux/amd64)"
172.18.0.4 - - [04/May/2019:08:07:54 +0000] "POST /api/v4/jobs/request HTTP/1.1" 204 0 "" "gitlab-runner 11.10.1 (11-10-stable; go1.8.7; linux/amd64)"
127.0.0.1 - - [04/May/2019:08:07:55 +0000] "GET /help HTTP/1.1" 200 79454 "" "curl/7.59.0-DEV"
172.18.0.4 - - [04/May/2019:08:07:57 +0000] "POST /api/v4/jobs/request HTTP/1.1" 204 0 "" "gitlab-runner 11.10.1 (11-10-stable; go1.8.7; linux/amd64)"
172.18.0.4 - - [04/May/2019:08:08:00 +0000] "POST /api/v4/jobs/request HTTP/1.1" 204 0 "" "gitlab-runner 11.10.1 (11-10-stable; go1.8.7; linux/amd64)"
172.18.0.4 - - [04/May/2019:08:08:03 +0000] "POST /api/v4/jobs/request HTTP/1.1" 204 0 "" "gitlab-runner 11.10.1 (11-10-stable; go1.8.7; linux/amd64)"
172.18.0.4 - - [04/May/2019:08:08:06 +0000] "POST /api/v4/jobs/request HTTP/1.1" 204 0 "" "gitlab-runner 11.10.1 (11-10-stable; go1.8.7; linux/amd64)"
172.18.0.4 - - [04/May/2019:08:08:09 +0000] "POST /api/v4/jobs/request HTTP/1.1" 204 0 "" "gitlab-runner 11.10.1 (11-10-stable; go1.8.7; linux/amd64)"
172.18.0.4 - - [04/May/2019:08:08:12 +0000] "POST /api/v4/jobs/request HTTP/1.1" 204 0 "" "gitlab-runner 11.10.1 (11-10-stable; go1.8.7; linux/amd64)"
172.18.0.4 - - [04/May/2019:08:08:15 +0000] "POST /api/v4/jobs/request HTTP/1.1" 204 0 "" "gitlab-runner 11.10.1 (11-10-stable; go1.8.7; linux/amd64)"
172.18.0.4 - - [04/May/2019:08:08:18 +0000] "POST /api/v4/jobs/request HTTP/1.1" 204 0 "" "gitlab-runner 11.10.1 (11-10-stable; go1.8.7; linux/amd64)"
172.18.0.4 - - [04/May/2019:08:08:21 +0000] "POST /api/v4/jobs/request HTTP/1.1" 204 0 "" "gitlab-runner 11.10.1 (11-10-stable; go1.8.7; linux/amd64)"
172.18.0.4 - - [04/May/2019:08:08:24 +0000] "POST /api/v4/jobs/request HTTP/1.1" 204 0 "" "gitlab-runner 11.10.1 (11-10-stable; go1.8.7; linux/amd64)"
172.18.0.4 - - [04/May/2019:08:08:27 +0000] "POST /api/v4/jobs/request HTTP/1.1" 204 0 "" "gitlab-runner 11.10.1 (11-10-stable; go1.8.7; linux/amd64)"
172.18.0.4 - - [04/May/2019:08:08:30 +0000] "POST /api/v4/jobs/request HTTP/1.1" 204 0 "" "gitlab-runner 11.10.1 (11-10-stable; go1.8.7; linux/amd64)"
172.18.0.4 - - [04/May/2019:08:08:33 +0000] "POST /api/v4/jobs/request HTTP/1.1" 204 0 "" "gitlab-runner 11.10.1 (11-10-stable; go1.8.7; linux/amd64)"
172.18.0.4 - - [04/May/2019:08:08:36 +0000] "POST /api/v4/jobs/request HTTP/1.1" 204 0 "" "gitlab-runner 11.10.1 (11-10-stable; go1.8.7; linux/amd64)"
172.18.0.4 - - [04/May/2019:08:08:39 +0000] "POST /api/v4/jobs/request HTTP/1.1" 204 0 "" "gitlab-runner 11.10.1 (11-10-stable; go1.8.7; linux/amd64)"
172.18.0.4 - - [04/May/2019:08:08:42 +0000] "POST /api/v4/jobs/request HTTP/1.1" 204 0 "" "gitlab-runner 11.10.1 (11-10-stable; go1.8.7; linux/amd64)"
172.18.0.4 - - [04/May/2019:08:08:45 +0000] "POST /api/v4/jobs/request HTTP/1.1" 204 0 "" "gitlab-runner 11.10.1 (11-10-stable; go1.8.7; linux/amd64)"
172.18.0.4 - - [04/May/2019:08:08:48 +0000] "POST /api/v4/jobs/request HTTP/1.1" 204 0 "" "gitlab-runner 11.10.1 (11-10-stable; go1.8.7; linux/amd64)"
172.18.0.4 - - [04/May/2019:08:08:51 +0000] "POST /api/v4/jobs/request HTTP/1.1" 204 0 "" "gitlab-runner 11.10.1 (11-10-stable; go1.8.7; linux/amd64)"
172.18.0.4 - - [04/May/2019:08:08:54 +0000] "POST /api/v4/jobs/request HTTP/1.1" 204 0 "" "gitlab-runner 11.10.1 (11-10-stable; go1.8.7; linux/amd64)"
127.0.0.1 - - [04/May/2019:08:08:56 +0000] "GET /help HTTP/1.1" 200 79454 "" "curl/7.59.0-DEV"
172.18.0.4 - - [04/May/2019:08:08:57 +0000] "POST /api/v4/jobs/request HTTP/1.1" 204 0 "" "gitlab-runner 11.10.1 (11-10-stable; go1.8.7; linux/amd64)"
172.18.0.4 - - [04/May/2019:08:09:00 +0000] "POST /api/v4/jobs/request HTTP/1.1" 204 0 "" "gitlab-runner 11.10.1 (11-10-stable; go1.8.7; linux/amd64)"
172.18.0.4 - - [04/May/2019:08:09:03 +0000] "POST /api/v4/jobs/request HTTP/1.1" 204 0 "" "gitlab-runner 11.10.1 (11-10-stable; go1.8.7; linux/amd64)"
192.168.16.88 - - [04/May/2019:08:09:03 +0000] "GET /root/demo-project/settings/ci_cd HTTP/1.1" 200 16735 "http://192.168.16.207/root/demo-project" "Mozilla/5.0 (Windows NT 10.0; Win64; x64) AppleWebKit/537.36 (KHTML, like Gecko) Chrome/73.0.3683.103 Safari/537.36"
192.168.16.88 - - [04/May/2019:08:09:03 +0000] "GET /root/demo-project/badges/master/coverage.svg HTTP/1.1" 200 950 "http://192.168.16.207/root/demo-project/settings/ci_cd" "Mozilla/5.0 (Windows NT 10.0; Win64; x64) AppleWebKit/537.36 (KHTML, like Gecko) Chrome/73.0.3683.103 Safari/537.36"
192.168.16.88 - - [04/May/2019:08:09:03 +0000] "GET /root/demo-project/badges/master/pipeline.svg HTTP/1.1" 200 952 "http://192.168.16.207/root/demo-project/settings/ci_cd" "Mozilla/5.0 (Windows NT 10.0; Win64; x64) AppleWebKit/537.36 (KHTML, like Gecko) Chrome/73.0.3683.103 Safari/537.36"
172.18.0.4 - - [04/May/2019:08:09:06 +0000] "POST /api/v4/jobs/request HTTP/1.1" 204 0 "" "gitlab-runner 11.10.1 (11-10-stable; go1.8.7; linux/amd64)"
172.18.0.4 - - [04/May/2019:08:09:09 +0000] "POST /api/v4/jobs/request HTTP/1.1" 204 0 "" "gitlab-runner 11.10.1 (11-10-stable; go1.8.7; linux/amd64)"
192.168.16.88 - - [04/May/2019:08:09:10 +0000] "POST /root/demo-project/settings/ci_cd HTTP/1.1" 302 120 "http://192.168.16.207/root/demo-project/settings/ci_cd" "Mozilla/5.0 (Windows NT 10.0; Win64; x64) AppleWebKit/537.36 (KHTML, like Gecko) Chrome/73.0.3683.103 Safari/537.36"
192.168.16.88 - - [04/May/2019:08:09:10 +0000] "GET /root/demo-project/settings/ci_cd HTTP/1.1" 200 16767 "http://192.168.16.207/root/demo-project/settings/ci_cd" "Mozilla/5.0 (Windows NT 10.0; Win64; x64) AppleWebKit/537.36 (KHTML, like Gecko) Chrome/73.0.3683.103 Safari/537.36"
192.168.16.88 - - [04/May/2019:08:09:10 +0000] "GET /root/demo-project/badges/master/coverage.svg HTTP/1.1" 200 950 "http://192.168.16.207/root/demo-project/settings/ci_cd" "Mozilla/5.0 (Windows NT 10.0; Win64; x64) AppleWebKit/537.36 (KHTML, like Gecko) Chrome/73.0.3683.103 Safari/537.36"
192.168.16.88 - - [04/May/2019:08:09:10 +0000] "GET /root/demo-project/badges/master/pipeline.svg HTTP/1.1" 200 952 "http://192.168.16.207/root/demo-project/settings/ci_cd" "Mozilla/5.0 (Windows NT 10.0; Win64; x64) AppleWebKit/537.36 (KHTML, like Gecko) Chrome/73.0.3683.103 Safari/537.36"
172.18.0.4 - - [04/May/2019:08:09:12 +0000] "POST /api/v4/jobs/request HTTP/1.1" 204 0 "" "gitlab-runner 11.10.1 (11-10-stable; go1.8.7; linux/amd64)"
172.18.0.4 - - [04/May/2019:08:09:15 +0000] "POST /api/v4/jobs/request HTTP/1.1" 204 0 "" "gitlab-runner 11.10.1 (11-10-stable; go1.8.7; linux/amd64)"
192.168.16.88 - - [04/May/2019:08:09:17 +0000] "POST /root/demo-project/runners/toggle_shared_runners HTTP/1.1" 302 140 "http://192.168.16.207/root/demo-project/settings/ci_cd" "Mozilla/5.0 (Windows NT 10.0; Win64; x64) AppleWebKit/537.36 (KHTML, like Gecko) Chrome/73.0.3683.103 Safari/537.36"
192.168.16.88 - - [04/May/2019:08:09:17 +0000] "GET /root/demo-project/settings/ci_cd HTTP/1.1" 200 16717 "http://192.168.16.207/root/demo-project/settings/ci_cd" "Mozilla/5.0 (Windows NT 10.0; Win64; x64) AppleWebKit/537.36 (KHTML, like Gecko) Chrome/73.0.3683.103 Safari/537.36"
192.168.16.88 - - [04/May/2019:08:09:17 +0000] "GET /root/demo-project/badges/master/coverage.svg HTTP/1.1" 200 950 "http://192.168.16.207/root/demo-project/settings/ci_cd" "Mozilla/5.0 (Windows NT 10.0; Win64; x64) AppleWebKit/537.36 (KHTML, like Gecko) Chrome/73.0.3683.103 Safari/537.36"
192.168.16.88 - - [04/May/2019:08:09:17 +0000] "GET /root/demo-project/badges/master/pipeline.svg HTTP/1.1" 200 952 "http://192.168.16.207/root/demo-project/settings/ci_cd" "Mozilla/5.0 (Windows NT 10.0; Win64; x64) AppleWebKit/537.36 (KHTML, like Gecko) Chrome/73.0.3683.103 Safari/537.36"
172.18.0.4 - - [04/May/2019:08:09:18 +0000] "POST /api/v4/jobs/request HTTP/1.1" 204 0 "" "gitlab-runner 11.10.1 (11-10-stable; go1.8.7; linux/amd64)"
172.18.0.4 - - [04/May/2019:08:09:21 +0000] "POST /api/v4/jobs/request HTTP/1.1" 204 0 "" "gitlab-runner 11.10.1 (11-10-stable; go1.8.7; linux/amd64)"
172.18.0.4 - - [04/May/2019:08:09:24 +0000] "POST /api/v4/jobs/request HTTP/1.1" 204 0 "" "gitlab-runner 11.10.1 (11-10-stable; go1.8.7; linux/amd64)"
172.18.0.4 - - [04/May/2019:08:09:27 +0000] "POST /api/v4/jobs/request HTTP/1.1" 204 0 "" "gitlab-runner 11.10.1 (11-10-stable; go1.8.7; linux/amd64)"
172.18.0.4 - - [04/May/2019:08:09:30 +0000] "POST /api/v4/jobs/request HTTP/1.1" 204 0 "" "gitlab-runner 11.10.1 (11-10-stable; go1.8.7; linux/amd64)"
172.18.0.4 - - [04/May/2019:08:09:33 +0000] "POST /api/v4/jobs/request HTTP/1.1" 204 0 "" "gitlab-runner 11.10.1 (11-10-stable; go1.8.7; linux/amd64)"
172.18.0.4 - - [04/May/2019:08:09:36 +0000] "POST /api/v4/jobs/request HTTP/1.1" 204 0 "" "gitlab-runner 11.10.1 (11-10-stable; go1.8.7; linux/amd64)"
192.168.16.88 - - [04/May/2019:08:09:36 +0000] "GET /root/demo-project HTTP/1.1" 200 22274 "http://192.168.16.207/root/demo-project/settings/ci_cd" "Mozilla/5.0 (Windows NT 10.0; Win64; x64) AppleWebKit/537.36 (KHTML, like Gecko) Chrome/73.0.3683.103 Safari/537.36"
192.168.16.88 - - [04/May/2019:08:09:37 +0000] "GET /root/demo-project/commits/master/signatures HTTP/1.1" 304 0 "http://192.168.16.207/root/demo-project" "Mozilla/5.0 (Windows NT 10.0; Win64; x64) AppleWebKit/537.36 (KHTML, like Gecko) Chrome/73.0.3683.103 Safari/537.36"
192.168.16.88 - - [04/May/2019:08:09:37 +0000] "GET /root/demo-project/refs/master/logs_tree/?format=js HTTP/1.1" 304 0 "http://192.168.16.207/root/demo-project" "Mozilla/5.0 (Windows NT 10.0; Win64; x64) AppleWebKit/537.36 (KHTML, like Gecko) Chrome/73.0.3683.103 Safari/537.36"
192.168.16.88 - - [04/May/2019:08:09:37 +0000] "GET /root/demo-project/refs/master/logs_tree/?offset=25&format=js HTTP/1.1" 304 0 "http://192.168.16.207/root/demo-project" "Mozilla/5.0 (Windows NT 10.0; Win64; x64) AppleWebKit/537.36 (KHTML, like Gecko) Chrome/73.0.3683.103 Safari/537.36"
192.168.16.88 - - [04/May/2019:08:09:37 +0000] "GET /root/demo-project/refs/master/logs_tree/?offset=50&format=js HTTP/1.1" 304 0 "http://192.168.16.207/root/demo-project" "Mozilla/5.0 (Windows NT 10.0; Win64; x64) AppleWebKit/537.36 (KHTML, like Gecko) Chrome/73.0.3683.103 Safari/537.36"
192.168.16.88 - - [04/May/2019:08:09:38 +0000] "GET /root/demo-project/refs/master/logs_tree/?offset=75&format=js HTTP/1.1" 304 0 "http://192.168.16.207/root/demo-project" "Mozilla/5.0 (Windows NT 10.0; Win64; x64) AppleWebKit/537.36 (KHTML, like Gecko) Chrome/73.0.3683.103 Safari/537.36"
192.168.16.88 - - [04/May/2019:08:09:38 +0000] "GET /root/demo-project/refs/master/logs_tree/?offset=100&format=js HTTP/1.1" 304 0 "http://192.168.16.207/root/demo-project" "Mozilla/5.0 (Windows NT 10.0; Win64; x64) AppleWebKit/537.36 (KHTML, like Gecko) Chrome/73.0.3683.103 Safari/537.36"
172.18.0.4 - - [04/May/2019:08:09:39 +0000] "POST /api/v4/jobs/request HTTP/1.1" 204 0 "" "gitlab-runner 11.10.1 (11-10-stable; go1.8.7; linux/amd64)"
192.168.16.88 - - [04/May/2019:08:09:40 +0000] "GET /root/demo-project/new/master?commit_message=Add+.gitlab-ci.yml&file_name=.gitlab-ci.yml HTTP/1.1" 200 14314 "http://192.168.16.207/root/demo-project" "Mozilla/5.0 (Windows NT 10.0; Win64; x64) AppleWebKit/537.36 (KHTML, like Gecko) Chrome/73.0.3683.103 Safari/537.36"
