192.168.16.88 - - [04/May/2019:09:05:56 +0000] "GET /favicon.ico HTTP/1.1" 502 2940 "http://192.168.16.207/root/demo-project/-/jobs/28" "Mozilla/5.0 (Windows NT 10.0; Win64; x64) AppleWebKit/537.36 (KHTML, like Gecko) Chrome/73.0.3683.103 Safari/537.36"
192.168.16.88 - - [04/May/2019:09:05:56 +0000] "GET /root/demo-project/-/jobs/28 HTTP/1.1" 502 2940 "" "Mozilla/5.0 (Windows NT 10.0; Win64; x64) AppleWebKit/537.36 (KHTML, like Gecko) Chrome/73.0.3683.103 Safari/537.36"
192.168.16.88 - - [04/May/2019:09:05:56 +0000] "GET /favicon.ico HTTP/1.1" 502 2940 "http://192.168.16.207/root/demo-project/-/jobs/28" "Mozilla/5.0 (Windows NT 10.0; Win64; x64) AppleWebKit/537.36 (KHTML, like Gecko) Chrome/73.0.3683.103 Safari/537.36"
192.168.16.88 - - [04/May/2019:09:05:56 +0000] "GET /root/demo-project/-/jobs/28 HTTP/1.1" 502 2940 "" "Mozilla/5.0 (Windows NT 10.0; Win64; x64) AppleWebKit/537.36 (KHTML, like Gecko) Chrome/73.0.3683.103 Safari/537.36"
192.168.16.88 - - [04/May/2019:09:05:56 +0000] "GET /favicon.ico HTTP/1.1" 502 2940 "http://192.168.16.207/root/demo-project/-/jobs/28" "Mozilla/5.0 (Windows NT 10.0; Win64; x64) AppleWebKit/537.36 (KHTML, like Gecko) Chrome/73.0.3683.103 Safari/537.36"
192.168.16.88 - - [04/May/2019:09:05:56 +0000] "GET /root/demo-project/-/jobs/28 HTTP/1.1" 502 2940 "" "Mozilla/5.0 (Windows NT 10.0; Win64; x64) AppleWebKit/537.36 (KHTML, like Gecko) Chrome/73.0.3683.103 Safari/537.36"
192.168.16.88 - - [04/May/2019:09:05:56 +0000] "GET /favicon.ico HTTP/1.1" 502 2940 "http://192.168.16.207/root/demo-project/-/jobs/28" "Mozilla/5.0 (Windows NT 10.0; Win64; x64) AppleWebKit/537.36 (KHTML, like Gecko) Chrome/73.0.3683.103 Safari/537.36"
192.168.16.88 - - [04/May/2019:09:05:56 +0000] "GET /root/demo-project/-/jobs/28 HTTP/1.1" 502 2940 "" "Mozilla/5.0 (Windows NT 10.0; Win64; x64) AppleWebKit/537.36 (KHTML, like Gecko) Chrome/73.0.3683.103 Safari/537.36"
192.168.16.88 - - [04/May/2019:09:05:56 +0000] "GET /favicon.ico HTTP/1.1" 502 2940 "http://192.168.16.207/root/demo-project/-/jobs/28" "Mozilla/5.0 (Windows NT 10.0; Win64; x64) AppleWebKit/537.36 (KHTML, like Gecko) Chrome/73.0.3683.103 Safari/537.36"
172.18.0.4 - - [04/May/2019:09:05:58 +0000] "POST /api/v4/jobs/request HTTP/1.1" 204 0 "" "gitlab-runner 11.10.1 (11-10-stable; go1.8.7; linux/amd64)"
172.18.0.4 - - [04/May/2019:09:06:01 +0000] "POST /api/v4/jobs/request HTTP/1.1" 204 0 "" "gitlab-runner 11.10.1 (11-10-stable; go1.8.7; linux/amd64)"
192.168.16.88 - - [04/May/2019:09:06:02 +0000] "GET /root/demo-project/-/jobs/28 HTTP/1.1" 200 9060 "" "Mozilla/5.0 (Windows NT 10.0; Win64; x64) AppleWebKit/537.36 (KHTML, like Gecko) Chrome/73.0.3683.103 Safari/537.36"
192.168.16.88 - - [04/May/2019:09:06:02 +0000] "GET /assets/favicon-7901bd695fb93edb07975966062049829afb56cf11511236e61bcf425070e36e.png HTTP/1.1" 200 1611 "http://192.168.16.207/root/demo-project/-/jobs/28" "Mozilla/5.0 (Windows NT 10.0; Win64; x64) AppleWebKit/537.36 (KHTML, like Gecko) Chrome/73.0.3683.103 Safari/537.36"
192.168.16.88 - - [04/May/2019:09:06:02 +0000] "GET /root/demo-project/-/jobs/28/trace.json?state= HTTP/1.1" 200 968 "http://192.168.16.207/root/demo-project/-/jobs/28" "Mozilla/5.0 (Windows NT 10.0; Win64; x64) AppleWebKit/537.36 (KHTML, like Gecko) Chrome/73.0.3683.103 Safari/537.36"
192.168.16.88 - - [04/May/2019:09:06:03 +0000] "GET /root/demo-project/-/jobs/28.json HTTP/1.1" 200 1421 "http://192.168.16.207/root/demo-project/-/jobs/28" "Mozilla/5.0 (Windows NT 10.0; Win64; x64) AppleWebKit/537.36 (KHTML, like Gecko) Chrome/73.0.3683.103 Safari/537.36"
192.168.16.88 - - [04/May/2019:09:06:03 +0000] "GET /root/demo-project/pipelines/7.json HTTP/1.1" 200 1601 "http://192.168.16.207/root/demo-project/-/jobs/28" "Mozilla/5.0 (Windows NT 10.0; Win64; x64) AppleWebKit/537.36 (KHTML, like Gecko) Chrome/73.0.3683.103 Safari/537.36"
192.168.16.88 - - [04/May/2019:09:06:03 +0000] "GET /root/demo-project/pipelines/7/stage.json?stage=codeAnalysis&retried=1 HTTP/1.1" 200 1082 "http://192.168.16.207/root/demo-project/-/jobs/28" "Mozilla/5.0 (Windows NT 10.0; Win64; x64) AppleWebKit/537.36 (KHTML, like Gecko) Chrome/73.0.3683.103 Safari/537.36"
172.18.0.4 - - [04/May/2019:09:06:04 +0000] "POST /api/v4/jobs/request HTTP/1.1" 204 0 "" "gitlab-runner 11.10.1 (11-10-stable; go1.8.7; linux/amd64)"
192.168.16.88 - - [04/May/2019:09:06:07 +0000] "POST /root/demo-project/-/jobs/28/retry HTTP/1.1" 302 115 "http://192.168.16.207/root/demo-project/-/jobs/28" "Mozilla/5.0 (Windows NT 10.0; Win64; x64) AppleWebKit/537.36 (KHTML, like Gecko) Chrome/73.0.3683.103 Safari/537.36"
172.18.0.4 - - [04/May/2019:09:06:08 +0000] "POST /api/v4/jobs/request HTTP/1.1" 201 5363 "" "gitlab-runner 11.10.1 (11-10-stable; go1.8.7; linux/amd64)"
192.168.16.88 - - [04/May/2019:09:06:08 +0000] "GET /root/demo-project/-/jobs/29 HTTP/1.1" 200 9054 "http://192.168.16.207/root/demo-project/-/jobs/28" "Mozilla/5.0 (Windows NT 10.0; Win64; x64) AppleWebKit/537.36 (KHTML, like Gecko) Chrome/73.0.3683.103 Safari/537.36"
192.168.16.88 - - [04/May/2019:09:06:08 +0000] "GET /root/demo-project/-/jobs/29.json HTTP/1.1" 200 1314 "http://192.168.16.207/root/demo-project/-/jobs/29" "Mozilla/5.0 (Windows NT 10.0; Win64; x64) AppleWebKit/537.36 (KHTML, like Gecko) Chrome/73.0.3683.103 Safari/537.36"
192.168.16.88 - - [04/May/2019:09:06:08 +0000] "GET /root/demo-project/-/jobs/29/trace.json?state= HTTP/1.1" 200 45 "http://192.168.16.207/root/demo-project/-/jobs/29" "Mozilla/5.0 (Windows NT 10.0; Win64; x64) AppleWebKit/537.36 (KHTML, like Gecko) Chrome/73.0.3683.103 Safari/537.36"
192.168.16.88 - - [04/May/2019:09:06:08 +0000] "GET /root/demo-project/pipelines/7.json HTTP/1.1" 200 1801 "http://192.168.16.207/root/demo-project/-/jobs/29" "Mozilla/5.0 (Windows NT 10.0; Win64; x64) AppleWebKit/537.36 (KHTML, like Gecko) Chrome/73.0.3683.103 Safari/537.36"
192.168.16.88 - - [04/May/2019:09:06:08 +0000] "GET /root/demo-project/pipelines/7/stage.json?stage=codeAnalysis&retried=1 HTTP/1.1" 200 1269 "http://192.168.16.207/root/demo-project/-/jobs/29" "Mozilla/5.0 (Windows NT 10.0; Win64; x64) AppleWebKit/537.36 (KHTML, like Gecko) Chrome/73.0.3683.103 Safari/537.36"
172.18.0.4 - - [04/May/2019:09:06:11 +0000] "PATCH /api/v4/jobs/29/trace HTTP/1.1" 202 7 "" "gitlab-runner 11.10.1 (11-10-stable; go1.8.7; linux/amd64)"
192.168.16.88 - - [04/May/2019:09:06:12 +0000] "GET /root/demo-project/-/jobs/29/trace.json?state= HTTP/1.1" 200 1543 "http://192.168.16.207/root/demo-project/-/jobs/29" "Mozilla/5.0 (Windows NT 10.0; Win64; x64) AppleWebKit/537.36 (KHTML, like Gecko) Chrome/73.0.3683.103 Safari/537.36"
172.18.0.4 - - [04/May/2019:09:06:13 +0000] "PATCH /api/v4/jobs/29/trace HTTP/1.1" 202 8 "" "gitlab-runner 11.10.1 (11-10-stable; go1.8.7; linux/amd64)"
172.18.0.4 - - [04/May/2019:09:06:14 +0000] "PUT /api/v4/jobs/29 HTTP/1.1" 200 4 "" "gitlab-runner 11.10.1 (11-10-stable; go1.8.7; linux/amd64)"
172.18.0.4 - - [04/May/2019:09:06:14 +0000] "POST /api/v4/jobs/request HTTP/1.1" 204 0 "" "gitlab-runner 11.10.1 (11-10-stable; go1.8.7; linux/amd64)"
192.168.16.88 - - [04/May/2019:09:06:16 +0000] "GET /root/demo-project/-/jobs/29/trace.json?state=eyJvZmZzZXQiOjY0MSwibl9vcGVuX3RhZ3MiOjAsImZnX2NvbG9yIjpudWxsLCJiZ19jb2xvciI6bnVsbCwic3R5bGVfbWFzayI6MH0%3D HTTP/1.1" 200 1220 "http://192.168.16.207/root/demo-project/-/jobs/29" "Mozilla/5.0 (Windows NT 10.0; Win64; x64) AppleWebKit/537.36 (KHTML, like Gecko) Chrome/73.0.3683.103 Safari/537.36"
127.0.0.1 - - [04/May/2019:09:06:16 +0000] "GET /help HTTP/1.1" 200 79438 "" "curl/7.59.0-DEV"
172.18.0.4 - - [04/May/2019:09:06:17 +0000] "POST /api/v4/jobs/request HTTP/1.1" 204 0 "" "gitlab-runner 11.10.1 (11-10-stable; go1.8.7; linux/amd64)"
192.168.16.88 - - [04/May/2019:09:06:18 +0000] "GET /root/demo-project/-/jobs/29.json HTTP/1.1" 200 1424 "http://192.168.16.207/root/demo-project/-/jobs/29" "Mozilla/5.0 (Windows NT 10.0; Win64; x64) AppleWebKit/537.36 (KHTML, like Gecko) Chrome/73.0.3683.103 Safari/537.36"
172.18.0.4 - - [04/May/2019:09:06:20 +0000] "POST /api/v4/jobs/request HTTP/1.1" 204 0 "" "gitlab-runner 11.10.1 (11-10-stable; go1.8.7; linux/amd64)"
172.18.0.4 - - [04/May/2019:09:06:23 +0000] "POST /api/v4/jobs/request HTTP/1.1" 204 0 "" "gitlab-runner 11.10.1 (11-10-stable; go1.8.7; linux/amd64)"
172.18.0.4 - - [04/May/2019:09:06:26 +0000] "POST /api/v4/jobs/request HTTP/1.1" 204 0 "" "gitlab-runner 11.10.1 (11-10-stable; go1.8.7; linux/amd64)"
192.168.16.88 - - [04/May/2019:09:06:28 +0000] "GET /root/demo-project/-/jobs/29.json HTTP/1.1" 304 0 "http://192.168.16.207/root/demo-project/-/jobs/29" "Mozilla/5.0 (Windows NT 10.0; Win64; x64) AppleWebKit/537.36 (KHTML, like Gecko) Chrome/73.0.3683.103 Safari/537.36"
172.18.0.4 - - [04/May/2019:09:06:29 +0000] "POST /api/v4/jobs/request HTTP/1.1" 204 0 "" "gitlab-runner 11.10.1 (11-10-stable; go1.8.7; linux/amd64)"
172.18.0.4 - - [04/May/2019:09:06:32 +0000] "POST /api/v4/jobs/request HTTP/1.1" 204 0 "" "gitlab-runner 11.10.1 (11-10-stable; go1.8.7; linux/amd64)"
172.18.0.4 - - [04/May/2019:09:06:35 +0000] "POST /api/v4/jobs/request HTTP/1.1" 204 0 "" "gitlab-runner 11.10.1 (11-10-stable; go1.8.7; linux/amd64)"
172.18.0.4 - - [04/May/2019:09:06:38 +0000] "POST /api/v4/jobs/request HTTP/1.1" 204 0 "" "gitlab-runner 11.10.1 (11-10-stable; go1.8.7; linux/amd64)"
192.168.16.88 - - [04/May/2019:09:06:39 +0000] "GET /root/demo-project/-/jobs/29.json HTTP/1.1" 304 0 "http://192.168.16.207/root/demo-project/-/jobs/29" "Mozilla/5.0 (Windows NT 10.0; Win64; x64) AppleWebKit/537.36 (KHTML, like Gecko) Chrome/73.0.3683.103 Safari/537.36"
172.18.0.4 - - [04/May/2019:09:06:41 +0000] "POST /api/v4/jobs/request HTTP/1.1" 204 0 "" "gitlab-runner 11.10.1 (11-10-stable; go1.8.7; linux/amd64)"
172.18.0.4 - - [04/May/2019:09:06:44 +0000] "POST /api/v4/jobs/request HTTP/1.1" 204 0 "" "gitlab-runner 11.10.1 (11-10-stable; go1.8.7; linux/amd64)"
172.18.0.4 - - [04/May/2019:09:06:47 +0000] "POST /api/v4/jobs/request HTTP/1.1" 204 0 "" "gitlab-runner 11.10.1 (11-10-stable; go1.8.7; linux/amd64)"
192.168.16.88 - - [04/May/2019:09:06:49 +0000] "GET /root/demo-project/-/jobs/29.json HTTP/1.1" 304 0 "http://192.168.16.207/root/demo-project/-/jobs/29" "Mozilla/5.0 (Windows NT 10.0; Win64; x64) AppleWebKit/537.36 (KHTML, like Gecko) Chrome/73.0.3683.103 Safari/537.36"
172.18.0.4 - - [04/May/2019:09:06:50 +0000] "POST /api/v4/jobs/request HTTP/1.1" 204 0 "" "gitlab-runner 11.10.1 (11-10-stable; go1.8.7; linux/amd64)"
172.18.0.4 - - [04/May/2019:09:06:53 +0000] "POST /api/v4/jobs/request HTTP/1.1" 204 0 "" "gitlab-runner 11.10.1 (11-10-stable; go1.8.7; linux/amd64)"
172.18.0.4 - - [04/May/2019:09:06:56 +0000] "POST /api/v4/jobs/request HTTP/1.1" 204 0 "" "gitlab-runner 11.10.1 (11-10-stable; go1.8.7; linux/amd64)"
172.18.0.4 - - [04/May/2019:09:06:59 +0000] "POST /api/v4/jobs/request HTTP/1.1" 204 0 "" "gitlab-runner 11.10.1 (11-10-stable; go1.8.7; linux/amd64)"
192.168.16.88 - - [04/May/2019:09:06:59 +0000] "GET /root/demo-project/-/jobs/29.json HTTP/1.1" 304 0 "http://192.168.16.207/root/demo-project/-/jobs/29" "Mozilla/5.0 (Windows NT 10.0; Win64; x64) AppleWebKit/537.36 (KHTML, like Gecko) Chrome/73.0.3683.103 Safari/537.36"
172.18.0.4 - - [04/May/2019:09:07:02 +0000] "POST /api/v4/jobs/request HTTP/1.1" 204 0 "" "gitlab-runner 11.10.1 (11-10-stable; go1.8.7; linux/amd64)"
172.18.0.4 - - [04/May/2019:09:07:05 +0000] "POST /api/v4/jobs/request HTTP/1.1" 204 0 "" "gitlab-runner 11.10.1 (11-10-stable; go1.8.7; linux/amd64)"
172.18.0.4 - - [04/May/2019:09:07:08 +0000] "POST /api/v4/jobs/request HTTP/1.1" 204 0 "" "gitlab-runner 11.10.1 (11-10-stable; go1.8.7; linux/amd64)"
192.168.16.88 - - [04/May/2019:09:07:09 +0000] "GET /root/demo-project/-/jobs/29.json HTTP/1.1" 304 0 "http://192.168.16.207/root/demo-project/-/jobs/29" "Mozilla/5.0 (Windows NT 10.0; Win64; x64) AppleWebKit/537.36 (KHTML, like Gecko) Chrome/73.0.3683.103 Safari/537.36"
172.18.0.4 - - [04/May/2019:09:07:11 +0000] "POST /api/v4/jobs/request HTTP/1.1" 204 0 "" "gitlab-runner 11.10.1 (11-10-stable; go1.8.7; linux/amd64)"
172.18.0.4 - - [04/May/2019:09:07:14 +0000] "POST /api/v4/jobs/request HTTP/1.1" 204 0 "" "gitlab-runner 11.10.1 (11-10-stable; go1.8.7; linux/amd64)"
172.18.0.4 - - [04/May/2019:09:07:17 +0000] "POST /api/v4/jobs/request HTTP/1.1" 204 0 "" "gitlab-runner 11.10.1 (11-10-stable; go1.8.7; linux/amd64)"
127.0.0.1 - - [04/May/2019:09:07:17 +0000] "GET /help HTTP/1.1" 200 79438 "" "curl/7.59.0-DEV"
192.168.16.88 - - [04/May/2019:09:07:19 +0000] "GET /root/demo-project/-/jobs/29.json HTTP/1.1" 304 0 "http://192.168.16.207/root/demo-project/-/jobs/29" "Mozilla/5.0 (Windows NT 10.0; Win64; x64) AppleWebKit/537.36 (KHTML, like Gecko) Chrome/73.0.3683.103 Safari/537.36"
172.18.0.4 - - [04/May/2019:09:07:20 +0000] "POST /api/v4/jobs/request HTTP/1.1" 204 0 "" "gitlab-runner 11.10.1 (11-10-stable; go1.8.7; linux/amd64)"
172.18.0.4 - - [04/May/2019:09:07:23 +0000] "POST /api/v4/jobs/request HTTP/1.1" 204 0 "" "gitlab-runner 11.10.1 (11-10-stable; go1.8.7; linux/amd64)"
172.18.0.4 - - [04/May/2019:09:07:26 +0000] "POST /api/v4/jobs/request HTTP/1.1" 204 0 "" "gitlab-runner 11.10.1 (11-10-stable; go1.8.7; linux/amd64)"
172.18.0.4 - - [04/May/2019:09:07:29 +0000] "POST /api/v4/jobs/request HTTP/1.1" 204 0 "" "gitlab-runner 11.10.1 (11-10-stable; go1.8.7; linux/amd64)"
192.168.16.88 - - [04/May/2019:09:07:30 +0000] "GET /root/demo-project/-/jobs/29.json HTTP/1.1" 304 0 "http://192.168.16.207/root/demo-project/-/jobs/29" "Mozilla/5.0 (Windows NT 10.0; Win64; x64) AppleWebKit/537.36 (KHTML, like Gecko) Chrome/73.0.3683.103 Safari/537.36"
172.18.0.4 - - [04/May/2019:09:07:32 +0000] "POST /api/v4/jobs/request HTTP/1.1" 204 0 "" "gitlab-runner 11.10.1 (11-10-stable; go1.8.7; linux/amd64)"
172.18.0.4 - - [04/May/2019:09:07:35 +0000] "POST /api/v4/jobs/request HTTP/1.1" 204 0 "" "gitlab-runner 11.10.1 (11-10-stable; go1.8.7; linux/amd64)"
172.18.0.4 - - [04/May/2019:09:07:38 +0000] "POST /api/v4/jobs/request HTTP/1.1" 204 0 "" "gitlab-runner 11.10.1 (11-10-stable; go1.8.7; linux/amd64)"
192.168.16.88 - - [04/May/2019:09:07:40 +0000] "GET /root/demo-project/-/jobs/29.json HTTP/1.1" 304 0 "http://192.168.16.207/root/demo-project/-/jobs/29" "Mozilla/5.0 (Windows NT 10.0; Win64; x64) AppleWebKit/537.36 (KHTML, like Gecko) Chrome/73.0.3683.103 Safari/537.36"
172.18.0.4 - - [04/May/2019:09:07:41 +0000] "POST /api/v4/jobs/request HTTP/1.1" 204 0 "" "gitlab-runner 11.10.1 (11-10-stable; go1.8.7; linux/amd64)"
172.18.0.4 - - [04/May/2019:09:07:44 +0000] "POST /api/v4/jobs/request HTTP/1.1" 204 0 "" "gitlab-runner 11.10.1 (11-10-stable; go1.8.7; linux/amd64)"
172.18.0.4 - - [04/May/2019:09:07:47 +0000] "POST /api/v4/jobs/request HTTP/1.1" 204 0 "" "gitlab-runner 11.10.1 (11-10-stable; go1.8.7; linux/amd64)"
172.18.0.4 - - [04/May/2019:09:07:50 +0000] "POST /api/v4/jobs/request HTTP/1.1" 204 0 "" "gitlab-runner 11.10.1 (11-10-stable; go1.8.7; linux/amd64)"
192.168.16.88 - - [04/May/2019:09:07:50 +0000] "GET /root/demo-project/-/jobs/29.json HTTP/1.1" 304 0 "http://192.168.16.207/root/demo-project/-/jobs/29" "Mozilla/5.0 (Windows NT 10.0; Win64; x64) AppleWebKit/537.36 (KHTML, like Gecko) Chrome/73.0.3683.103 Safari/537.36"
172.18.0.4 - - [04/May/2019:09:07:53 +0000] "POST /api/v4/jobs/request HTTP/1.1" 204 0 "" "gitlab-runner 11.10.1 (11-10-stable; go1.8.7; linux/amd64)"
172.18.0.4 - - [04/May/2019:09:07:56 +0000] "POST /api/v4/jobs/request HTTP/1.1" 204 0 "" "gitlab-runner 11.10.1 (11-10-stable; go1.8.7; linux/amd64)"
172.18.0.4 - - [04/May/2019:09:07:59 +0000] "POST /api/v4/jobs/request HTTP/1.1" 204 0 "" "gitlab-runner 11.10.1 (11-10-stable; go1.8.7; linux/amd64)"
192.168.16.88 - - [04/May/2019:09:08:00 +0000] "GET /root/demo-project/-/jobs/29.json HTTP/1.1" 304 0 "http://192.168.16.207/root/demo-project/-/jobs/29" "Mozilla/5.0 (Windows NT 10.0; Win64; x64) AppleWebKit/537.36 (KHTML, like Gecko) Chrome/73.0.3683.103 Safari/537.36"
172.18.0.4 - - [04/May/2019:09:08:02 +0000] "POST /api/v4/jobs/request HTTP/1.1" 204 0 "" "gitlab-runner 11.10.1 (11-10-stable; go1.8.7; linux/amd64)"
172.18.0.4 - - [04/May/2019:09:08:05 +0000] "POST /api/v4/jobs/request HTTP/1.1" 204 0 "" "gitlab-runner 11.10.1 (11-10-stable; go1.8.7; linux/amd64)"
172.18.0.4 - - [04/May/2019:09:08:08 +0000] "POST /api/v4/jobs/request HTTP/1.1" 204 0 "" "gitlab-runner 11.10.1 (11-10-stable; go1.8.7; linux/amd64)"
192.168.16.88 - - [04/May/2019:09:08:10 +0000] "GET /root/demo-project/-/jobs/29.json HTTP/1.1" 304 0 "http://192.168.16.207/root/demo-project/-/jobs/29" "Mozilla/5.0 (Windows NT 10.0; Win64; x64) AppleWebKit/537.36 (KHTML, like Gecko) Chrome/73.0.3683.103 Safari/537.36"
172.18.0.4 - - [04/May/2019:09:08:11 +0000] "POST /api/v4/jobs/request HTTP/1.1" 204 0 "" "gitlab-runner 11.10.1 (11-10-stable; go1.8.7; linux/amd64)"
172.18.0.4 - - [04/May/2019:09:08:14 +0000] "POST /api/v4/jobs/request HTTP/1.1" 204 0 "" "gitlab-runner 11.10.1 (11-10-stable; go1.8.7; linux/amd64)"
172.18.0.4 - - [04/May/2019:09:08:17 +0000] "POST /api/v4/jobs/request HTTP/1.1" 204 0 "" "gitlab-runner 11.10.1 (11-10-stable; go1.8.7; linux/amd64)"
127.0.0.1 - - [04/May/2019:09:08:17 +0000] "GET /help HTTP/1.1" 200 79438 "" "curl/7.59.0-DEV"
172.18.0.4 - - [04/May/2019:09:08:20 +0000] "POST /api/v4/jobs/request HTTP/1.1" 204 0 "" "gitlab-runner 11.10.1 (11-10-stable; go1.8.7; linux/amd64)"
192.168.16.88 - - [04/May/2019:09:08:20 +0000] "GET /root/demo-project/-/jobs/29.json HTTP/1.1" 304 0 "http://192.168.16.207/root/demo-project/-/jobs/29" "Mozilla/5.0 (Windows NT 10.0; Win64; x64) AppleWebKit/537.36 (KHTML, like Gecko) Chrome/73.0.3683.103 Safari/537.36"
172.18.0.4 - - [04/May/2019:09:08:23 +0000] "POST /api/v4/jobs/request HTTP/1.1" 204 0 "" "gitlab-runner 11.10.1 (11-10-stable; go1.8.7; linux/amd64)"
172.18.0.4 - - [04/May/2019:09:08:26 +0000] "POST /api/v4/jobs/request HTTP/1.1" 204 0 "" "gitlab-runner 11.10.1 (11-10-stable; go1.8.7; linux/amd64)"
172.18.0.4 - - [04/May/2019:09:08:29 +0000] "POST /api/v4/jobs/request HTTP/1.1" 204 0 "" "gitlab-runner 11.10.1 (11-10-stable; go1.8.7; linux/amd64)"
192.168.16.88 - - [04/May/2019:09:08:30 +0000] "GET /root/demo-project/-/jobs/29.json HTTP/1.1" 304 0 "http://192.168.16.207/root/demo-project/-/jobs/29" "Mozilla/5.0 (Windows NT 10.0; Win64; x64) AppleWebKit/537.36 (KHTML, like Gecko) Chrome/73.0.3683.103 Safari/537.36"
172.18.0.4 - - [04/May/2019:09:08:32 +0000] "POST /api/v4/jobs/request HTTP/1.1" 204 0 "" "gitlab-runner 11.10.1 (11-10-stable; go1.8.7; linux/amd64)"
172.18.0.4 - - [04/May/2019:09:08:35 +0000] "POST /api/v4/jobs/request HTTP/1.1" 204 0 "" "gitlab-runner 11.10.1 (11-10-stable; go1.8.7; linux/amd64)"
172.18.0.4 - - [04/May/2019:09:08:38 +0000] "POST /api/v4/jobs/request HTTP/1.1" 204 0 "" "gitlab-runner 11.10.1 (11-10-stable; go1.8.7; linux/amd64)"
192.168.16.88 - - [04/May/2019:09:08:41 +0000] "GET /root/demo-project/-/jobs/29.json HTTP/1.1" 304 0 "http://192.168.16.207/root/demo-project/-/jobs/29" "Mozilla/5.0 (Windows NT 10.0; Win64; x64) AppleWebKit/537.36 (KHTML, like Gecko) Chrome/73.0.3683.103 Safari/537.36"
172.18.0.4 - - [04/May/2019:09:08:41 +0000] "POST /api/v4/jobs/request HTTP/1.1" 204 0 "" "gitlab-runner 11.10.1 (11-10-stable; go1.8.7; linux/amd64)"
172.18.0.4 - - [04/May/2019:09:08:44 +0000] "POST /api/v4/jobs/request HTTP/1.1" 204 0 "" "gitlab-runner 11.10.1 (11-10-stable; go1.8.7; linux/amd64)"
172.18.0.4 - - [04/May/2019:09:08:47 +0000] "POST /api/v4/jobs/request HTTP/1.1" 204 0 "" "gitlab-runner 11.10.1 (11-10-stable; go1.8.7; linux/amd64)"
172.18.0.4 - - [04/May/2019:09:08:50 +0000] "POST /api/v4/jobs/request HTTP/1.1" 204 0 "" "gitlab-runner 11.10.1 (11-10-stable; go1.8.7; linux/amd64)"
172.18.0.4 - - [04/May/2019:09:08:53 +0000] "POST /api/v4/jobs/request HTTP/1.1" 204 0 "" "gitlab-runner 11.10.1 (11-10-stable; go1.8.7; linux/amd64)"
172.18.0.4 - - [04/May/2019:09:08:56 +0000] "POST /api/v4/jobs/request HTTP/1.1" 204 0 "" "gitlab-runner 11.10.1 (11-10-stable; go1.8.7; linux/amd64)"
172.18.0.4 - - [04/May/2019:09:08:59 +0000] "POST /api/v4/jobs/request HTTP/1.1" 204 0 "" "gitlab-runner 11.10.1 (11-10-stable; go1.8.7; linux/amd64)"
172.18.0.4 - - [04/May/2019:09:09:02 +0000] "POST /api/v4/jobs/request HTTP/1.1" 204 0 "" "gitlab-runner 11.10.1 (11-10-stable; go1.8.7; linux/amd64)"
172.18.0.4 - - [04/May/2019:09:09:05 +0000] "POST /api/v4/jobs/request HTTP/1.1" 204 0 "" "gitlab-runner 11.10.1 (11-10-stable; go1.8.7; linux/amd64)"
172.18.0.4 - - [04/May/2019:09:09:08 +0000] "POST /api/v4/jobs/request HTTP/1.1" 204 0 "" "gitlab-runner 11.10.1 (11-10-stable; go1.8.7; linux/amd64)"
172.18.0.4 - - [04/May/2019:09:09:11 +0000] "POST /api/v4/jobs/request HTTP/1.1" 204 0 "" "gitlab-runner 11.10.1 (11-10-stable; go1.8.7; linux/amd64)"
172.18.0.4 - - [04/May/2019:09:09:14 +0000] "POST /api/v4/jobs/request HTTP/1.1" 204 0 "" "gitlab-runner 11.10.1 (11-10-stable; go1.8.7; linux/amd64)"
172.18.0.4 - - [04/May/2019:09:09:17 +0000] "POST /api/v4/jobs/request HTTP/1.1" 204 0 "" "gitlab-runner 11.10.1 (11-10-stable; go1.8.7; linux/amd64)"
127.0.0.1 - - [04/May/2019:09:09:18 +0000] "GET /help HTTP/1.1" 200 79438 "" "curl/7.59.0-DEV"
172.18.0.4 - - [04/May/2019:09:09:20 +0000] "POST /api/v4/jobs/request HTTP/1.1" 204 0 "" "gitlab-runner 11.10.1 (11-10-stable; go1.8.7; linux/amd64)"
172.18.0.4 - - [04/May/2019:09:09:23 +0000] "POST /api/v4/jobs/request HTTP/1.1" 204 0 "" "gitlab-runner 11.10.1 (11-10-stable; go1.8.7; linux/amd64)"
172.18.0.4 - - [04/May/2019:09:09:26 +0000] "POST /api/v4/jobs/request HTTP/1.1" 204 0 "" "gitlab-runner 11.10.1 (11-10-stable; go1.8.7; linux/amd64)"
172.18.0.4 - - [04/May/2019:09:09:29 +0000] "POST /api/v4/jobs/request HTTP/1.1" 204 0 "" "gitlab-runner 11.10.1 (11-10-stable; go1.8.7; linux/amd64)"
172.18.0.4 - - [04/May/2019:09:09:32 +0000] "POST /api/v4/jobs/request HTTP/1.1" 204 0 "" "gitlab-runner 11.10.1 (11-10-stable; go1.8.7; linux/amd64)"
172.18.0.4 - - [04/May/2019:09:09:35 +0000] "POST /api/v4/jobs/request HTTP/1.1" 204 0 "" "gitlab-runner 11.10.1 (11-10-stable; go1.8.7; linux/amd64)"
172.18.0.4 - - [04/May/2019:09:09:38 +0000] "POST /api/v4/jobs/request HTTP/1.1" 204 0 "" "gitlab-runner 11.10.1 (11-10-stable; go1.8.7; linux/amd64)"
172.18.0.4 - - [04/May/2019:09:09:41 +0000] "POST /api/v4/jobs/request HTTP/1.1" 204 0 "" "gitlab-runner 11.10.1 (11-10-stable; go1.8.7; linux/amd64)"
172.18.0.4 - - [04/May/2019:09:09:44 +0000] "POST /api/v4/jobs/request HTTP/1.1" 204 0 "" "gitlab-runner 11.10.1 (11-10-stable; go1.8.7; linux/amd64)"
172.18.0.4 - - [04/May/2019:09:09:47 +0000] "POST /api/v4/jobs/request HTTP/1.1" 204 0 "" "gitlab-runner 11.10.1 (11-10-stable; go1.8.7; linux/amd64)"
172.18.0.4 - - [04/May/2019:09:09:50 +0000] "POST /api/v4/jobs/request HTTP/1.1" 204 0 "" "gitlab-runner 11.10.1 (11-10-stable; go1.8.7; linux/amd64)"
172.18.0.4 - - [04/May/2019:09:09:53 +0000] "POST /api/v4/jobs/request HTTP/1.1" 204 0 "" "gitlab-runner 11.10.1 (11-10-stable; go1.8.7; linux/amd64)"
172.18.0.4 - - [04/May/2019:09:09:56 +0000] "POST /api/v4/jobs/request HTTP/1.1" 204 0 "" "gitlab-runner 11.10.1 (11-10-stable; go1.8.7; linux/amd64)"
172.18.0.4 - - [04/May/2019:09:09:59 +0000] "POST /api/v4/jobs/request HTTP/1.1" 204 0 "" "gitlab-runner 11.10.1 (11-10-stable; go1.8.7; linux/amd64)"
172.18.0.4 - - [04/May/2019:09:10:02 +0000] "POST /api/v4/jobs/request HTTP/1.1" 204 0 "" "gitlab-runner 11.10.1 (11-10-stable; go1.8.7; linux/amd64)"
172.18.0.4 - - [04/May/2019:09:10:05 +0000] "POST /api/v4/jobs/request HTTP/1.1" 204 0 "" "gitlab-runner 11.10.1 (11-10-stable; go1.8.7; linux/amd64)"
172.18.0.4 - - [04/May/2019:09:10:08 +0000] "POST /api/v4/jobs/request HTTP/1.1" 204 0 "" "gitlab-runner 11.10.1 (11-10-stable; go1.8.7; linux/amd64)"
172.18.0.4 - - [04/May/2019:09:10:11 +0000] "POST /api/v4/jobs/request HTTP/1.1" 204 0 "" "gitlab-runner 11.10.1 (11-10-stable; go1.8.7; linux/amd64)"
172.18.0.4 - - [04/May/2019:09:10:14 +0000] "POST /api/v4/jobs/request HTTP/1.1" 204 0 "" "gitlab-runner 11.10.1 (11-10-stable; go1.8.7; linux/amd64)"
172.18.0.4 - - [04/May/2019:09:10:17 +0000] "POST /api/v4/jobs/request HTTP/1.1" 204 0 "" "gitlab-runner 11.10.1 (11-10-stable; go1.8.7; linux/amd64)"
127.0.0.1 - - [04/May/2019:09:10:19 +0000] "GET /help HTTP/1.1" 200 79438 "" "curl/7.59.0-DEV"
172.18.0.4 - - [04/May/2019:09:10:20 +0000] "POST /api/v4/jobs/request HTTP/1.1" 204 0 "" "gitlab-runner 11.10.1 (11-10-stable; go1.8.7; linux/amd64)"
172.18.0.4 - - [04/May/2019:09:10:23 +0000] "POST /api/v4/jobs/request HTTP/1.1" 204 0 "" "gitlab-runner 11.10.1 (11-10-stable; go1.8.7; linux/amd64)"
172.18.0.4 - - [04/May/2019:09:10:26 +0000] "POST /api/v4/jobs/request HTTP/1.1" 204 0 "" "gitlab-runner 11.10.1 (11-10-stable; go1.8.7; linux/amd64)"
172.18.0.4 - - [04/May/2019:09:10:29 +0000] "POST /api/v4/jobs/request HTTP/1.1" 204 0 "" "gitlab-runner 11.10.1 (11-10-stable; go1.8.7; linux/amd64)"
172.18.0.4 - - [04/May/2019:09:10:32 +0000] "POST /api/v4/jobs/request HTTP/1.1" 204 0 "" "gitlab-runner 11.10.1 (11-10-stable; go1.8.7; linux/amd64)"
172.18.0.4 - - [04/May/2019:09:10:35 +0000] "POST /api/v4/jobs/request HTTP/1.1" 204 0 "" "gitlab-runner 11.10.1 (11-10-stable; go1.8.7; linux/amd64)"
172.18.0.4 - - [04/May/2019:09:10:38 +0000] "POST /api/v4/jobs/request HTTP/1.1" 204 0 "" "gitlab-runner 11.10.1 (11-10-stable; go1.8.7; linux/amd64)"
172.18.0.4 - - [04/May/2019:09:10:41 +0000] "POST /api/v4/jobs/request HTTP/1.1" 204 0 "" "gitlab-runner 11.10.1 (11-10-stable; go1.8.7; linux/amd64)"
172.18.0.4 - - [04/May/2019:09:10:44 +0000] "POST /api/v4/jobs/request HTTP/1.1" 204 0 "" "gitlab-runner 11.10.1 (11-10-stable; go1.8.7; linux/amd64)"
172.18.0.4 - - [04/May/2019:09:10:47 +0000] "POST /api/v4/jobs/request HTTP/1.1" 204 0 "" "gitlab-runner 11.10.1 (11-10-stable; go1.8.7; linux/amd64)"
172.18.0.4 - - [04/May/2019:09:10:50 +0000] "POST /api/v4/jobs/request HTTP/1.1" 204 0 "" "gitlab-runner 11.10.1 (11-10-stable; go1.8.7; linux/amd64)"
172.18.0.4 - - [04/May/2019:09:10:53 +0000] "POST /api/v4/jobs/request HTTP/1.1" 204 0 "" "gitlab-runner 11.10.1 (11-10-stable; go1.8.7; linux/amd64)"
172.18.0.4 - - [04/May/2019:09:10:56 +0000] "POST /api/v4/jobs/request HTTP/1.1" 204 0 "" "gitlab-runner 11.10.1 (11-10-stable; go1.8.7; linux/amd64)"
172.18.0.4 - - [04/May/2019:09:10:59 +0000] "POST /api/v4/jobs/request HTTP/1.1" 204 0 "" "gitlab-runner 11.10.1 (11-10-stable; go1.8.7; linux/amd64)"
172.18.0.4 - - [04/May/2019:09:11:02 +0000] "POST /api/v4/jobs/request HTTP/1.1" 204 0 "" "gitlab-runner 11.10.1 (11-10-stable; go1.8.7; linux/amd64)"
192.168.16.166 - - [04/May/2019:09:11:02 +0000] "GET /root/demo-project/info/refs?service=git-upload-pack HTTP/1.1" 301 143 "" "git/2.21.0.windows.1"
192.168.16.166 - - [04/May/2019:09:11:02 +0000] "GET /root/demo-project.git/info/refs?service=git-upload-pack HTTP/1.1" 401 26 "" "git/2.21.0.windows.1"
192.168.16.166 - root [04/May/2019:09:11:03 +0000] "GET /root/demo-project.git/info/refs?service=git-upload-pack HTTP/1.1" 200 1597 "" "git/2.21.0.windows.1"
172.18.0.4 - - [04/May/2019:09:11:05 +0000] "POST /api/v4/jobs/request HTTP/1.1" 204 0 "" "gitlab-runner 11.10.1 (11-10-stable; go1.8.7; linux/amd64)"
172.18.0.4 - - [04/May/2019:09:11:08 +0000] "POST /api/v4/jobs/request HTTP/1.1" 204 0 "" "gitlab-runner 11.10.1 (11-10-stable; go1.8.7; linux/amd64)"
172.18.0.4 - - [04/May/2019:09:11:11 +0000] "POST /api/v4/jobs/request HTTP/1.1" 204 0 "" "gitlab-runner 11.10.1 (11-10-stable; go1.8.7; linux/amd64)"
172.18.0.4 - - [04/May/2019:09:11:14 +0000] "POST /api/v4/jobs/request HTTP/1.1" 204 0 "" "gitlab-runner 11.10.1 (11-10-stable; go1.8.7; linux/amd64)"
172.18.0.4 - - [04/May/2019:09:11:17 +0000] "POST /api/v4/jobs/request HTTP/1.1" 204 0 "" "gitlab-runner 11.10.1 (11-10-stable; go1.8.7; linux/amd64)"
127.0.0.1 - - [04/May/2019:09:11:19 +0000] "GET /help HTTP/1.1" 200 79438 "" "curl/7.59.0-DEV"
172.18.0.4 - - [04/May/2019:09:11:20 +0000] "POST /api/v4/jobs/request HTTP/1.1" 204 0 "" "gitlab-runner 11.10.1 (11-10-stable; go1.8.7; linux/amd64)"
172.18.0.4 - - [04/May/2019:09:11:23 +0000] "POST /api/v4/jobs/request HTTP/1.1" 204 0 "" "gitlab-runner 11.10.1 (11-10-stable; go1.8.7; linux/amd64)"
172.18.0.4 - - [04/May/2019:09:11:26 +0000] "POST /api/v4/jobs/request HTTP/1.1" 204 0 "" "gitlab-runner 11.10.1 (11-10-stable; go1.8.7; linux/amd64)"
172.18.0.4 - - [04/May/2019:09:11:29 +0000] "POST /api/v4/jobs/request HTTP/1.1" 204 0 "" "gitlab-runner 11.10.1 (11-10-stable; go1.8.7; linux/amd64)"
172.18.0.4 - - [04/May/2019:09:11:32 +0000] "POST /api/v4/jobs/request HTTP/1.1" 204 0 "" "gitlab-runner 11.10.1 (11-10-stable; go1.8.7; linux/amd64)"
172.18.0.4 - - [04/May/2019:09:11:35 +0000] "POST /api/v4/jobs/request HTTP/1.1" 204 0 "" "gitlab-runner 11.10.1 (11-10-stable; go1.8.7; linux/amd64)"
172.18.0.4 - - [04/May/2019:09:11:38 +0000] "POST /api/v4/jobs/request HTTP/1.1" 204 0 "" "gitlab-runner 11.10.1 (11-10-stable; go1.8.7; linux/amd64)"
172.18.0.4 - - [04/May/2019:09:11:41 +0000] "POST /api/v4/jobs/request HTTP/1.1" 204 0 "" "gitlab-runner 11.10.1 (11-10-stable; go1.8.7; linux/amd64)"
172.18.0.4 - - [04/May/2019:09:11:44 +0000] "POST /api/v4/jobs/request HTTP/1.1" 204 0 "" "gitlab-runner 11.10.1 (11-10-stable; go1.8.7; linux/amd64)"
172.18.0.4 - - [04/May/2019:09:11:47 +0000] "POST /api/v4/jobs/request HTTP/1.1" 204 0 "" "gitlab-runner 11.10.1 (11-10-stable; go1.8.7; linux/amd64)"
172.18.0.4 - - [04/May/2019:09:11:50 +0000] "POST /api/v4/jobs/request HTTP/1.1" 204 0 "" "gitlab-runner 11.10.1 (11-10-stable; go1.8.7; linux/amd64)"
172.18.0.4 - - [04/May/2019:09:11:53 +0000] "POST /api/v4/jobs/request HTTP/1.1" 204 0 "" "gitlab-runner 11.10.1 (11-10-stable; go1.8.7; linux/amd64)"
172.18.0.4 - - [04/May/2019:09:11:56 +0000] "POST /api/v4/jobs/request HTTP/1.1" 204 0 "" "gitlab-runner 11.10.1 (11-10-stable; go1.8.7; linux/amd64)"
172.18.0.4 - - [04/May/2019:09:11:59 +0000] "POST /api/v4/jobs/request HTTP/1.1" 204 0 "" "gitlab-runner 11.10.1 (11-10-stable; go1.8.7; linux/amd64)"
172.18.0.4 - - [04/May/2019:09:12:02 +0000] "POST /api/v4/jobs/request HTTP/1.1" 204 0 "" "gitlab-runner 11.10.1 (11-10-stable; go1.8.7; linux/amd64)"
172.18.0.4 - - [04/May/2019:09:12:05 +0000] "POST /api/v4/jobs/request HTTP/1.1" 204 0 "" "gitlab-runner 11.10.1 (11-10-stable; go1.8.7; linux/amd64)"
172.18.0.4 - - [04/May/2019:09:12:08 +0000] "POST /api/v4/jobs/request HTTP/1.1" 204 0 "" "gitlab-runner 11.10.1 (11-10-stable; go1.8.7; linux/amd64)"
172.18.0.4 - - [04/May/2019:09:12:11 +0000] "POST /api/v4/jobs/request HTTP/1.1" 204 0 "" "gitlab-runner 11.10.1 (11-10-stable; go1.8.7; linux/amd64)"
172.18.0.4 - - [04/May/2019:09:12:14 +0000] "POST /api/v4/jobs/request HTTP/1.1" 204 0 "" "gitlab-runner 11.10.1 (11-10-stable; go1.8.7; linux/amd64)"
172.18.0.4 - - [04/May/2019:09:12:17 +0000] "POST /api/v4/jobs/request HTTP/1.1" 204 0 "" "gitlab-runner 11.10.1 (11-10-stable; go1.8.7; linux/amd64)"
127.0.0.1 - - [04/May/2019:09:12:19 +0000] "GET /help HTTP/1.1" 200 79438 "" "curl/7.59.0-DEV"
172.18.0.4 - - [04/May/2019:09:12:20 +0000] "POST /api/v4/jobs/request HTTP/1.1" 204 0 "" "gitlab-runner 11.10.1 (11-10-stable; go1.8.7; linux/amd64)"
172.18.0.4 - - [04/May/2019:09:12:23 +0000] "POST /api/v4/jobs/request HTTP/1.1" 204 0 "" "gitlab-runner 11.10.1 (11-10-stable; go1.8.7; linux/amd64)"
172.18.0.4 - - [04/May/2019:09:12:26 +0000] "POST /api/v4/jobs/request HTTP/1.1" 204 0 "" "gitlab-runner 11.10.1 (11-10-stable; go1.8.7; linux/amd64)"
172.18.0.4 - - [04/May/2019:09:12:29 +0000] "POST /api/v4/jobs/request HTTP/1.1" 204 0 "" "gitlab-runner 11.10.1 (11-10-stable; go1.8.7; linux/amd64)"
172.18.0.4 - - [04/May/2019:09:12:32 +0000] "POST /api/v4/jobs/request HTTP/1.1" 204 0 "" "gitlab-runner 11.10.1 (11-10-stable; go1.8.7; linux/amd64)"
172.18.0.4 - - [04/May/2019:09:12:35 +0000] "POST /api/v4/jobs/request HTTP/1.1" 204 0 "" "gitlab-runner 11.10.1 (11-10-stable; go1.8.7; linux/amd64)"
172.18.0.4 - - [04/May/2019:09:12:38 +0000] "POST /api/v4/jobs/request HTTP/1.1" 204 0 "" "gitlab-runner 11.10.1 (11-10-stable; go1.8.7; linux/amd64)"
172.18.0.4 - - [04/May/2019:09:12:41 +0000] "POST /api/v4/jobs/request HTTP/1.1" 204 0 "" "gitlab-runner 11.10.1 (11-10-stable; go1.8.7; linux/amd64)"
172.18.0.4 - - [04/May/2019:09:12:44 +0000] "POST /api/v4/jobs/request HTTP/1.1" 204 0 "" "gitlab-runner 11.10.1 (11-10-stable; go1.8.7; linux/amd64)"
172.18.0.4 - - [04/May/2019:09:12:47 +0000] "POST /api/v4/jobs/request HTTP/1.1" 204 0 "" "gitlab-runner 11.10.1 (11-10-stable; go1.8.7; linux/amd64)"
172.18.0.4 - - [04/May/2019:09:12:50 +0000] "POST /api/v4/jobs/request HTTP/1.1" 204 0 "" "gitlab-runner 11.10.1 (11-10-stable; go1.8.7; linux/amd64)"
172.18.0.4 - - [04/May/2019:09:12:53 +0000] "POST /api/v4/jobs/request HTTP/1.1" 204 0 "" "gitlab-runner 11.10.1 (11-10-stable; go1.8.7; linux/amd64)"
172.18.0.4 - - [04/May/2019:09:12:56 +0000] "POST /api/v4/jobs/request HTTP/1.1" 204 0 "" "gitlab-runner 11.10.1 (11-10-stable; go1.8.7; linux/amd64)"
172.18.0.4 - - [04/May/2019:09:12:59 +0000] "POST /api/v4/jobs/request HTTP/1.1" 204 0 "" "gitlab-runner 11.10.1 (11-10-stable; go1.8.7; linux/amd64)"
172.18.0.4 - - [04/May/2019:09:13:02 +0000] "POST /api/v4/jobs/request HTTP/1.1" 204 0 "" "gitlab-runner 11.10.1 (11-10-stable; go1.8.7; linux/amd64)"
172.18.0.4 - - [04/May/2019:09:13:05 +0000] "POST /api/v4/jobs/request HTTP/1.1" 204 0 "" "gitlab-runner 11.10.1 (11-10-stable; go1.8.7; linux/amd64)"
172.18.0.4 - - [04/May/2019:09:13:08 +0000] "POST /api/v4/jobs/request HTTP/1.1" 204 0 "" "gitlab-runner 11.10.1 (11-10-stable; go1.8.7; linux/amd64)"
172.18.0.4 - - [04/May/2019:09:13:11 +0000] "POST /api/v4/jobs/request HTTP/1.1" 204 0 "" "gitlab-runner 11.10.1 (11-10-stable; go1.8.7; linux/amd64)"
172.18.0.4 - - [04/May/2019:09:13:14 +0000] "POST /api/v4/jobs/request HTTP/1.1" 204 0 "" "gitlab-runner 11.10.1 (11-10-stable; go1.8.7; linux/amd64)"
172.18.0.4 - - [04/May/2019:09:13:17 +0000] "POST /api/v4/jobs/request HTTP/1.1" 204 0 "" "gitlab-runner 11.10.1 (11-10-stable; go1.8.7; linux/amd64)"
172.18.0.4 - - [04/May/2019:09:13:20 +0000] "POST /api/v4/jobs/request HTTP/1.1" 204 0 "" "gitlab-runner 11.10.1 (11-10-stable; go1.8.7; linux/amd64)"
127.0.0.1 - - [04/May/2019:09:13:20 +0000] "GET /help HTTP/1.1" 200 79438 "" "curl/7.59.0-DEV"
172.18.0.4 - - [04/May/2019:09:13:23 +0000] "POST /api/v4/jobs/request HTTP/1.1" 204 0 "" "gitlab-runner 11.10.1 (11-10-stable; go1.8.7; linux/amd64)"
172.18.0.4 - - [04/May/2019:09:13:26 +0000] "POST /api/v4/jobs/request HTTP/1.1" 204 0 "" "gitlab-runner 11.10.1 (11-10-stable; go1.8.7; linux/amd64)"
172.18.0.4 - - [04/May/2019:09:13:29 +0000] "POST /api/v4/jobs/request HTTP/1.1" 204 0 "" "gitlab-runner 11.10.1 (11-10-stable; go1.8.7; linux/amd64)"
172.18.0.4 - - [04/May/2019:09:13:32 +0000] "POST /api/v4/jobs/request HTTP/1.1" 204 0 "" "gitlab-runner 11.10.1 (11-10-stable; go1.8.7; linux/amd64)"
172.18.0.4 - - [04/May/2019:09:13:35 +0000] "POST /api/v4/jobs/request HTTP/1.1" 204 0 "" "gitlab-runner 11.10.1 (11-10-stable; go1.8.7; linux/amd64)"
172.18.0.4 - - [04/May/2019:09:13:38 +0000] "POST /api/v4/jobs/request HTTP/1.1" 204 0 "" "gitlab-runner 11.10.1 (11-10-stable; go1.8.7; linux/amd64)"
172.18.0.4 - - [04/May/2019:09:13:41 +0000] "POST /api/v4/jobs/request HTTP/1.1" 204 0 "" "gitlab-runner 11.10.1 (11-10-stable; go1.8.7; linux/amd64)"
172.18.0.4 - - [04/May/2019:09:13:44 +0000] "POST /api/v4/jobs/request HTTP/1.1" 204 0 "" "gitlab-runner 11.10.1 (11-10-stable; go1.8.7; linux/amd64)"
172.18.0.4 - - [04/May/2019:09:13:47 +0000] "POST /api/v4/jobs/request HTTP/1.1" 204 0 "" "gitlab-runner 11.10.1 (11-10-stable; go1.8.7; linux/amd64)"
172.18.0.4 - - [04/May/2019:09:13:50 +0000] "POST /api/v4/jobs/request HTTP/1.1" 204 0 "" "gitlab-runner 11.10.1 (11-10-stable; go1.8.7; linux/amd64)"
172.18.0.4 - - [04/May/2019:09:13:53 +0000] "POST /api/v4/jobs/request HTTP/1.1" 204 0 "" "gitlab-runner 11.10.1 (11-10-stable; go1.8.7; linux/amd64)"
172.18.0.4 - - [04/May/2019:09:13:56 +0000] "POST /api/v4/jobs/request HTTP/1.1" 204 0 "" "gitlab-runner 11.10.1 (11-10-stable; go1.8.7; linux/amd64)"
172.18.0.4 - - [04/May/2019:09:13:59 +0000] "POST /api/v4/jobs/request HTTP/1.1" 204 0 "" "gitlab-runner 11.10.1 (11-10-stable; go1.8.7; linux/amd64)"
172.18.0.4 - - [04/May/2019:09:14:02 +0000] "POST /api/v4/jobs/request HTTP/1.1" 204 0 "" "gitlab-runner 11.10.1 (11-10-stable; go1.8.7; linux/amd64)"
172.18.0.4 - - [04/May/2019:09:14:05 +0000] "POST /api/v4/jobs/request HTTP/1.1" 204 0 "" "gitlab-runner 11.10.1 (11-10-stable; go1.8.7; linux/amd64)"
172.18.0.4 - - [04/May/2019:09:14:08 +0000] "POST /api/v4/jobs/request HTTP/1.1" 204 0 "" "gitlab-runner 11.10.1 (11-10-stable; go1.8.7; linux/amd64)"
172.18.0.4 - - [04/May/2019:09:14:11 +0000] "POST /api/v4/jobs/request HTTP/1.1" 204 0 "" "gitlab-runner 11.10.1 (11-10-stable; go1.8.7; linux/amd64)"
172.18.0.4 - - [04/May/2019:09:14:14 +0000] "POST /api/v4/jobs/request HTTP/1.1" 204 0 "" "gitlab-runner 11.10.1 (11-10-stable; go1.8.7; linux/amd64)"
172.18.0.4 - - [04/May/2019:09:14:17 +0000] "POST /api/v4/jobs/request HTTP/1.1" 204 0 "" "gitlab-runner 11.10.1 (11-10-stable; go1.8.7; linux/amd64)"
172.18.0.4 - - [04/May/2019:09:14:20 +0000] "POST /api/v4/jobs/request HTTP/1.1" 204 0 "" "gitlab-runner 11.10.1 (11-10-stable; go1.8.7; linux/amd64)"
127.0.0.1 - - [04/May/2019:09:14:20 +0000] "GET /help HTTP/1.1" 200 79438 "" "curl/7.59.0-DEV"
172.18.0.4 - - [04/May/2019:09:14:23 +0000] "POST /api/v4/jobs/request HTTP/1.1" 204 0 "" "gitlab-runner 11.10.1 (11-10-stable; go1.8.7; linux/amd64)"
172.18.0.4 - - [04/May/2019:09:14:26 +0000] "POST /api/v4/jobs/request HTTP/1.1" 204 0 "" "gitlab-runner 11.10.1 (11-10-stable; go1.8.7; linux/amd64)"
172.18.0.4 - - [04/May/2019:09:14:29 +0000] "POST /api/v4/jobs/request HTTP/1.1" 204 0 "" "gitlab-runner 11.10.1 (11-10-stable; go1.8.7; linux/amd64)"
172.18.0.4 - - [04/May/2019:09:14:32 +0000] "POST /api/v4/jobs/request HTTP/1.1" 204 0 "" "gitlab-runner 11.10.1 (11-10-stable; go1.8.7; linux/amd64)"
172.18.0.4 - - [04/May/2019:09:14:35 +0000] "POST /api/v4/jobs/request HTTP/1.1" 204 0 "" "gitlab-runner 11.10.1 (11-10-stable; go1.8.7; linux/amd64)"
172.18.0.4 - - [04/May/2019:09:14:38 +0000] "POST /api/v4/jobs/request HTTP/1.1" 204 0 "" "gitlab-runner 11.10.1 (11-10-stable; go1.8.7; linux/amd64)"
172.18.0.4 - - [04/May/2019:09:14:41 +0000] "POST /api/v4/jobs/request HTTP/1.1" 204 0 "" "gitlab-runner 11.10.1 (11-10-stable; go1.8.7; linux/amd64)"
172.18.0.4 - - [04/May/2019:09:14:44 +0000] "POST /api/v4/jobs/request HTTP/1.1" 204 0 "" "gitlab-runner 11.10.1 (11-10-stable; go1.8.7; linux/amd64)"
172.18.0.4 - - [04/May/2019:09:14:47 +0000] "POST /api/v4/jobs/request HTTP/1.1" 204 0 "" "gitlab-runner 11.10.1 (11-10-stable; go1.8.7; linux/amd64)"
172.18.0.4 - - [04/May/2019:09:14:50 +0000] "POST /api/v4/jobs/request HTTP/1.1" 204 0 "" "gitlab-runner 11.10.1 (11-10-stable; go1.8.7; linux/amd64)"
127.0.0.1 - - [04/May/2019:09:15:21 +0000] "GET /help HTTP/1.1" 200 79438 "" "curl/7.59.0-DEV"
127.0.0.1 - - [04/May/2019:09:16:21 +0000] "GET /help HTTP/1.1" 200 79431 "" "curl/7.59.0-DEV"
172.18.0.4 - - [04/May/2019:09:16:21 +0000] "POST /api/v4/jobs/request HTTP/1.1" 204 0 "" "gitlab-runner 11.10.1 (11-10-stable; go1.8.7; linux/amd64)"
172.18.0.4 - - [04/May/2019:09:16:24 +0000] "POST /api/v4/jobs/request HTTP/1.1" 204 0 "" "gitlab-runner 11.10.1 (11-10-stable; go1.8.7; linux/amd64)"
172.18.0.4 - - [04/May/2019:09:16:27 +0000] "POST /api/v4/jobs/request HTTP/1.1" 204 0 "" "gitlab-runner 11.10.1 (11-10-stable; go1.8.7; linux/amd64)"
172.18.0.4 - - [04/May/2019:09:16:30 +0000] "POST /api/v4/jobs/request HTTP/1.1" 204 0 "" "gitlab-runner 11.10.1 (11-10-stable; go1.8.7; linux/amd64)"
192.168.16.88 - - [04/May/2019:09:16:31 +0000] "GET /root/demo-project/-/jobs/29.json HTTP/1.1" 304 0 "http://192.168.16.207/root/demo-project/-/jobs/29" "Mozilla/5.0 (Windows NT 10.0; Win64; x64) AppleWebKit/537.36 (KHTML, like Gecko) Chrome/73.0.3683.103 Safari/537.36"
192.168.16.88 - - [04/May/2019:09:16:32 +0000] "POST /root/demo-project/-/jobs/29/retry HTTP/1.1" 302 115 "http://192.168.16.207/root/demo-project/-/jobs/29" "Mozilla/5.0 (Windows NT 10.0; Win64; x64) AppleWebKit/537.36 (KHTML, like Gecko) Chrome/73.0.3683.103 Safari/537.36"
192.168.16.88 - - [04/May/2019:09:16:33 +0000] "GET /root/demo-project/-/jobs/30 HTTP/1.1" 200 9061 "http://192.168.16.207/root/demo-project/-/jobs/29" "Mozilla/5.0 (Windows NT 10.0; Win64; x64) AppleWebKit/537.36 (KHTML, like Gecko) Chrome/73.0.3683.103 Safari/537.36"
192.168.16.88 - - [04/May/2019:09:16:33 +0000] "GET /root/demo-project/-/jobs/30/trace.json?state= HTTP/1.1" 200 45 "http://192.168.16.207/root/demo-project/-/jobs/30" "Mozilla/5.0 (Windows NT 10.0; Win64; x64) AppleWebKit/537.36 (KHTML, like Gecko) Chrome/73.0.3683.103 Safari/537.36"
192.168.16.88 - - [04/May/2019:09:16:33 +0000] "GET /root/demo-project/-/jobs/30.json HTTP/1.1" 200 1386 "http://192.168.16.207/root/demo-project/-/jobs/30" "Mozilla/5.0 (Windows NT 10.0; Win64; x64) AppleWebKit/537.36 (KHTML, like Gecko) Chrome/73.0.3683.103 Safari/537.36"
192.168.16.88 - - [04/May/2019:09:16:33 +0000] "GET /root/demo-project/pipelines/7.json HTTP/1.1" 200 1879 "http://192.168.16.207/root/demo-project/-/jobs/30" "Mozilla/5.0 (Windows NT 10.0; Win64; x64) AppleWebKit/537.36 (KHTML, like Gecko) Chrome/73.0.3683.103 Safari/537.36"
192.168.16.88 - - [04/May/2019:09:16:33 +0000] "GET /root/demo-project/pipelines/7/stage.json?stage=codeAnalysis&retried=1 HTTP/1.1" 200 1433 "http://192.168.16.207/root/demo-project/-/jobs/30" "Mozilla/5.0 (Windows NT 10.0; Win64; x64) AppleWebKit/537.36 (KHTML, like Gecko) Chrome/73.0.3683.103 Safari/537.36"
172.18.0.4 - - [04/May/2019:09:16:33 +0000] "POST /api/v4/jobs/request HTTP/1.1" 201 5363 "" "gitlab-runner 11.10.1 (11-10-stable; go1.8.7; linux/amd64)"
192.168.16.88 - - [04/May/2019:09:16:36 +0000] "GET /root/demo-project/-/jobs/30 HTTP/1.1" 200 9058 "http://192.168.16.207/root/demo-project/-/jobs/30" "Mozilla/5.0 (Windows NT 10.0; Win64; x64) AppleWebKit/537.36 (KHTML, like Gecko) Chrome/73.0.3683.103 Safari/537.36"
192.168.16.88 - - [04/May/2019:09:16:36 +0000] "GET /root/demo-project/-/jobs/30/trace.json?state= HTTP/1.1" 200 45 "http://192.168.16.207/root/demo-project/-/jobs/30" "Mozilla/5.0 (Windows NT 10.0; Win64; x64) AppleWebKit/537.36 (KHTML, like Gecko) Chrome/73.0.3683.103 Safari/537.36"
192.168.16.88 - - [04/May/2019:09:16:36 +0000] "GET /root/demo-project/-/jobs/30.json HTTP/1.1" 200 1311 "http://192.168.16.207/root/demo-project/-/jobs/30" "Mozilla/5.0 (Windows NT 10.0; Win64; x64) AppleWebKit/537.36 (KHTML, like Gecko) Chrome/73.0.3683.103 Safari/537.36"
172.18.0.6 - - [04/May/2019:09:16:36 +0000] "GET /root/demo-project.git/info/refs?service=git-upload-pack HTTP/1.1" 401 26 "" "git/2.20.1"
172.18.0.6 - gitlab-ci-token [04/May/2019:09:16:36 +0000] "GET /root/demo-project.git/info/refs?service=git-upload-pack HTTP/1.1" 200 1597 "" "git/2.20.1"
172.18.0.4 - - [04/May/2019:09:16:37 +0000] "PATCH /api/v4/jobs/30/trace HTTP/1.1" 202 7 "" "gitlab-runner 11.10.1 (11-10-stable; go1.8.7; linux/amd64)"
192.168.16.88 - - [04/May/2019:09:16:37 +0000] "GET /root/demo-project/pipelines/7.json HTTP/1.1" 200 1804 "http://192.168.16.207/root/demo-project/-/jobs/30" "Mozilla/5.0 (Windows NT 10.0; Win64; x64) AppleWebKit/537.36 (KHTML, like Gecko) Chrome/73.0.3683.103 Safari/537.36"
192.168.16.88 - - [04/May/2019:09:16:37 +0000] "GET /root/demo-project/pipelines/7/stage.json?stage=codeAnalysis&retried=1 HTTP/1.1" 200 1330 "http://192.168.16.207/root/demo-project/-/jobs/30" "Mozilla/5.0 (Windows NT 10.0; Win64; x64) AppleWebKit/537.36 (KHTML, like Gecko) Chrome/73.0.3683.103 Safari/537.36"
172.18.0.6 - gitlab-ci-token [04/May/2019:09:16:37 +0000] "POST /root/demo-project.git/git-upload-pack HTTP/1.1" 200 34789461 "" "git/2.20.1"
172.18.0.4 - - [04/May/2019:09:16:40 +0000] "PATCH /api/v4/jobs/30/trace HTTP/1.1" 202 8 "" "gitlab-runner 11.10.1 (11-10-stable; go1.8.7; linux/amd64)"
192.168.16.88 - - [04/May/2019:09:16:40 +0000] "GET /root/demo-project/-/jobs/30/trace.json?state= HTTP/1.1" 200 996 "http://192.168.16.207/root/demo-project/-/jobs/30" "Mozilla/5.0 (Windows NT 10.0; Win64; x64) AppleWebKit/537.36 (KHTML, like Gecko) Chrome/73.0.3683.103 Safari/537.36"
172.18.0.4 - - [04/May/2019:09:16:43 +0000] "PATCH /api/v4/jobs/30/trace HTTP/1.1" 202 8 "" "gitlab-runner 11.10.1 (11-10-stable; go1.8.7; linux/amd64)"
192.168.16.88 - - [04/May/2019:09:16:44 +0000] "GET /root/demo-project/-/jobs/30/trace.json?state=eyJvZmZzZXQiOjE1NDIsIm5fb3Blbl90YWdzIjowLCJmZ19jb2xvciI6bnVsbCwiYmdfY29sb3IiOm51bGwsInN0eWxlX21hc2siOjB9 HTTP/1.1" 200 583 "http://192.168.16.207/root/demo-project/-/jobs/30" "Mozilla/5.0 (Windows NT 10.0; Win64; x64) AppleWebKit/537.36 (KHTML, like Gecko) Chrome/73.0.3683.103 Safari/537.36"
172.18.0.4 - - [04/May/2019:09:16:46 +0000] "PATCH /api/v4/jobs/30/trace HTTP/1.1" 202 8 "" "gitlab-runner 11.10.1 (11-10-stable; go1.8.7; linux/amd64)"
192.168.16.88 - - [04/May/2019:09:16:47 +0000] "GET /root/demo-project/-/jobs/30.json HTTP/1.1" 200 1313 "http://192.168.16.207/root/demo-project/-/jobs/30" "Mozilla/5.0 (Windows NT 10.0; Win64; x64) AppleWebKit/537.36 (KHTML, like Gecko) Chrome/73.0.3683.103 Safari/537.36"
192.168.16.88 - - [04/May/2019:09:16:48 +0000] "GET /root/demo-project/-/jobs/30/trace.json?state=eyJvZmZzZXQiOjE2MzEsIm5fb3Blbl90YWdzIjowLCJmZ19jb2xvciI6bnVsbCwiYmdfY29sb3IiOm51bGwsInN0eWxlX21hc2siOjB9 HTTP/1.1" 200 1580 "http://192.168.16.207/root/demo-project/-/jobs/30" "Mozilla/5.0 (Windows NT 10.0; Win64; x64) AppleWebKit/537.36 (KHTML, like Gecko) Chrome/73.0.3683.103 Safari/537.36"
172.18.0.4 - - [04/May/2019:09:16:49 +0000] "PATCH /api/v4/jobs/30/trace HTTP/1.1" 202 8 "" "gitlab-runner 11.10.1 (11-10-stable; go1.8.7; linux/amd64)"
172.18.0.4 - - [04/May/2019:09:16:53 +0000] "PATCH /api/v4/jobs/30/trace HTTP/1.1" 202 8 "" "gitlab-runner 11.10.1 (11-10-stable; go1.8.7; linux/amd64)"
192.168.16.88 - - [04/May/2019:09:16:53 +0000] "GET /root/demo-project/-/jobs/30/trace.json?state=eyJvZmZzZXQiOjI0NDgsIm5fb3Blbl90YWdzIjowLCJmZ19jb2xvciI6bnVsbCwiYmdfY29sb3IiOm51bGwsInN0eWxlX21hc2siOjB9 HTTP/1.1" 200 892 "http://192.168.16.207/root/demo-project/-/jobs/30" "Mozilla/5.0 (Windows NT 10.0; Win64; x64) AppleWebKit/537.36 (KHTML, like Gecko) Chrome/73.0.3683.103 Safari/537.36"
172.18.0.4 - - [04/May/2019:09:16:56 +0000] "PATCH /api/v4/jobs/30/trace HTTP/1.1" 202 8 "" "gitlab-runner 11.10.1 (11-10-stable; go1.8.7; linux/amd64)"
192.168.16.88 - - [04/May/2019:09:16:57 +0000] "GET /root/demo-project/-/jobs/30/trace.json?state=eyJvZmZzZXQiOjQwODksIm5fb3Blbl90YWdzIjowLCJmZ19jb2xvciI6bnVsbCwiYmdfY29sb3IiOm51bGwsInN0eWxlX21hc2siOjB9 HTTP/1.1" 200 930 "http://192.168.16.207/root/demo-project/-/jobs/30" "Mozilla/5.0 (Windows NT 10.0; Win64; x64) AppleWebKit/537.36 (KHTML, like Gecko) Chrome/73.0.3683.103 Safari/537.36"
192.168.16.88 - - [04/May/2019:09:16:57 +0000] "GET /root/demo-project/-/jobs/30.json HTTP/1.1" 200 1311 "http://192.168.16.207/root/demo-project/-/jobs/30" "Mozilla/5.0 (Windows NT 10.0; Win64; x64) AppleWebKit/537.36 (KHTML, like Gecko) Chrome/73.0.3683.103 Safari/537.36"
172.18.0.4 - - [04/May/2019:09:16:58 +0000] "PATCH /api/v4/jobs/30/trace HTTP/1.1" 202 8 "" "gitlab-runner 11.10.1 (11-10-stable; go1.8.7; linux/amd64)"
172.18.0.4 - - [04/May/2019:09:16:58 +0000] "PUT /api/v4/jobs/30 HTTP/1.1" 200 4 "" "gitlab-runner 11.10.1 (11-10-stable; go1.8.7; linux/amd64)"
172.18.0.4 - - [04/May/2019:09:16:58 +0000] "POST /api/v4/jobs/request HTTP/1.1" 204 0 "" "gitlab-runner 11.10.1 (11-10-stable; go1.8.7; linux/amd64)"
192.168.16.88 - - [04/May/2019:09:17:01 +0000] "GET /root/demo-project/-/jobs/30/trace.json?state=eyJvZmZzZXQiOjQyNjgsIm5fb3Blbl90YWdzIjowLCJmZ19jb2xvciI6bnVsbCwiYmdfY29sb3IiOm51bGwsInN0eWxlX21hc2siOjB9 HTTP/1.1" 200 541 "http://192.168.16.207/root/demo-project/-/jobs/30" "Mozilla/5.0 (Windows NT 10.0; Win64; x64) AppleWebKit/537.36 (KHTML, like Gecko) Chrome/73.0.3683.103 Safari/537.36"
172.18.0.4 - - [04/May/2019:09:17:01 +0000] "POST /api/v4/jobs/request HTTP/1.1" 204 0 "" "gitlab-runner 11.10.1 (11-10-stable; go1.8.7; linux/amd64)"
172.18.0.4 - - [04/May/2019:09:17:04 +0000] "POST /api/v4/jobs/request HTTP/1.1" 204 0 "" "gitlab-runner 11.10.1 (11-10-stable; go1.8.7; linux/amd64)"
172.18.0.4 - - [04/May/2019:09:17:07 +0000] "POST /api/v4/jobs/request HTTP/1.1" 204 0 "" "gitlab-runner 11.10.1 (11-10-stable; go1.8.7; linux/amd64)"
192.168.16.88 - - [04/May/2019:09:17:07 +0000] "GET /root/demo-project/-/jobs/30.json HTTP/1.1" 200 1423 "http://192.168.16.207/root/demo-project/-/jobs/30" "Mozilla/5.0 (Windows NT 10.0; Win64; x64) AppleWebKit/537.36 (KHTML, like Gecko) Chrome/73.0.3683.103 Safari/537.36"
172.18.0.4 - - [04/May/2019:09:17:10 +0000] "POST /api/v4/jobs/request HTTP/1.1" 204 0 "" "gitlab-runner 11.10.1 (11-10-stable; go1.8.7; linux/amd64)"
172.18.0.4 - - [04/May/2019:09:17:13 +0000] "POST /api/v4/jobs/request HTTP/1.1" 204 0 "" "gitlab-runner 11.10.1 (11-10-stable; go1.8.7; linux/amd64)"
172.18.0.4 - - [04/May/2019:09:17:16 +0000] "POST /api/v4/jobs/request HTTP/1.1" 204 0 "" "gitlab-runner 11.10.1 (11-10-stable; go1.8.7; linux/amd64)"
172.18.0.4 - - [04/May/2019:09:17:19 +0000] "POST /api/v4/jobs/request HTTP/1.1" 204 0 "" "gitlab-runner 11.10.1 (11-10-stable; go1.8.7; linux/amd64)"
127.0.0.1 - - [04/May/2019:09:17:21 +0000] "GET /help HTTP/1.1" 200 79438 "" "curl/7.59.0-DEV"
172.18.0.4 - - [04/May/2019:09:17:22 +0000] "POST /api/v4/jobs/request HTTP/1.1" 204 0 "" "gitlab-runner 11.10.1 (11-10-stable; go1.8.7; linux/amd64)"
172.18.0.4 - - [04/May/2019:09:17:25 +0000] "POST /api/v4/jobs/request HTTP/1.1" 204 0 "" "gitlab-runner 11.10.1 (11-10-stable; go1.8.7; linux/amd64)"
172.18.0.4 - - [04/May/2019:09:17:28 +0000] "POST /api/v4/jobs/request HTTP/1.1" 204 0 "" "gitlab-runner 11.10.1 (11-10-stable; go1.8.7; linux/amd64)"
172.18.0.4 - - [04/May/2019:09:17:31 +0000] "POST /api/v4/jobs/request HTTP/1.1" 204 0 "" "gitlab-runner 11.10.1 (11-10-stable; go1.8.7; linux/amd64)"
