172.18.0.4 - - [04/May/2019:09:17:34 +0000] "POST /api/v4/jobs/request HTTP/1.1" 204 0 "" "gitlab-runner 11.10.1 (11-10-stable; go1.8.7; linux/amd64)"
172.18.0.4 - - [04/May/2019:09:17:37 +0000] "POST /api/v4/jobs/request HTTP/1.1" 204 0 "" "gitlab-runner 11.10.1 (11-10-stable; go1.8.7; linux/amd64)"
172.18.0.4 - - [04/May/2019:09:17:40 +0000] "POST /api/v4/jobs/request HTTP/1.1" 204 0 "" "gitlab-runner 11.10.1 (11-10-stable; go1.8.7; linux/amd64)"
192.168.16.88 - - [04/May/2019:09:17:43 +0000] "GET /root/demo-project/-/jobs/30.json HTTP/1.1" 304 0 "http://192.168.16.207/root/demo-project/-/jobs/30" "Mozilla/5.0 (Windows NT 10.0; Win64; x64) AppleWebKit/537.36 (KHTML, like Gecko) Chrome/73.0.3683.103 Safari/537.36"
172.18.0.4 - - [04/May/2019:09:17:43 +0000] "POST /api/v4/jobs/request HTTP/1.1" 204 0 "" "gitlab-runner 11.10.1 (11-10-stable; go1.8.7; linux/amd64)"
172.18.0.4 - - [04/May/2019:09:17:46 +0000] "POST /api/v4/jobs/request HTTP/1.1" 204 0 "" "gitlab-runner 11.10.1 (11-10-stable; go1.8.7; linux/amd64)"
172.18.0.4 - - [04/May/2019:09:17:49 +0000] "POST /api/v4/jobs/request HTTP/1.1" 204 0 "" "gitlab-runner 11.10.1 (11-10-stable; go1.8.7; linux/amd64)"
172.18.0.4 - - [04/May/2019:09:17:52 +0000] "POST /api/v4/jobs/request HTTP/1.1" 204 0 "" "gitlab-runner 11.10.1 (11-10-stable; go1.8.7; linux/amd64)"
192.168.16.88 - - [04/May/2019:09:17:53 +0000] "GET /root/demo-project/-/jobs/30.json HTTP/1.1" 304 0 "http://192.168.16.207/root/demo-project/-/jobs/30" "Mozilla/5.0 (Windows NT 10.0; Win64; x64) AppleWebKit/537.36 (KHTML, like Gecko) Chrome/73.0.3683.103 Safari/537.36"
192.168.16.88 - - [04/May/2019:09:17:54 +0000] "GET /root/demo-project/-/jobs/30.json HTTP/1.1" 304 0 "http://192.168.16.207/root/demo-project/-/jobs/30" "Mozilla/5.0 (Windows NT 10.0; Win64; x64) AppleWebKit/537.36 (KHTML, like Gecko) Chrome/73.0.3683.103 Safari/537.36"
172.18.0.4 - - [04/May/2019:09:17:55 +0000] "POST /api/v4/jobs/request HTTP/1.1" 204 0 "" "gitlab-runner 11.10.1 (11-10-stable; go1.8.7; linux/amd64)"
172.18.0.4 - - [04/May/2019:09:17:58 +0000] "POST /api/v4/jobs/request HTTP/1.1" 204 0 "" "gitlab-runner 11.10.1 (11-10-stable; go1.8.7; linux/amd64)"
172.18.0.4 - - [04/May/2019:09:18:01 +0000] "POST /api/v4/jobs/request HTTP/1.1" 204 0 "" "gitlab-runner 11.10.1 (11-10-stable; go1.8.7; linux/amd64)"
172.18.0.4 - - [04/May/2019:09:18:04 +0000] "POST /api/v4/jobs/request HTTP/1.1" 204 0 "" "gitlab-runner 11.10.1 (11-10-stable; go1.8.7; linux/amd64)"
172.18.0.4 - - [04/May/2019:09:18:07 +0000] "POST /api/v4/jobs/request HTTP/1.1" 204 0 "" "gitlab-runner 11.10.1 (11-10-stable; go1.8.7; linux/amd64)"
172.18.0.4 - - [04/May/2019:09:18:10 +0000] "POST /api/v4/jobs/request HTTP/1.1" 204 0 "" "gitlab-runner 11.10.1 (11-10-stable; go1.8.7; linux/amd64)"
172.18.0.4 - - [04/May/2019:09:18:13 +0000] "POST /api/v4/jobs/request HTTP/1.1" 204 0 "" "gitlab-runner 11.10.1 (11-10-stable; go1.8.7; linux/amd64)"
172.18.0.4 - - [04/May/2019:09:18:16 +0000] "POST /api/v4/jobs/request HTTP/1.1" 204 0 "" "gitlab-runner 11.10.1 (11-10-stable; go1.8.7; linux/amd64)"
172.18.0.4 - - [04/May/2019:09:18:19 +0000] "POST /api/v4/jobs/request HTTP/1.1" 204 0 "" "gitlab-runner 11.10.1 (11-10-stable; go1.8.7; linux/amd64)"
127.0.0.1 - - [04/May/2019:09:18:22 +0000] "GET /help HTTP/1.1" 200 79438 "" "curl/7.59.0-DEV"
172.18.0.4 - - [04/May/2019:09:18:22 +0000] "POST /api/v4/jobs/request HTTP/1.1" 204 0 "" "gitlab-runner 11.10.1 (11-10-stable; go1.8.7; linux/amd64)"
172.18.0.4 - - [04/May/2019:09:18:25 +0000] "POST /api/v4/jobs/request HTTP/1.1" 204 0 "" "gitlab-runner 11.10.1 (11-10-stable; go1.8.7; linux/amd64)"
172.18.0.4 - - [04/May/2019:09:18:28 +0000] "POST /api/v4/jobs/request HTTP/1.1" 204 0 "" "gitlab-runner 11.10.1 (11-10-stable; go1.8.7; linux/amd64)"
172.18.0.4 - - [04/May/2019:09:18:31 +0000] "POST /api/v4/jobs/request HTTP/1.1" 204 0 "" "gitlab-runner 11.10.1 (11-10-stable; go1.8.7; linux/amd64)"
172.18.0.4 - - [04/May/2019:09:18:34 +0000] "POST /api/v4/jobs/request HTTP/1.1" 204 0 "" "gitlab-runner 11.10.1 (11-10-stable; go1.8.7; linux/amd64)"
172.18.0.4 - - [04/May/2019:09:18:37 +0000] "POST /api/v4/jobs/request HTTP/1.1" 204 0 "" "gitlab-runner 11.10.1 (11-10-stable; go1.8.7; linux/amd64)"
172.18.0.4 - - [04/May/2019:09:18:40 +0000] "POST /api/v4/jobs/request HTTP/1.1" 204 0 "" "gitlab-runner 11.10.1 (11-10-stable; go1.8.7; linux/amd64)"
172.18.0.4 - - [04/May/2019:09:18:43 +0000] "POST /api/v4/jobs/request HTTP/1.1" 204 0 "" "gitlab-runner 11.10.1 (11-10-stable; go1.8.7; linux/amd64)"
172.18.0.4 - - [04/May/2019:09:18:46 +0000] "POST /api/v4/jobs/request HTTP/1.1" 204 0 "" "gitlab-runner 11.10.1 (11-10-stable; go1.8.7; linux/amd64)"
172.18.0.4 - - [04/May/2019:09:18:49 +0000] "POST /api/v4/jobs/request HTTP/1.1" 204 0 "" "gitlab-runner 11.10.1 (11-10-stable; go1.8.7; linux/amd64)"
172.18.0.4 - - [04/May/2019:09:18:52 +0000] "POST /api/v4/jobs/request HTTP/1.1" 204 0 "" "gitlab-runner 11.10.1 (11-10-stable; go1.8.7; linux/amd64)"
172.18.0.4 - - [04/May/2019:09:18:55 +0000] "POST /api/v4/jobs/request HTTP/1.1" 204 0 "" "gitlab-runner 11.10.1 (11-10-stable; go1.8.7; linux/amd64)"
192.168.16.88 - - [04/May/2019:09:18:55 +0000] "GET /root/demo-project/-/jobs/30.json HTTP/1.1" 304 0 "http://192.168.16.207/root/demo-project/-/jobs/30" "Mozilla/5.0 (Windows NT 10.0; Win64; x64) AppleWebKit/537.36 (KHTML, like Gecko) Chrome/73.0.3683.103 Safari/537.36"
192.168.16.88 - - [04/May/2019:09:18:57 +0000] "GET /root/demo-project/-/jobs/29 HTTP/1.1" 200 9054 "http://192.168.16.207/root/demo-project/-/jobs/28" "Mozilla/5.0 (Windows NT 10.0; Win64; x64) AppleWebKit/537.36 (KHTML, like Gecko) Chrome/73.0.3683.103 Safari/537.36"
192.168.16.88 - - [04/May/2019:09:18:57 +0000] "GET /root/demo-project/-/jobs/28 HTTP/1.1" 200 9055 "" "Mozilla/5.0 (Windows NT 10.0; Win64; x64) AppleWebKit/537.36 (KHTML, like Gecko) Chrome/73.0.3683.103 Safari/537.36"
192.168.16.88 - - [04/May/2019:09:18:57 +0000] "GET /root/demo-project/pipelines/7/stage.json?stage=codeAnalysis&retried=1 HTTP/1.1" 499 0 "http://192.168.16.207/root/demo-project/-/jobs/29" "Mozilla/5.0 (Windows NT 10.0; Win64; x64) AppleWebKit/537.36 (KHTML, like Gecko) Chrome/73.0.3683.103 Safari/537.36"
192.168.16.88 - - [04/May/2019:09:18:58 +0000] "GET /root/demo-project/pipelines/7/stage.json?stage=codeAnalysis&retried=1 HTTP/1.1" 200 1201 "http://192.168.16.207/root/demo-project/-/jobs/28" "Mozilla/5.0 (Windows NT 10.0; Win64; x64) AppleWebKit/537.36 (KHTML, like Gecko) Chrome/73.0.3683.103 Safari/537.36"
172.18.0.4 - - [04/May/2019:09:18:58 +0000] "POST /api/v4/jobs/request HTTP/1.1" 204 0 "" "gitlab-runner 11.10.1 (11-10-stable; go1.8.7; linux/amd64)"
192.168.16.88 - - [04/May/2019:09:18:58 +0000] "GET /root/demo-project/-/jobs/27 HTTP/1.1" 200 9061 "http://192.168.16.207/root/demo-project/pipelines/7/builds" "Mozilla/5.0 (Windows NT 10.0; Win64; x64) AppleWebKit/537.36 (KHTML, like Gecko) Chrome/73.0.3683.103 Safari/537.36"
192.168.16.88 - - [04/May/2019:09:19:00 +0000] "GET /root/demo-project/pipelines/7/builds HTTP/1.1" 200 12285 "http://192.168.16.207/root/demo-project/-/jobs/27" "Mozilla/5.0 (Windows NT 10.0; Win64; x64) AppleWebKit/537.36 (KHTML, like Gecko) Chrome/73.0.3683.103 Safari/537.36"
192.168.16.88 - - [04/May/2019:09:19:01 +0000] "GET /root/demo-project/-/jobs/27 HTTP/1.1" 200 9060 "http://192.168.16.207/root/demo-project/-/jobs/27" "Mozilla/5.0 (Windows NT 10.0; Win64; x64) AppleWebKit/537.36 (KHTML, like Gecko) Chrome/73.0.3683.103 Safari/537.36"
172.18.0.4 - - [04/May/2019:09:19:01 +0000] "POST /api/v4/jobs/request HTTP/1.1" 204 0 "" "gitlab-runner 11.10.1 (11-10-stable; go1.8.7; linux/amd64)"
192.168.16.88 - - [04/May/2019:09:19:03 +0000] "GET /root/demo-project/-/jobs/26 HTTP/1.1" 200 9056 "http://192.168.16.207/root/demo-project/-/jobs" "Mozilla/5.0 (Windows NT 10.0; Win64; x64) AppleWebKit/537.36 (KHTML, like Gecko) Chrome/73.0.3683.103 Safari/537.36"
192.168.16.88 - - [04/May/2019:09:19:04 +0000] "GET /root/demo-project/-/jobs HTTP/1.1" 200 12637 "http://192.168.16.207/root/demo-project/edit/master/.gitlab-ci.yml" "Mozilla/5.0 (Windows NT 10.0; Win64; x64) AppleWebKit/537.36 (KHTML, like Gecko) Chrome/73.0.3683.103 Safari/537.36"
172.18.0.4 - - [04/May/2019:09:19:04 +0000] "POST /api/v4/jobs/request HTTP/1.1" 204 0 "" "gitlab-runner 11.10.1 (11-10-stable; go1.8.7; linux/amd64)"
172.18.0.4 - - [04/May/2019:09:19:07 +0000] "POST /api/v4/jobs/request HTTP/1.1" 204 0 "" "gitlab-runner 11.10.1 (11-10-stable; go1.8.7; linux/amd64)"
192.168.16.88 - - [04/May/2019:09:19:07 +0000] "GET /root/demo-project HTTP/1.1" 200 22305 "http://192.168.16.207/root/demo-project/-/jobs" "Mozilla/5.0 (Windows NT 10.0; Win64; x64) AppleWebKit/537.36 (KHTML, like Gecko) Chrome/73.0.3683.103 Safari/537.36"
192.168.16.88 - - [04/May/2019:09:19:08 +0000] "GET /root/demo-project/commits/master/signatures HTTP/1.1" 304 0 "http://192.168.16.207/root/demo-project" "Mozilla/5.0 (Windows NT 10.0; Win64; x64) AppleWebKit/537.36 (KHTML, like Gecko) Chrome/73.0.3683.103 Safari/537.36"
192.168.16.88 - - [04/May/2019:09:19:08 +0000] "GET /root/demo-project/refs/master/logs_tree/?format=js HTTP/1.1" 304 0 "http://192.168.16.207/root/demo-project" "Mozilla/5.0 (Windows NT 10.0; Win64; x64) AppleWebKit/537.36 (KHTML, like Gecko) Chrome/73.0.3683.103 Safari/537.36"
192.168.16.88 - - [04/May/2019:09:19:08 +0000] "GET /root/demo-project/refs/master/logs_tree/?offset=25&format=js HTTP/1.1" 304 0 "http://192.168.16.207/root/demo-project" "Mozilla/5.0 (Windows NT 10.0; Win64; x64) AppleWebKit/537.36 (KHTML, like Gecko) Chrome/73.0.3683.103 Safari/537.36"
192.168.16.88 - - [04/May/2019:09:19:08 +0000] "GET /root/demo-project/refs/master/logs_tree/?offset=50&format=js HTTP/1.1" 304 0 "http://192.168.16.207/root/demo-project" "Mozilla/5.0 (Windows NT 10.0; Win64; x64) AppleWebKit/537.36 (KHTML, like Gecko) Chrome/73.0.3683.103 Safari/537.36"
192.168.16.88 - - [04/May/2019:09:19:09 +0000] "GET /root/demo-project/refs/master/logs_tree/?offset=75&format=js HTTP/1.1" 304 0 "http://192.168.16.207/root/demo-project" "Mozilla/5.0 (Windows NT 10.0; Win64; x64) AppleWebKit/537.36 (KHTML, like Gecko) Chrome/73.0.3683.103 Safari/537.36"
192.168.16.88 - - [04/May/2019:09:19:09 +0000] "GET /root/demo-project/refs/master/logs_tree/?offset=100&format=js HTTP/1.1" 304 0 "http://192.168.16.207/root/demo-project" "Mozilla/5.0 (Windows NT 10.0; Win64; x64) AppleWebKit/537.36 (KHTML, like Gecko) Chrome/73.0.3683.103 Safari/537.36"
172.18.0.4 - - [04/May/2019:09:19:10 +0000] "POST /api/v4/jobs/request HTTP/1.1" 204 0 "" "gitlab-runner 11.10.1 (11-10-stable; go1.8.7; linux/amd64)"
192.168.16.88 - - [04/May/2019:09:19:13 +0000] "GET /root/demo-project/blob/master/sonar-project.properties HTTP/1.1" 200 12256 "http://192.168.16.207/root/demo-project" "Mozilla/5.0 (Windows NT 10.0; Win64; x64) AppleWebKit/537.36 (KHTML, like Gecko) Chrome/73.0.3683.103 Safari/537.36"
172.18.0.4 - - [04/May/2019:09:19:13 +0000] "POST /api/v4/jobs/request HTTP/1.1" 204 0 "" "gitlab-runner 11.10.1 (11-10-stable; go1.8.7; linux/amd64)"
192.168.16.88 - - [04/May/2019:09:19:13 +0000] "GET /root/demo-project/blob/master/sonar-project.properties?format=json&viewer=simple HTTP/1.1" 200 1494 "http://192.168.16.207/root/demo-project/blob/master/sonar-project.properties" "Mozilla/5.0 (Windows NT 10.0; Win64; x64) AppleWebKit/537.36 (KHTML, like Gecko) Chrome/73.0.3683.103 Safari/537.36"
192.168.16.88 - - [04/May/2019:09:19:13 +0000] "GET /root/demo-project/commit/ddb76556e2af668480b618252da86155f4f744f5/pipelines?ref=master HTTP/1.1" 200 953 "http://192.168.16.207/root/demo-project/blob/master/sonar-project.properties" "Mozilla/5.0 (Windows NT 10.0; Win64; x64) AppleWebKit/537.36 (KHTML, like Gecko) Chrome/73.0.3683.103 Safari/537.36"
192.168.16.88 - - [04/May/2019:09:19:13 +0000] "GET /root/demo-project/commits/ddb76556e2af668480b618252da86155f4f744f5/signatures HTTP/1.1" 304 0 "http://192.168.16.207/root/demo-project/blob/master/sonar-project.properties" "Mozilla/5.0 (Windows NT 10.0; Win64; x64) AppleWebKit/537.36 (KHTML, like Gecko) Chrome/73.0.3683.103 Safari/537.36"
192.168.16.88 - - [04/May/2019:09:19:15 +0000] "GET /root/demo-project/edit/master/sonar-project.properties HTTP/1.1" 200 14977 "http://192.168.16.207/root/demo-project/blob/master/sonar-project.properties" "Mozilla/5.0 (Windows NT 10.0; Win64; x64) AppleWebKit/537.36 (KHTML, like Gecko) Chrome/73.0.3683.103 Safari/537.36"
192.168.16.88 - - [04/May/2019:09:19:16 +0000] "GET /assets/ace/mode-properties-c0129db1e051792534bd61b2b88d8aad09d0e56d994a7c6f174d70865596be2f.js HTTP/1.1" 200 440 "http://192.168.16.207/root/demo-project/edit/master/sonar-project.properties" "Mozilla/5.0 (Windows NT 10.0; Win64; x64) AppleWebKit/537.36 (KHTML, like Gecko) Chrome/73.0.3683.103 Safari/537.36"
192.168.16.88 - - [04/May/2019:09:19:16 +0000] "GET /assets/select2.png HTTP/1.1" 404 19 "http://192.168.16.207/assets/application-38981e26a24308976f3a29d6e5e2beef57c7acda3ad0d5e7f6f149d58fd09d3d.css" "Mozilla/5.0 (Windows NT 10.0; Win64; x64) AppleWebKit/537.36 (KHTML, like Gecko) Chrome/73.0.3683.103 Safari/537.36"
172.18.0.4 - - [04/May/2019:09:19:16 +0000] "POST /api/v4/jobs/request HTTP/1.1" 204 0 "" "gitlab-runner 11.10.1 (11-10-stable; go1.8.7; linux/amd64)"
172.18.0.4 - - [04/May/2019:09:19:19 +0000] "POST /api/v4/jobs/request HTTP/1.1" 204 0 "" "gitlab-runner 11.10.1 (11-10-stable; go1.8.7; linux/amd64)"
192.168.16.88 - - [04/May/2019:09:19:22 +0000] "GET /root/demo-project HTTP/1.1" 200 22304 "http://192.168.16.207/root/demo-project/edit/master/sonar-project.properties" "Mozilla/5.0 (Windows NT 10.0; Win64; x64) AppleWebKit/537.36 (KHTML, like Gecko) Chrome/73.0.3683.103 Safari/537.36"
172.18.0.4 - - [04/May/2019:09:19:22 +0000] "POST /api/v4/jobs/request HTTP/1.1" 204 0 "" "gitlab-runner 11.10.1 (11-10-stable; go1.8.7; linux/amd64)"
127.0.0.1 - - [04/May/2019:09:19:22 +0000] "GET /help HTTP/1.1" 200 79438 "" "curl/7.59.0-DEV"
192.168.16.88 - - [04/May/2019:09:19:22 +0000] "GET /root/demo-project/commits/master/signatures HTTP/1.1" 304 0 "http://192.168.16.207/root/demo-project" "Mozilla/5.0 (Windows NT 10.0; Win64; x64) AppleWebKit/537.36 (KHTML, like Gecko) Chrome/73.0.3683.103 Safari/537.36"
192.168.16.88 - - [04/May/2019:09:19:22 +0000] "GET /root/demo-project/refs/master/logs_tree/?format=js HTTP/1.1" 304 0 "http://192.168.16.207/root/demo-project" "Mozilla/5.0 (Windows NT 10.0; Win64; x64) AppleWebKit/537.36 (KHTML, like Gecko) Chrome/73.0.3683.103 Safari/537.36"
192.168.16.88 - - [04/May/2019:09:19:23 +0000] "GET /root/demo-project/refs/master/logs_tree/?offset=25&format=js HTTP/1.1" 304 0 "http://192.168.16.207/root/demo-project" "Mozilla/5.0 (Windows NT 10.0; Win64; x64) AppleWebKit/537.36 (KHTML, like Gecko) Chrome/73.0.3683.103 Safari/537.36"
192.168.16.88 - - [04/May/2019:09:19:23 +0000] "GET /root/demo-project/refs/master/logs_tree/?offset=50&format=js HTTP/1.1" 304 0 "http://192.168.16.207/root/demo-project" "Mozilla/5.0 (Windows NT 10.0; Win64; x64) AppleWebKit/537.36 (KHTML, like Gecko) Chrome/73.0.3683.103 Safari/537.36"
192.168.16.88 - - [04/May/2019:09:19:23 +0000] "GET /root/demo-project/refs/master/logs_tree/?offset=75&format=js HTTP/1.1" 304 0 "http://192.168.16.207/root/demo-project" "Mozilla/5.0 (Windows NT 10.0; Win64; x64) AppleWebKit/537.36 (KHTML, like Gecko) Chrome/73.0.3683.103 Safari/537.36"
192.168.16.88 - - [04/May/2019:09:19:24 +0000] "GET /root/demo-project/refs/master/logs_tree/?offset=100&format=js HTTP/1.1" 304 0 "http://192.168.16.207/root/demo-project" "Mozilla/5.0 (Windows NT 10.0; Win64; x64) AppleWebKit/537.36 (KHTML, like Gecko) Chrome/73.0.3683.103 Safari/537.36"
172.18.0.4 - - [04/May/2019:09:19:25 +0000] "POST /api/v4/jobs/request HTTP/1.1" 204 0 "" "gitlab-runner 11.10.1 (11-10-stable; go1.8.7; linux/amd64)"
172.18.0.4 - - [04/May/2019:09:19:28 +0000] "POST /api/v4/jobs/request HTTP/1.1" 204 0 "" "gitlab-runner 11.10.1 (11-10-stable; go1.8.7; linux/amd64)"
192.168.16.88 - - [04/May/2019:09:19:30 +0000] "GET /root/demo-project/tree/master/build HTTP/1.1" 200 12824 "http://192.168.16.207/root/demo-project" "Mozilla/5.0 (Windows NT 10.0; Win64; x64) AppleWebKit/537.36 (KHTML, like Gecko) Chrome/73.0.3683.103 Safari/537.36"
192.168.16.88 - - [04/May/2019:09:19:30 +0000] "GET /root/demo-project/commits/cddb6134c9a788621b21cb5abb5a0eb2b62546fb/signatures HTTP/1.1" 304 0 "http://192.168.16.207/root/demo-project/tree/master/build" "Mozilla/5.0 (Windows NT 10.0; Win64; x64) AppleWebKit/537.36 (KHTML, like Gecko) Chrome/73.0.3683.103 Safari/537.36"
192.168.16.88 - - [04/May/2019:09:19:30 +0000] "GET /root/demo-project/refs/master/logs_tree/build?format=js HTTP/1.1" 304 0 "http://192.168.16.207/root/demo-project/tree/master/build" "Mozilla/5.0 (Windows NT 10.0; Win64; x64) AppleWebKit/537.36 (KHTML, like Gecko) Chrome/73.0.3683.103 Safari/537.36"
172.18.0.4 - - [04/May/2019:09:19:31 +0000] "POST /api/v4/jobs/request HTTP/1.1" 204 0 "" "gitlab-runner 11.10.1 (11-10-stable; go1.8.7; linux/amd64)"
192.168.16.88 - - [04/May/2019:09:19:31 +0000] "GET /root/demo-project/tree/master/build/lib HTTP/1.1" 200 12965 "http://192.168.16.207/root/demo-project/tree/master/build" "Mozilla/5.0 (Windows NT 10.0; Win64; x64) AppleWebKit/537.36 (KHTML, like Gecko) Chrome/73.0.3683.103 Safari/537.36"
192.168.16.88 - - [04/May/2019:09:19:32 +0000] "GET /root/demo-project/commits/b84db7bbe3769b1c698cdbf6037b6328cfc7d32f/signatures HTTP/1.1" 304 0 "http://192.168.16.207/root/demo-project/tree/master/build/lib" "Mozilla/5.0 (Windows NT 10.0; Win64; x64) AppleWebKit/537.36 (KHTML, like Gecko) Chrome/73.0.3683.103 Safari/537.36"
192.168.16.88 - - [04/May/2019:09:19:32 +0000] "GET /root/demo-project/refs/master/logs_tree/build/lib?format=js HTTP/1.1" 304 0 "http://192.168.16.207/root/demo-project/tree/master/build/lib" "Mozilla/5.0 (Windows NT 10.0; Win64; x64) AppleWebKit/537.36 (KHTML, like Gecko) Chrome/73.0.3683.103 Safari/537.36"
172.18.0.4 - - [04/May/2019:09:19:34 +0000] "POST /api/v4/jobs/request HTTP/1.1" 204 0 "" "gitlab-runner 11.10.1 (11-10-stable; go1.8.7; linux/amd64)"
172.18.0.4 - - [04/May/2019:09:19:37 +0000] "POST /api/v4/jobs/request HTTP/1.1" 204 0 "" "gitlab-runner 11.10.1 (11-10-stable; go1.8.7; linux/amd64)"
172.18.0.4 - - [04/May/2019:09:19:40 +0000] "POST /api/v4/jobs/request HTTP/1.1" 204 0 "" "gitlab-runner 11.10.1 (11-10-stable; go1.8.7; linux/amd64)"
172.18.0.4 - - [04/May/2019:09:19:43 +0000] "POST /api/v4/jobs/request HTTP/1.1" 204 0 "" "gitlab-runner 11.10.1 (11-10-stable; go1.8.7; linux/amd64)"
172.18.0.4 - - [04/May/2019:09:19:46 +0000] "POST /api/v4/jobs/request HTTP/1.1" 204 0 "" "gitlab-runner 11.10.1 (11-10-stable; go1.8.7; linux/amd64)"
172.18.0.4 - - [04/May/2019:09:19:49 +0000] "POST /api/v4/jobs/request HTTP/1.1" 204 0 "" "gitlab-runner 11.10.1 (11-10-stable; go1.8.7; linux/amd64)"
192.168.16.88 - - [04/May/2019:09:19:51 +0000] "POST /root/demo-project/update/master/sonar-project.properties HTTP/1.1" 302 142 "http://192.168.16.207/root/demo-project/edit/master/sonar-project.properties" "Mozilla/5.0 (Windows NT 10.0; Win64; x64) AppleWebKit/537.36 (KHTML, like Gecko) Chrome/73.0.3683.103 Safari/537.36"
192.168.16.88 - - [04/May/2019:09:19:51 +0000] "GET /root/demo-project/blob/master/sonar-project.properties HTTP/1.1" 200 12209 "http://192.168.16.207/root/demo-project/edit/master/sonar-project.properties" "Mozilla/5.0 (Windows NT 10.0; Win64; x64) AppleWebKit/537.36 (KHTML, like Gecko) Chrome/73.0.3683.103 Safari/537.36"
192.168.16.88 - - [04/May/2019:09:19:52 +0000] "GET /root/demo-project/blob/master/sonar-project.properties?format=json&viewer=simple HTTP/1.1" 200 1518 "http://192.168.16.207/root/demo-project/blob/master/sonar-project.properties" "Mozilla/5.0 (Windows NT 10.0; Win64; x64) AppleWebKit/537.36 (KHTML, like Gecko) Chrome/73.0.3683.103 Safari/537.36"
192.168.16.88 - - [04/May/2019:09:19:52 +0000] "GET /root/demo-project/commits/c54d6319c7bf6c56b06dec0f998ad4250439f475/signatures HTTP/1.1" 200 709 "http://192.168.16.207/root/demo-project/blob/master/sonar-project.properties" "Mozilla/5.0 (Windows NT 10.0; Win64; x64) AppleWebKit/537.36 (KHTML, like Gecko) Chrome/73.0.3683.103 Safari/537.36"
172.18.0.4 - - [04/May/2019:09:19:52 +0000] "POST /api/v4/jobs/request HTTP/1.1" 201 5383 "" "gitlab-runner 11.10.1 (11-10-stable; go1.8.7; linux/amd64)"
192.168.16.88 - - [04/May/2019:09:19:54 +0000] "GET /root/demo-project/pipelines HTTP/1.1" 200 9107 "http://192.168.16.207/root/demo-project/blob/master/sonar-project.properties" "Mozilla/5.0 (Windows NT 10.0; Win64; x64) AppleWebKit/537.36 (KHTML, like Gecko) Chrome/73.0.3683.103 Safari/537.36"
192.168.16.88 - - [04/May/2019:09:19:54 +0000] "GET /root/demo-project/pipelines.json?scope=all&page=1 HTTP/1.1" 200 3181 "http://192.168.16.207/root/demo-project/pipelines" "Mozilla/5.0 (Windows NT 10.0; Win64; x64) AppleWebKit/537.36 (KHTML, like Gecko) Chrome/73.0.3683.103 Safari/537.36"
192.168.16.88 - - [04/May/2019:09:19:55 +0000] "GET /root/demo-project/pipelines.json?scope=all&page=1 HTTP/1.1" 304 0 "http://192.168.16.207/root/demo-project/pipelines" "Mozilla/5.0 (Windows NT 10.0; Win64; x64) AppleWebKit/537.36 (KHTML, like Gecko) Chrome/73.0.3683.103 Safari/537.36"
172.18.0.4 - - [04/May/2019:09:19:55 +0000] "PATCH /api/v4/jobs/31/trace HTTP/1.1" 202 7 "" "gitlab-runner 11.10.1 (11-10-stable; go1.8.7; linux/amd64)"
172.18.0.6 - - [04/May/2019:09:19:55 +0000] "GET /root/demo-project.git/info/refs?service=git-upload-pack HTTP/1.1" 401 26 "" "git/2.20.1"
172.18.0.6 - gitlab-ci-token [04/May/2019:09:19:55 +0000] "GET /root/demo-project.git/info/refs?service=git-upload-pack HTTP/1.1" 200 1597 "" "git/2.20.1"
172.18.0.6 - gitlab-ci-token [04/May/2019:09:19:55 +0000] "POST /root/demo-project.git/git-upload-pack HTTP/1.1" 200 791 "" "git/2.20.1"
192.168.16.88 - - [04/May/2019:09:19:56 +0000] "GET /root/demo-project/pipelines/8 HTTP/1.1" 200 10681 "http://192.168.16.207/root/demo-project/pipelines" "Mozilla/5.0 (Windows NT 10.0; Win64; x64) AppleWebKit/537.36 (KHTML, like Gecko) Chrome/73.0.3683.103 Safari/537.36"
192.168.16.88 - - [04/May/2019:09:19:56 +0000] "GET /root/demo-project/pipelines/8/status.json HTTP/1.1" 200 309 "http://192.168.16.207/root/demo-project/pipelines/8" "Mozilla/5.0 (Windows NT 10.0; Win64; x64) AppleWebKit/537.36 (KHTML, like Gecko) Chrome/73.0.3683.103 Safari/537.36"
192.168.16.88 - - [04/May/2019:09:19:57 +0000] "GET /root/demo-project/pipelines/8.json HTTP/1.1" 200 1769 "http://192.168.16.207/root/demo-project/pipelines/8" "Mozilla/5.0 (Windows NT 10.0; Win64; x64) AppleWebKit/537.36 (KHTML, like Gecko) Chrome/73.0.3683.103 Safari/537.36"
192.168.16.88 - - [04/May/2019:09:19:58 +0000] "GET /root/demo-project/-/jobs/31 HTTP/1.1" 200 9055 "http://192.168.16.207/root/demo-project/pipelines/8" "Mozilla/5.0 (Windows NT 10.0; Win64; x64) AppleWebKit/537.36 (KHTML, like Gecko) Chrome/73.0.3683.103 Safari/537.36"
192.168.16.88 - - [04/May/2019:09:19:58 +0000] "GET /root/demo-project/-/jobs/31/trace.json?state= HTTP/1.1" 200 1543 "http://192.168.16.207/root/demo-project/-/jobs/31" "Mozilla/5.0 (Windows NT 10.0; Win64; x64) AppleWebKit/537.36 (KHTML, like Gecko) Chrome/73.0.3683.103 Safari/537.36"
192.168.16.88 - - [04/May/2019:09:19:58 +0000] "GET /root/demo-project/-/jobs/31.json HTTP/1.1" 200 1302 "http://192.168.16.207/root/demo-project/-/jobs/31" "Mozilla/5.0 (Windows NT 10.0; Win64; x64) AppleWebKit/537.36 (KHTML, like Gecko) Chrome/73.0.3683.103 Safari/537.36"
192.168.16.88 - - [04/May/2019:09:19:58 +0000] "GET /root/demo-project/pipelines/8.json HTTP/1.1" 304 0 "http://192.168.16.207/root/demo-project/-/jobs/31" "Mozilla/5.0 (Windows NT 10.0; Win64; x64) AppleWebKit/537.36 (KHTML, like Gecko) Chrome/73.0.3683.103 Safari/537.36"
192.168.16.88 - - [04/May/2019:09:19:58 +0000] "GET /root/demo-project/pipelines/8/stage.json?stage=codeAnalysis&retried=1 HTTP/1.1" 200 1537 "http://192.168.16.207/root/demo-project/-/jobs/31" "Mozilla/5.0 (Windows NT 10.0; Win64; x64) AppleWebKit/537.36 (KHTML, like Gecko) Chrome/73.0.3683.103 Safari/537.36"
172.18.0.4 - - [04/May/2019:09:19:58 +0000] "PATCH /api/v4/jobs/31/trace HTTP/1.1" 202 8 "" "gitlab-runner 11.10.1 (11-10-stable; go1.8.7; linux/amd64)"
172.18.0.4 - - [04/May/2019:09:20:01 +0000] "PATCH /api/v4/jobs/31/trace HTTP/1.1" 202 8 "" "gitlab-runner 11.10.1 (11-10-stable; go1.8.7; linux/amd64)"
192.168.16.88 - - [04/May/2019:09:20:02 +0000] "GET /root/demo-project/-/jobs/31/trace.json?state=eyJvZmZzZXQiOjY0MSwibl9vcGVuX3RhZ3MiOjAsImZnX2NvbG9yIjpudWxsLCJiZ19jb2xvciI6bnVsbCwic3R5bGVfbWFzayI6MH0%3D HTTP/1.1" 200 1878 "http://192.168.16.207/root/demo-project/-/jobs/31" "Mozilla/5.0 (Windows NT 10.0; Win64; x64) AppleWebKit/537.36 (KHTML, like Gecko) Chrome/73.0.3683.103 Safari/537.36"
172.18.0.4 - - [04/May/2019:09:20:04 +0000] "PATCH /api/v4/jobs/31/trace HTTP/1.1" 202 8 "" "gitlab-runner 11.10.1 (11-10-stable; go1.8.7; linux/amd64)"
192.168.16.88 - - [04/May/2019:09:20:07 +0000] "GET /root/demo-project/-/jobs/31/trace.json?state=eyJvZmZzZXQiOjEyNDMsIm5fb3Blbl90YWdzIjowLCJmZ19jb2xvciI6bnVsbCwiYmdfY29sb3IiOm51bGwsInN0eWxlX21hc2siOjB9 HTTP/1.1" 200 2022 "http://192.168.16.207/root/demo-project/-/jobs/31" "Mozilla/5.0 (Windows NT 10.0; Win64; x64) AppleWebKit/537.36 (KHTML, like Gecko) Chrome/73.0.3683.103 Safari/537.36"
172.18.0.4 - - [04/May/2019:09:20:08 +0000] "PATCH /api/v4/jobs/31/trace HTTP/1.1" 202 8 "" "gitlab-runner 11.10.1 (11-10-stable; go1.8.7; linux/amd64)"
192.168.16.88 - - [04/May/2019:09:20:10 +0000] "GET /root/demo-project/-/jobs/31.json HTTP/1.1" 200 1302 "http://192.168.16.207/root/demo-project/-/jobs/31" "Mozilla/5.0 (Windows NT 10.0; Win64; x64) AppleWebKit/537.36 (KHTML, like Gecko) Chrome/73.0.3683.103 Safari/537.36"
172.18.0.4 - - [04/May/2019:09:20:11 +0000] "PATCH /api/v4/jobs/31/trace HTTP/1.1" 202 8 "" "gitlab-runner 11.10.1 (11-10-stable; go1.8.7; linux/amd64)"
172.18.0.4 - - [04/May/2019:09:20:12 +0000] "PATCH /api/v4/jobs/31/trace HTTP/1.1" 202 8 "" "gitlab-runner 11.10.1 (11-10-stable; go1.8.7; linux/amd64)"
172.18.0.4 - - [04/May/2019:09:20:12 +0000] "PUT /api/v4/jobs/31 HTTP/1.1" 200 4 "" "gitlab-runner 11.10.1 (11-10-stable; go1.8.7; linux/amd64)"
192.168.16.88 - - [04/May/2019:09:20:12 +0000] "GET /root/demo-project/-/jobs/31/trace.json?state=eyJvZmZzZXQiOjI1ODYsIm5fb3Blbl90YWdzIjowLCJmZ19jb2xvciI6bnVsbCwiYmdfY29sb3IiOm51bGwsInN0eWxlX21hc2siOjB9 HTTP/1.1" 200 934 "http://192.168.16.207/root/demo-project/-/jobs/31" "Mozilla/5.0 (Windows NT 10.0; Win64; x64) AppleWebKit/537.36 (KHTML, like Gecko) Chrome/73.0.3683.103 Safari/537.36"
172.18.0.4 - - [04/May/2019:09:20:13 +0000] "POST /api/v4/jobs/request HTTP/1.1" 204 0 "" "gitlab-runner 11.10.1 (11-10-stable; go1.8.7; linux/amd64)"
172.18.0.4 - - [04/May/2019:09:20:16 +0000] "POST /api/v4/jobs/request HTTP/1.1" 204 0 "" "gitlab-runner 11.10.1 (11-10-stable; go1.8.7; linux/amd64)"
172.18.0.4 - - [04/May/2019:09:20:19 +0000] "POST /api/v4/jobs/request HTTP/1.1" 204 0 "" "gitlab-runner 11.10.1 (11-10-stable; go1.8.7; linux/amd64)"
172.18.0.4 - - [04/May/2019:09:20:22 +0000] "POST /api/v4/jobs/request HTTP/1.1" 204 0 "" "gitlab-runner 11.10.1 (11-10-stable; go1.8.7; linux/amd64)"
127.0.0.1 - - [04/May/2019:09:20:23 +0000] "GET /help HTTP/1.1" 200 79438 "" "curl/7.59.0-DEV"
172.18.0.4 - - [04/May/2019:09:20:25 +0000] "POST /api/v4/jobs/request HTTP/1.1" 204 0 "" "gitlab-runner 11.10.1 (11-10-stable; go1.8.7; linux/amd64)"
172.18.0.4 - - [04/May/2019:09:20:28 +0000] "POST /api/v4/jobs/request HTTP/1.1" 204 0 "" "gitlab-runner 11.10.1 (11-10-stable; go1.8.7; linux/amd64)"
192.168.16.88 - - [04/May/2019:09:20:28 +0000] "GET /root/demo-project/-/jobs/31.json HTTP/1.1" 200 1422 "http://192.168.16.207/root/demo-project/-/jobs/31" "Mozilla/5.0 (Windows NT 10.0; Win64; x64) AppleWebKit/537.36 (KHTML, like Gecko) Chrome/73.0.3683.103 Safari/537.36"
172.18.0.4 - - [04/May/2019:09:20:31 +0000] "POST /api/v4/jobs/request HTTP/1.1" 204 0 "" "gitlab-runner 11.10.1 (11-10-stable; go1.8.7; linux/amd64)"
172.18.0.4 - - [04/May/2019:09:20:34 +0000] "POST /api/v4/jobs/request HTTP/1.1" 204 0 "" "gitlab-runner 11.10.1 (11-10-stable; go1.8.7; linux/amd64)"
172.18.0.4 - - [04/May/2019:09:20:37 +0000] "POST /api/v4/jobs/request HTTP/1.1" 204 0 "" "gitlab-runner 11.10.1 (11-10-stable; go1.8.7; linux/amd64)"
192.168.16.88 - - [04/May/2019:09:20:38 +0000] "GET /root/demo-project/-/jobs/31.json HTTP/1.1" 304 0 "http://192.168.16.207/root/demo-project/-/jobs/31" "Mozilla/5.0 (Windows NT 10.0; Win64; x64) AppleWebKit/537.36 (KHTML, like Gecko) Chrome/73.0.3683.103 Safari/537.36"
172.18.0.4 - - [04/May/2019:09:20:40 +0000] "POST /api/v4/jobs/request HTTP/1.1" 204 0 "" "gitlab-runner 11.10.1 (11-10-stable; go1.8.7; linux/amd64)"
172.18.0.4 - - [04/May/2019:09:20:43 +0000] "POST /api/v4/jobs/request HTTP/1.1" 204 0 "" "gitlab-runner 11.10.1 (11-10-stable; go1.8.7; linux/amd64)"
172.18.0.4 - - [04/May/2019:09:20:46 +0000] "POST /api/v4/jobs/request HTTP/1.1" 204 0 "" "gitlab-runner 11.10.1 (11-10-stable; go1.8.7; linux/amd64)"
192.168.16.88 - - [04/May/2019:09:20:48 +0000] "GET /root/demo-project/-/jobs/31.json HTTP/1.1" 304 0 "http://192.168.16.207/root/demo-project/-/jobs/31" "Mozilla/5.0 (Windows NT 10.0; Win64; x64) AppleWebKit/537.36 (KHTML, like Gecko) Chrome/73.0.3683.103 Safari/537.36"
172.18.0.4 - - [04/May/2019:09:20:49 +0000] "POST /api/v4/jobs/request HTTP/1.1" 204 0 "" "gitlab-runner 11.10.1 (11-10-stable; go1.8.7; linux/amd64)"
172.18.0.4 - - [04/May/2019:09:20:52 +0000] "POST /api/v4/jobs/request HTTP/1.1" 204 0 "" "gitlab-runner 11.10.1 (11-10-stable; go1.8.7; linux/amd64)"
172.18.0.4 - - [04/May/2019:09:20:55 +0000] "POST /api/v4/jobs/request HTTP/1.1" 204 0 "" "gitlab-runner 11.10.1 (11-10-stable; go1.8.7; linux/amd64)"
192.168.16.88 - - [04/May/2019:09:20:55 +0000] "GET /root/demo-project/edit/master/sonar-project.properties HTTP/1.1" 200 14996 "http://192.168.16.207/root/demo-project/blob/master/sonar-project.properties" "Mozilla/5.0 (Windows NT 10.0; Win64; x64) AppleWebKit/537.36 (KHTML, like Gecko) Chrome/73.0.3683.103 Safari/537.36"
192.168.16.88 - - [04/May/2019:09:20:56 +0000] "GET /assets/select2.png HTTP/1.1" 404 19 "http://192.168.16.207/assets/application-38981e26a24308976f3a29d6e5e2beef57c7acda3ad0d5e7f6f149d58fd09d3d.css" "Mozilla/5.0 (Windows NT 10.0; Win64; x64) AppleWebKit/537.36 (KHTML, like Gecko) Chrome/73.0.3683.103 Safari/537.36"
172.18.0.4 - - [04/May/2019:09:20:58 +0000] "POST /api/v4/jobs/request HTTP/1.1" 204 0 "" "gitlab-runner 11.10.1 (11-10-stable; go1.8.7; linux/amd64)"
192.168.16.166 - - [04/May/2019:09:20:59 +0000] "GET /root/demo-project/info/refs?service=git-upload-pack HTTP/1.1" 301 143 "" "git/2.21.0.windows.1"
192.168.16.166 - - [04/May/2019:09:20:59 +0000] "GET /root/demo-project.git/info/refs?service=git-upload-pack HTTP/1.1" 401 26 "" "git/2.21.0.windows.1"
192.168.16.166 - root [04/May/2019:09:20:59 +0000] "GET /root/demo-project.git/info/refs?service=git-upload-pack HTTP/1.1" 200 1597 "" "git/2.21.0.windows.1"
192.168.16.88 - - [04/May/2019:09:21:00 +0000] "POST /root/demo-project/update/master/sonar-project.properties HTTP/1.1" 302 142 "http://192.168.16.207/root/demo-project/edit/master/sonar-project.properties" "Mozilla/5.0 (Windows NT 10.0; Win64; x64) AppleWebKit/537.36 (KHTML, like Gecko) Chrome/73.0.3683.103 Safari/537.36"
192.168.16.166 - root [04/May/2019:09:21:00 +0000] "POST /root/demo-project.git/git-upload-pack HTTP/1.1" 200 1443 "" "git/2.21.0.windows.1"
192.168.16.88 - - [04/May/2019:09:21:00 +0000] "GET /root/demo-project/blob/master/sonar-project.properties HTTP/1.1" 200 12215 "http://192.168.16.207/root/demo-project/edit/master/sonar-project.properties" "Mozilla/5.0 (Windows NT 10.0; Win64; x64) AppleWebKit/537.36 (KHTML, like Gecko) Chrome/73.0.3683.103 Safari/537.36"
192.168.16.88 - - [04/May/2019:09:21:00 +0000] "GET /root/demo-project/blob/master/sonar-project.properties?format=json&viewer=simple HTTP/1.1" 200 1517 "http://192.168.16.207/root/demo-project/blob/master/sonar-project.properties" "Mozilla/5.0 (Windows NT 10.0; Win64; x64) AppleWebKit/537.36 (KHTML, like Gecko) Chrome/73.0.3683.103 Safari/537.36"
192.168.16.88 - - [04/May/2019:09:21:00 +0000] "GET /root/demo-project/commits/030e05b0592df78609c5739ac33e4d35a8defeff/signatures HTTP/1.1" 200 709 "http://192.168.16.207/root/demo-project/blob/master/sonar-project.properties" "Mozilla/5.0 (Windows NT 10.0; Win64; x64) AppleWebKit/537.36 (KHTML, like Gecko) Chrome/73.0.3683.103 Safari/537.36"
172.18.0.4 - - [04/May/2019:09:21:01 +0000] "POST /api/v4/jobs/request HTTP/1.1" 201 5383 "" "gitlab-runner 11.10.1 (11-10-stable; go1.8.7; linux/amd64)"
192.168.16.88 - - [04/May/2019:09:21:01 +0000] "GET /root/demo-project/-/jobs/31.json HTTP/1.1" 200 1421 "http://192.168.16.207/root/demo-project/-/jobs/31" "Mozilla/5.0 (Windows NT 10.0; Win64; x64) AppleWebKit/537.36 (KHTML, like Gecko) Chrome/73.0.3683.103 Safari/537.36"
192.168.16.88 - - [04/May/2019:09:21:03 +0000] "GET /root/demo-project/pipelines HTTP/1.1" 200 9110 "http://192.168.16.207/root/demo-project/-/jobs/31" "Mozilla/5.0 (Windows NT 10.0; Win64; x64) AppleWebKit/537.36 (KHTML, like Gecko) Chrome/73.0.3683.103 Safari/537.36"
172.18.0.6 - - [04/May/2019:09:21:04 +0000] "GET /root/demo-project.git/info/refs?service=git-upload-pack HTTP/1.1" 401 26 "" "git/2.20.1"
172.18.0.6 - gitlab-ci-token [04/May/2019:09:21:04 +0000] "GET /root/demo-project.git/info/refs?service=git-upload-pack HTTP/1.1" 200 1597 "" "git/2.20.1"
172.18.0.4 - - [04/May/2019:09:21:04 +0000] "PATCH /api/v4/jobs/35/trace HTTP/1.1" 202 7 "" "gitlab-runner 11.10.1 (11-10-stable; go1.8.7; linux/amd64)"
172.18.0.6 - gitlab-ci-token [04/May/2019:09:21:04 +0000] "POST /root/demo-project.git/git-upload-pack HTTP/1.1" 200 816 "" "git/2.20.1"
192.168.16.88 - - [04/May/2019:09:21:04 +0000] "GET /root/demo-project/pipelines.json?scope=all&page=1 HTTP/1.1" 200 3368 "http://192.168.16.207/root/demo-project/pipelines" "Mozilla/5.0 (Windows NT 10.0; Win64; x64) AppleWebKit/537.36 (KHTML, like Gecko) Chrome/73.0.3683.103 Safari/537.36"
192.168.16.88 - - [04/May/2019:09:21:05 +0000] "GET /root/demo-project/pipelines/9 HTTP/1.1" 200 10710 "http://192.168.16.207/root/demo-project/pipelines" "Mozilla/5.0 (Windows NT 10.0; Win64; x64) AppleWebKit/537.36 (KHTML, like Gecko) Chrome/73.0.3683.103 Safari/537.36"
192.168.16.88 - - [04/May/2019:09:21:06 +0000] "GET /root/demo-project/pipelines/9/status.json HTTP/1.1" 200 309 "http://192.168.16.207/root/demo-project/pipelines/9" "Mozilla/5.0 (Windows NT 10.0; Win64; x64) AppleWebKit/537.36 (KHTML, like Gecko) Chrome/73.0.3683.103 Safari/537.36"
192.168.16.88 - - [04/May/2019:09:21:06 +0000] "GET /root/demo-project/pipelines/9.json HTTP/1.1" 200 1775 "http://192.168.16.207/root/demo-project/pipelines/9" "Mozilla/5.0 (Windows NT 10.0; Win64; x64) AppleWebKit/537.36 (KHTML, like Gecko) Chrome/73.0.3683.103 Safari/537.36"
192.168.16.88 - - [04/May/2019:09:21:07 +0000] "GET /root/demo-project/-/jobs/35 HTTP/1.1" 200 9063 "http://192.168.16.207/root/demo-project/pipelines/9" "Mozilla/5.0 (Windows NT 10.0; Win64; x64) AppleWebKit/537.36 (KHTML, like Gecko) Chrome/73.0.3683.103 Safari/537.36"
172.18.0.4 - - [04/May/2019:09:21:07 +0000] "PATCH /api/v4/jobs/35/trace HTTP/1.1" 202 8 "" "gitlab-runner 11.10.1 (11-10-stable; go1.8.7; linux/amd64)"
192.168.16.88 - - [04/May/2019:09:21:07 +0000] "GET /root/demo-project/-/jobs/35/trace.json?state= HTTP/1.1" 200 956 "http://192.168.16.207/root/demo-project/-/jobs/35" "Mozilla/5.0 (Windows NT 10.0; Win64; x64) AppleWebKit/537.36 (KHTML, like Gecko) Chrome/73.0.3683.103 Safari/537.36"
192.168.16.88 - - [04/May/2019:09:21:07 +0000] "GET /root/demo-project/-/jobs/35.json HTTP/1.1" 200 1303 "http://192.168.16.207/root/demo-project/-/jobs/35" "Mozilla/5.0 (Windows NT 10.0; Win64; x64) AppleWebKit/537.36 (KHTML, like Gecko) Chrome/73.0.3683.103 Safari/537.36"
192.168.16.88 - - [04/May/2019:09:21:07 +0000] "GET /root/demo-project/pipelines/9.json HTTP/1.1" 304 0 "http://192.168.16.207/root/demo-project/-/jobs/35" "Mozilla/5.0 (Windows NT 10.0; Win64; x64) AppleWebKit/537.36 (KHTML, like Gecko) Chrome/73.0.3683.103 Safari/537.36"
192.168.16.88 - - [04/May/2019:09:21:07 +0000] "GET /root/demo-project/pipelines/9/stage.json?stage=codeAnalysis&retried=1 HTTP/1.1" 200 1537 "http://192.168.16.207/root/demo-project/-/jobs/35" "Mozilla/5.0 (Windows NT 10.0; Win64; x64) AppleWebKit/537.36 (KHTML, like Gecko) Chrome/73.0.3683.103 Safari/537.36"
172.18.0.4 - - [04/May/2019:09:21:10 +0000] "PATCH /api/v4/jobs/35/trace HTTP/1.1" 202 8 "" "gitlab-runner 11.10.1 (11-10-stable; go1.8.7; linux/amd64)"
192.168.16.88 - - [04/May/2019:09:21:11 +0000] "GET /root/demo-project/-/jobs/35/trace.json?state=eyJvZmZzZXQiOjExNTUsIm5fb3Blbl90YWdzIjowLCJmZ19jb2xvciI6bnVsbCwiYmdfY29sb3IiOm51bGwsInN0eWxlX21hc2siOjB9 HTTP/1.1" 200 1065 "http://192.168.16.207/root/demo-project/-/jobs/35" "Mozilla/5.0 (Windows NT 10.0; Win64; x64) AppleWebKit/537.36 (KHTML, like Gecko) Chrome/73.0.3683.103 Safari/537.36"
172.18.0.4 - - [04/May/2019:09:21:13 +0000] "PATCH /api/v4/jobs/35/trace HTTP/1.1" 202 8 "" "gitlab-runner 11.10.1 (11-10-stable; go1.8.7; linux/amd64)"
192.168.16.88 - - [04/May/2019:09:21:15 +0000] "GET /root/demo-project/-/jobs/35/trace.json?state=eyJvZmZzZXQiOjE1OTEsIm5fb3Blbl90YWdzIjowLCJmZ19jb2xvciI6bnVsbCwiYmdfY29sb3IiOm51bGwsInN0eWxlX21hc2siOjB9 HTTP/1.1" 200 1900 "http://192.168.16.207/root/demo-project/-/jobs/35" "Mozilla/5.0 (Windows NT 10.0; Win64; x64) AppleWebKit/537.36 (KHTML, like Gecko) Chrome/73.0.3683.103 Safari/537.36"
172.18.0.4 - - [04/May/2019:09:21:16 +0000] "PATCH /api/v4/jobs/35/trace HTTP/1.1" 202 8 "" "gitlab-runner 11.10.1 (11-10-stable; go1.8.7; linux/amd64)"
192.168.16.88 - - [04/May/2019:09:21:17 +0000] "GET /root/demo-project/-/jobs/35.json HTTP/1.1" 200 1302 "http://192.168.16.207/root/demo-project/-/jobs/35" "Mozilla/5.0 (Windows NT 10.0; Win64; x64) AppleWebKit/537.36 (KHTML, like Gecko) Chrome/73.0.3683.103 Safari/537.36"
172.18.0.4 - - [04/May/2019:09:21:19 +0000] "PATCH /api/v4/jobs/35/trace HTTP/1.1" 202 8 "" "gitlab-runner 11.10.1 (11-10-stable; go1.8.7; linux/amd64)"
192.168.16.88 - - [04/May/2019:09:21:19 +0000] "GET /root/demo-project/-/jobs/35/trace.json?state=eyJvZmZzZXQiOjI4NTYsIm5fb3Blbl90YWdzIjowLCJmZ19jb2xvciI6bnVsbCwiYmdfY29sb3IiOm51bGwsInN0eWxlX21hc2siOjB9 HTTP/1.1" 200 1543 "http://192.168.16.207/root/demo-project/-/jobs/35" "Mozilla/5.0 (Windows NT 10.0; Win64; x64) AppleWebKit/537.36 (KHTML, like Gecko) Chrome/73.0.3683.103 Safari/537.36"
172.18.0.4 - - [04/May/2019:09:21:20 +0000] "PATCH /api/v4/jobs/35/trace HTTP/1.1" 202 8 "" "gitlab-runner 11.10.1 (11-10-stable; go1.8.7; linux/amd64)"
172.18.0.4 - - [04/May/2019:09:21:20 +0000] "PUT /api/v4/jobs/35 HTTP/1.1" 200 4 "" "gitlab-runner 11.10.1 (11-10-stable; go1.8.7; linux/amd64)"
172.18.0.4 - - [04/May/2019:09:21:20 +0000] "POST /api/v4/jobs/request HTTP/1.1" 204 0 "" "gitlab-runner 11.10.1 (11-10-stable; go1.8.7; linux/amd64)"
172.18.0.4 - - [04/May/2019:09:21:23 +0000] "POST /api/v4/jobs/request HTTP/1.1" 204 0 "" "gitlab-runner 11.10.1 (11-10-stable; go1.8.7; linux/amd64)"
127.0.0.1 - - [04/May/2019:09:21:23 +0000] "GET /help HTTP/1.1" 200 79438 "" "curl/7.59.0-DEV"
192.168.16.88 - - [04/May/2019:09:21:23 +0000] "GET /root/demo-project/-/jobs/35/trace.json?state=eyJvZmZzZXQiOjM3MDMsIm5fb3Blbl90YWdzIjowLCJmZ19jb2xvciI6bnVsbCwiYmdfY29sb3IiOm51bGwsInN0eWxlX21hc2siOjB9 HTTP/1.1" 200 902 "http://192.168.16.207/root/demo-project/-/jobs/35" "Mozilla/5.0 (Windows NT 10.0; Win64; x64) AppleWebKit/537.36 (KHTML, like Gecko) Chrome/73.0.3683.103 Safari/537.36"
172.18.0.4 - - [04/May/2019:09:21:26 +0000] "POST /api/v4/jobs/request HTTP/1.1" 204 0 "" "gitlab-runner 11.10.1 (11-10-stable; go1.8.7; linux/amd64)"
192.168.16.88 - - [04/May/2019:09:21:27 +0000] "GET /root/demo-project/-/jobs/35.json HTTP/1.1" 200 1423 "http://192.168.16.207/root/demo-project/-/jobs/35" "Mozilla/5.0 (Windows NT 10.0; Win64; x64) AppleWebKit/537.36 (KHTML, like Gecko) Chrome/73.0.3683.103 Safari/537.36"
172.18.0.4 - - [04/May/2019:09:21:29 +0000] "POST /api/v4/jobs/request HTTP/1.1" 204 0 "" "gitlab-runner 11.10.1 (11-10-stable; go1.8.7; linux/amd64)"
172.18.0.4 - - [04/May/2019:09:21:32 +0000] "POST /api/v4/jobs/request HTTP/1.1" 204 0 "" "gitlab-runner 11.10.1 (11-10-stable; go1.8.7; linux/amd64)"
172.18.0.4 - - [04/May/2019:09:21:35 +0000] "POST /api/v4/jobs/request HTTP/1.1" 204 0 "" "gitlab-runner 11.10.1 (11-10-stable; go1.8.7; linux/amd64)"
192.168.16.88 - - [04/May/2019:09:21:37 +0000] "GET /root/demo-project/-/jobs/35.json HTTP/1.1" 304 0 "http://192.168.16.207/root/demo-project/-/jobs/35" "Mozilla/5.0 (Windows NT 10.0; Win64; x64) AppleWebKit/537.36 (KHTML, like Gecko) Chrome/73.0.3683.103 Safari/537.36"
172.18.0.4 - - [04/May/2019:09:21:38 +0000] "POST /api/v4/jobs/request HTTP/1.1" 204 0 "" "gitlab-runner 11.10.1 (11-10-stable; go1.8.7; linux/amd64)"
172.18.0.4 - - [04/May/2019:09:21:41 +0000] "POST /api/v4/jobs/request HTTP/1.1" 204 0 "" "gitlab-runner 11.10.1 (11-10-stable; go1.8.7; linux/amd64)"
192.168.16.88 - - [04/May/2019:09:21:43 +0000] "GET /assets/webpack/vendors~gfm_copy_extra.aae19332.chunk.js HTTP/1.1" 200 108145 "http://192.168.16.207/root/demo-project/blob/master/sonar-project.properties" "Mozilla/5.0 (Windows NT 10.0; Win64; x64) AppleWebKit/537.36 (KHTML, like Gecko) Chrome/73.0.3683.103 Safari/537.36"
192.168.16.88 - - [04/May/2019:09:21:43 +0000] "GET /assets/webpack/gfm_copy_extra.1c2a01e4.chunk.js HTTP/1.1" 200 6390 "http://192.168.16.207/root/demo-project/blob/master/sonar-project.properties" "Mozilla/5.0 (Windows NT 10.0; Win64; x64) AppleWebKit/537.36 (KHTML, like Gecko) Chrome/73.0.3683.103 Safari/537.36"
172.18.0.4 - - [04/May/2019:09:21:44 +0000] "POST /api/v4/jobs/request HTTP/1.1" 204 0 "" "gitlab-runner 11.10.1 (11-10-stable; go1.8.7; linux/amd64)"
172.18.0.4 - - [04/May/2019:09:21:47 +0000] "POST /api/v4/jobs/request HTTP/1.1" 204 0 "" "gitlab-runner 11.10.1 (11-10-stable; go1.8.7; linux/amd64)"
172.18.0.4 - - [04/May/2019:09:21:50 +0000] "POST /api/v4/jobs/request HTTP/1.1" 204 0 "" "gitlab-runner 11.10.1 (11-10-stable; go1.8.7; linux/amd64)"
172.18.0.4 - - [04/May/2019:09:21:53 +0000] "POST /api/v4/jobs/request HTTP/1.1" 204 0 "" "gitlab-runner 11.10.1 (11-10-stable; go1.8.7; linux/amd64)"
172.18.0.4 - - [04/May/2019:09:21:56 +0000] "POST /api/v4/jobs/request HTTP/1.1" 204 0 "" "gitlab-runner 11.10.1 (11-10-stable; go1.8.7; linux/amd64)"
172.18.0.4 - - [04/May/2019:09:21:59 +0000] "POST /api/v4/jobs/request HTTP/1.1" 204 0 "" "gitlab-runner 11.10.1 (11-10-stable; go1.8.7; linux/amd64)"
172.18.0.4 - - [04/May/2019:09:22:02 +0000] "POST /api/v4/jobs/request HTTP/1.1" 204 0 "" "gitlab-runner 11.10.1 (11-10-stable; go1.8.7; linux/amd64)"
172.18.0.4 - - [04/May/2019:09:22:05 +0000] "POST /api/v4/jobs/request HTTP/1.1" 204 0 "" "gitlab-runner 11.10.1 (11-10-stable; go1.8.7; linux/amd64)"
172.18.0.4 - - [04/May/2019:09:22:08 +0000] "POST /api/v4/jobs/request HTTP/1.1" 204 0 "" "gitlab-runner 11.10.1 (11-10-stable; go1.8.7; linux/amd64)"
172.18.0.4 - - [04/May/2019:09:22:11 +0000] "POST /api/v4/jobs/request HTTP/1.1" 204 0 "" "gitlab-runner 11.10.1 (11-10-stable; go1.8.7; linux/amd64)"
172.18.0.4 - - [04/May/2019:09:22:14 +0000] "POST /api/v4/jobs/request HTTP/1.1" 204 0 "" "gitlab-runner 11.10.1 (11-10-stable; go1.8.7; linux/amd64)"
172.18.0.4 - - [04/May/2019:09:22:17 +0000] "POST /api/v4/jobs/request HTTP/1.1" 204 0 "" "gitlab-runner 11.10.1 (11-10-stable; go1.8.7; linux/amd64)"
172.18.0.4 - - [04/May/2019:09:22:20 +0000] "POST /api/v4/jobs/request HTTP/1.1" 204 0 "" "gitlab-runner 11.10.1 (11-10-stable; go1.8.7; linux/amd64)"
172.18.0.4 - - [04/May/2019:09:22:23 +0000] "POST /api/v4/jobs/request HTTP/1.1" 204 0 "" "gitlab-runner 11.10.1 (11-10-stable; go1.8.7; linux/amd64)"
127.0.0.1 - - [04/May/2019:09:22:23 +0000] "GET /help HTTP/1.1" 200 79438 "" "curl/7.59.0-DEV"
172.18.0.4 - - [04/May/2019:09:22:26 +0000] "POST /api/v4/jobs/request HTTP/1.1" 204 0 "" "gitlab-runner 11.10.1 (11-10-stable; go1.8.7; linux/amd64)"
172.18.0.4 - - [04/May/2019:09:22:29 +0000] "POST /api/v4/jobs/request HTTP/1.1" 204 0 "" "gitlab-runner 11.10.1 (11-10-stable; go1.8.7; linux/amd64)"
172.18.0.4 - - [04/May/2019:09:22:32 +0000] "POST /api/v4/jobs/request HTTP/1.1" 204 0 "" "gitlab-runner 11.10.1 (11-10-stable; go1.8.7; linux/amd64)"
172.18.0.4 - - [04/May/2019:09:22:35 +0000] "POST /api/v4/jobs/request HTTP/1.1" 204 0 "" "gitlab-runner 11.10.1 (11-10-stable; go1.8.7; linux/amd64)"
192.168.16.88 - - [04/May/2019:09:22:36 +0000] "GET /root/demo-project/-/jobs/35.json HTTP/1.1" 304 0 "http://192.168.16.207/root/demo-project/-/jobs/35" "Mozilla/5.0 (Windows NT 10.0; Win64; x64) AppleWebKit/537.36 (KHTML, like Gecko) Chrome/73.0.3683.103 Safari/537.36"
172.18.0.4 - - [04/May/2019:09:22:38 +0000] "POST /api/v4/jobs/request HTTP/1.1" 204 0 "" "gitlab-runner 11.10.1 (11-10-stable; go1.8.7; linux/amd64)"
192.168.16.88 - - [04/May/2019:09:22:40 +0000] "GET /root/demo-project/tree/master HTTP/1.1" 200 18477 "http://192.168.16.207/root/demo-project/tree/master/web-base/src/main/java/jp/rhp/web/base" "Mozilla/5.0 (Windows NT 10.0; Win64; x64) AppleWebKit/537.36 (KHTML, like Gecko) Chrome/73.0.3683.103 Safari/537.36"
192.168.16.88 - - [04/May/2019:09:22:40 +0000] "GET /root/demo-project/commit/030e05b0592df78609c5739ac33e4d35a8defeff/pipelines?ref=master HTTP/1.1" 200 1090 "http://192.168.16.207/root/demo-project/tree/master" "Mozilla/5.0 (Windows NT 10.0; Win64; x64) AppleWebKit/537.36 (KHTML, like Gecko) Chrome/73.0.3683.103 Safari/537.36"
192.168.16.88 - - [04/May/2019:09:22:40 +0000] "GET /root/demo-project/commits/030e05b0592df78609c5739ac33e4d35a8defeff/signatures HTTP/1.1" 304 0 "http://192.168.16.207/root/demo-project/tree/master" "Mozilla/5.0 (Windows NT 10.0; Win64; x64) AppleWebKit/537.36 (KHTML, like Gecko) Chrome/73.0.3683.103 Safari/537.36"
192.168.16.88 - - [04/May/2019:09:22:40 +0000] "GET /root/demo-project/refs/master/logs_tree/?format=js HTTP/1.1" 304 0 "http://192.168.16.207/root/demo-project/tree/master" "Mozilla/5.0 (Windows NT 10.0; Win64; x64) AppleWebKit/537.36 (KHTML, like Gecko) Chrome/73.0.3683.103 Safari/537.36"
192.168.16.88 - - [04/May/2019:09:22:41 +0000] "GET /root/demo-project/refs/master/logs_tree/?offset=25&format=js HTTP/1.1" 304 0 "http://192.168.16.207/root/demo-project/tree/master" "Mozilla/5.0 (Windows NT 10.0; Win64; x64) AppleWebKit/537.36 (KHTML, like Gecko) Chrome/73.0.3683.103 Safari/537.36"
192.168.16.88 - - [04/May/2019:09:22:41 +0000] "GET /root/demo-project/refs/master/logs_tree/?offset=50&format=js HTTP/1.1" 304 0 "http://192.168.16.207/root/demo-project/tree/master" "Mozilla/5.0 (Windows NT 10.0; Win64; x64) AppleWebKit/537.36 (KHTML, like Gecko) Chrome/73.0.3683.103 Safari/537.36"
172.18.0.4 - - [04/May/2019:09:22:41 +0000] "POST /api/v4/jobs/request HTTP/1.1" 204 0 "" "gitlab-runner 11.10.1 (11-10-stable; go1.8.7; linux/amd64)"
192.168.16.88 - - [04/May/2019:09:22:41 +0000] "GET /root/demo-project/refs/master/logs_tree/?offset=75&format=js HTTP/1.1" 304 0 "http://192.168.16.207/root/demo-project/tree/master" "Mozilla/5.0 (Windows NT 10.0; Win64; x64) AppleWebKit/537.36 (KHTML, like Gecko) Chrome/73.0.3683.103 Safari/537.36"
192.168.16.88 - - [04/May/2019:09:22:41 +0000] "GET /root/demo-project/refs/master/logs_tree/?offset=100&format=js HTTP/1.1" 200 1588 "http://192.168.16.207/root/demo-project/tree/master" "Mozilla/5.0 (Windows NT 10.0; Win64; x64) AppleWebKit/537.36 (KHTML, like Gecko) Chrome/73.0.3683.103 Safari/537.36"
192.168.16.88 - - [04/May/2019:09:22:42 +0000] "GET /root/demo-project/tree/master/build HTTP/1.1" 200 12828 "http://192.168.16.207/root/demo-project/tree/master" "Mozilla/5.0 (Windows NT 10.0; Win64; x64) AppleWebKit/537.36 (KHTML, like Gecko) Chrome/73.0.3683.103 Safari/537.36"
192.168.16.88 - - [04/May/2019:09:22:43 +0000] "GET /root/demo-project/refs/master/logs_tree/build?format=js HTTP/1.1" 304 0 "http://192.168.16.207/root/demo-project/tree/master/build" "Mozilla/5.0 (Windows NT 10.0; Win64; x64) AppleWebKit/537.36 (KHTML, like Gecko) Chrome/73.0.3683.103 Safari/537.36"
192.168.16.88 - - [04/May/2019:09:22:43 +0000] "GET /root/demo-project/commits/cddb6134c9a788621b21cb5abb5a0eb2b62546fb/signatures HTTP/1.1" 304 0 "http://192.168.16.207/root/demo-project/tree/master/build" "Mozilla/5.0 (Windows NT 10.0; Win64; x64) AppleWebKit/537.36 (KHTML, like Gecko) Chrome/73.0.3683.103 Safari/537.36"
172.18.0.4 - - [04/May/2019:09:22:44 +0000] "POST /api/v4/jobs/request HTTP/1.1" 204 0 "" "gitlab-runner 11.10.1 (11-10-stable; go1.8.7; linux/amd64)"
192.168.16.88 - - [04/May/2019:09:22:46 +0000] "GET /root/demo-project/tree/master/build/web HTTP/1.1" 200 12716 "http://192.168.16.207/root/demo-project/tree/master/build" "Mozilla/5.0 (Windows NT 10.0; Win64; x64) AppleWebKit/537.36 (KHTML, like Gecko) Chrome/73.0.3683.103 Safari/537.36"
192.168.16.88 - - [04/May/2019:09:22:46 +0000] "GET /root/demo-project/commits/b84db7bbe3769b1c698cdbf6037b6328cfc7d32f/signatures HTTP/1.1" 304 0 "http://192.168.16.207/root/demo-project/tree/master/build/web" "Mozilla/5.0 (Windows NT 10.0; Win64; x64) AppleWebKit/537.36 (KHTML, like Gecko) Chrome/73.0.3683.103 Safari/537.36"
192.168.16.88 - - [04/May/2019:09:22:46 +0000] "GET /root/demo-project/refs/master/logs_tree/build/web?format=js HTTP/1.1" 200 619 "http://192.168.16.207/root/demo-project/tree/master/build/web" "Mozilla/5.0 (Windows NT 10.0; Win64; x64) AppleWebKit/537.36 (KHTML, like Gecko) Chrome/73.0.3683.103 Safari/537.36"
172.18.0.4 - - [04/May/2019:09:22:47 +0000] "POST /api/v4/jobs/request HTTP/1.1" 204 0 "" "gitlab-runner 11.10.1 (11-10-stable; go1.8.7; linux/amd64)"
