127.0.0.1 - - [04/May/2019:07:45:42 +0000] "GET /help HTTP/1.1" 502 2940 "" "curl/7.59.0-DEV"
127.0.0.1 - - [04/May/2019:07:45:44 +0000] "GET /-/metrics HTTP/1.1" 502 2940 "" "Prometheus/2.6.1"
127.0.0.1 - - [04/May/2019:07:45:59 +0000] "GET /-/metrics HTTP/1.1" 502 2940 "" "Prometheus/2.6.1"
127.0.0.1 - - [04/May/2019:07:46:14 +0000] "GET /-/metrics HTTP/1.1" 502 2940 "" "Prometheus/2.6.1"
127.0.0.1 - - [04/May/2019:07:46:29 +0000] "GET /-/metrics HTTP/1.1" 502 2940 "" "Prometheus/2.6.1"
127.0.0.1 - - [04/May/2019:07:46:43 +0000] "GET /help HTTP/1.1" 502 2940 "" "curl/7.59.0-DEV"
127.0.0.1 - - [04/May/2019:07:46:44 +0000] "GET /-/metrics HTTP/1.1" 502 2940 "" "Prometheus/2.6.1"
127.0.0.1 - - [04/May/2019:07:46:59 +0000] "GET /-/metrics HTTP/1.1" 502 2940 "" "Prometheus/2.6.1"
127.0.0.1 - - [04/May/2019:07:47:14 +0000] "GET /-/metrics HTTP/1.1" 502 2940 "" "Prometheus/2.6.1"
127.0.0.1 - - [04/May/2019:07:47:29 +0000] "GET /-/metrics HTTP/1.1" 502 2940 "" "Prometheus/2.6.1"
192.168.16.88 - - [04/May/2019:07:48:36 +0000] "GET / HTTP/1.1" 502 2940 "" "Mozilla/5.0 (Windows NT 10.0; Win64; x64) AppleWebKit/537.36 (KHTML, like Gecko) Chrome/73.0.3683.103 Safari/537.36"
192.168.16.88 - - [04/May/2019:07:48:37 +0000] "GET /favicon.ico HTTP/1.1" 502 2940 "http://192.168.16.207/" "Mozilla/5.0 (Windows NT 10.0; Win64; x64) AppleWebKit/537.36 (KHTML, like Gecko) Chrome/73.0.3683.103 Safari/537.36"
192.168.16.88 - - [04/May/2019:07:48:38 +0000] "GET / HTTP/1.1" 502 2940 "" "Mozilla/5.0 (Windows NT 10.0; Win64; x64) AppleWebKit/537.36 (KHTML, like Gecko) Chrome/73.0.3683.103 Safari/537.36"
192.168.16.88 - - [04/May/2019:07:48:38 +0000] "GET /favicon.ico HTTP/1.1" 502 2940 "http://192.168.16.207/" "Mozilla/5.0 (Windows NT 10.0; Win64; x64) AppleWebKit/537.36 (KHTML, like Gecko) Chrome/73.0.3683.103 Safari/537.36"
192.168.16.88 - - [04/May/2019:07:48:39 +0000] "GET / HTTP/1.1" 502 2940 "" "Mozilla/5.0 (Windows NT 10.0; Win64; x64) AppleWebKit/537.36 (KHTML, like Gecko) Chrome/73.0.3683.103 Safari/537.36"
192.168.16.88 - - [04/May/2019:07:48:39 +0000] "GET /favicon.ico HTTP/1.1" 502 2940 "http://192.168.16.207/" "Mozilla/5.0 (Windows NT 10.0; Win64; x64) AppleWebKit/537.36 (KHTML, like Gecko) Chrome/73.0.3683.103 Safari/537.36"
192.168.16.88 - - [04/May/2019:07:48:39 +0000] "GET / HTTP/1.1" 502 2940 "" "Mozilla/5.0 (Windows NT 10.0; Win64; x64) AppleWebKit/537.36 (KHTML, like Gecko) Chrome/73.0.3683.103 Safari/537.36"
192.168.16.88 - - [04/May/2019:07:48:39 +0000] "GET /favicon.ico HTTP/1.1" 502 2940 "http://192.168.16.207/" "Mozilla/5.0 (Windows NT 10.0; Win64; x64) AppleWebKit/537.36 (KHTML, like Gecko) Chrome/73.0.3683.103 Safari/537.36"
192.168.16.88 - - [04/May/2019:07:48:39 +0000] "GET / HTTP/1.1" 502 2940 "" "Mozilla/5.0 (Windows NT 10.0; Win64; x64) AppleWebKit/537.36 (KHTML, like Gecko) Chrome/73.0.3683.103 Safari/537.36"
192.168.16.88 - - [04/May/2019:07:48:39 +0000] "GET /favicon.ico HTTP/1.1" 502 2940 "http://192.168.16.207/" "Mozilla/5.0 (Windows NT 10.0; Win64; x64) AppleWebKit/537.36 (KHTML, like Gecko) Chrome/73.0.3683.103 Safari/537.36"
192.168.16.88 - - [04/May/2019:07:48:39 +0000] "GET / HTTP/1.1" 502 2940 "" "Mozilla/5.0 (Windows NT 10.0; Win64; x64) AppleWebKit/537.36 (KHTML, like Gecko) Chrome/73.0.3683.103 Safari/537.36"
192.168.16.88 - - [04/May/2019:07:48:39 +0000] "GET /favicon.ico HTTP/1.1" 502 2940 "http://192.168.16.207/" "Mozilla/5.0 (Windows NT 10.0; Win64; x64) AppleWebKit/537.36 (KHTML, like Gecko) Chrome/73.0.3683.103 Safari/537.36"
192.168.16.88 - - [04/May/2019:07:48:39 +0000] "GET / HTTP/1.1" 502 2940 "" "Mozilla/5.0 (Windows NT 10.0; Win64; x64) AppleWebKit/537.36 (KHTML, like Gecko) Chrome/73.0.3683.103 Safari/537.36"
192.168.16.88 - - [04/May/2019:07:48:40 +0000] "GET /favicon.ico HTTP/1.1" 502 2940 "http://192.168.16.207/" "Mozilla/5.0 (Windows NT 10.0; Win64; x64) AppleWebKit/537.36 (KHTML, like Gecko) Chrome/73.0.3683.103 Safari/537.36"
192.168.16.88 - - [04/May/2019:07:48:40 +0000] "GET / HTTP/1.1" 502 2940 "" "Mozilla/5.0 (Windows NT 10.0; Win64; x64) AppleWebKit/537.36 (KHTML, like Gecko) Chrome/73.0.3683.103 Safari/537.36"
192.168.16.88 - - [04/May/2019:07:48:40 +0000] "GET /favicon.ico HTTP/1.1" 502 2940 "http://192.168.16.207/" "Mozilla/5.0 (Windows NT 10.0; Win64; x64) AppleWebKit/537.36 (KHTML, like Gecko) Chrome/73.0.3683.103 Safari/537.36"
192.168.16.88 - - [04/May/2019:07:48:40 +0000] "GET / HTTP/1.1" 502 2940 "" "Mozilla/5.0 (Windows NT 10.0; Win64; x64) AppleWebKit/537.36 (KHTML, like Gecko) Chrome/73.0.3683.103 Safari/537.36"
192.168.16.88 - - [04/May/2019:07:48:40 +0000] "GET /favicon.ico HTTP/1.1" 502 2940 "http://192.168.16.207/" "Mozilla/5.0 (Windows NT 10.0; Win64; x64) AppleWebKit/537.36 (KHTML, like Gecko) Chrome/73.0.3683.103 Safari/537.36"
192.168.16.88 - - [04/May/2019:07:48:40 +0000] "GET / HTTP/1.1" 502 2940 "" "Mozilla/5.0 (Windows NT 10.0; Win64; x64) AppleWebKit/537.36 (KHTML, like Gecko) Chrome/73.0.3683.103 Safari/537.36"
192.168.16.88 - - [04/May/2019:07:48:40 +0000] "GET /favicon.ico HTTP/1.1" 301 171 "http://192.168.16.207/" "Mozilla/5.0 (Windows NT 10.0; Win64; x64) AppleWebKit/537.36 (KHTML, like Gecko) Chrome/73.0.3683.103 Safari/537.36"
192.168.16.88 - - [04/May/2019:07:48:40 +0000] "GET /assets/favicon-7901bd695fb93edb07975966062049829afb56cf11511236e61bcf425070e36e.png HTTP/1.1" 200 1611 "http://192.168.16.207/" "Mozilla/5.0 (Windows NT 10.0; Win64; x64) AppleWebKit/537.36 (KHTML, like Gecko) Chrome/73.0.3683.103 Safari/537.36"
192.168.16.88 - - [04/May/2019:07:48:40 +0000] "GET / HTTP/1.1" 302 101 "" "Mozilla/5.0 (Windows NT 10.0; Win64; x64) AppleWebKit/537.36 (KHTML, like Gecko) Chrome/73.0.3683.103 Safari/537.36"
192.168.16.88 - - [04/May/2019:07:48:40 +0000] "GET /users/sign_in HTTP/1.1" 302 149 "" "Mozilla/5.0 (Windows NT 10.0; Win64; x64) AppleWebKit/537.36 (KHTML, like Gecko) Chrome/73.0.3683.103 Safari/537.36"
192.168.16.88 - - [04/May/2019:07:48:41 +0000] "GET /users/password/edit?reset_password_token=RQDfbrdHwWjRCFSsft4q HTTP/1.1" 499 0 "" "Mozilla/5.0 (Windows NT 10.0; Win64; x64) AppleWebKit/537.36 (KHTML, like Gecko) Chrome/73.0.3683.103 Safari/537.36"
192.168.16.88 - - [04/May/2019:07:48:41 +0000] "GET / HTTP/1.1" 302 101 "" "Mozilla/5.0 (Windows NT 10.0; Win64; x64) AppleWebKit/537.36 (KHTML, like Gecko) Chrome/73.0.3683.103 Safari/537.36"
192.168.16.88 - - [04/May/2019:07:48:42 +0000] "GET /users/sign_in HTTP/1.1" 302 149 "" "Mozilla/5.0 (Windows NT 10.0; Win64; x64) AppleWebKit/537.36 (KHTML, like Gecko) Chrome/73.0.3683.103 Safari/537.36"
192.168.16.88 - - [04/May/2019:07:48:42 +0000] "GET /users/password/edit?reset_password_token=Ym4iLpsEZbNARq5bcysD HTTP/1.1" 200 3621 "" "Mozilla/5.0 (Windows NT 10.0; Win64; x64) AppleWebKit/537.36 (KHTML, like Gecko) Chrome/73.0.3683.103 Safari/537.36"
192.168.16.88 - - [04/May/2019:07:48:42 +0000] "GET /assets/application-38981e26a24308976f3a29d6e5e2beef57c7acda3ad0d5e7f6f149d58fd09d3d.css HTTP/1.1" 200 133711 "http://192.168.16.207/users/password/edit" "Mozilla/5.0 (Windows NT 10.0; Win64; x64) AppleWebKit/537.36 (KHTML, like Gecko) Chrome/73.0.3683.103 Safari/537.36"
192.168.16.88 - - [04/May/2019:07:48:42 +0000] "GET /assets/highlight/themes/white-a165d47ce52cf24c29686366976ae691bd9addb9641a6abeb3ba6d1823b89aa8.css HTTP/1.1" 200 825 "http://192.168.16.207/users/password/edit" "Mozilla/5.0 (Windows NT 10.0; Win64; x64) AppleWebKit/537.36 (KHTML, like Gecko) Chrome/73.0.3683.103 Safari/537.36"
192.168.16.88 - - [04/May/2019:07:48:42 +0000] "GET /assets/webpack/runtime.1f581ba6.bundle.js HTTP/1.1" 200 1972 "http://192.168.16.207/users/password/edit" "Mozilla/5.0 (Windows NT 10.0; Win64; x64) AppleWebKit/537.36 (KHTML, like Gecko) Chrome/73.0.3683.103 Safari/537.36"
192.168.16.88 - - [04/May/2019:07:48:42 +0000] "GET /assets/webpack/default.a106d749.chunk.js HTTP/1.1" 200 159 "http://192.168.16.207/users/password/edit" "Mozilla/5.0 (Windows NT 10.0; Win64; x64) AppleWebKit/537.36 (KHTML, like Gecko) Chrome/73.0.3683.103 Safari/537.36"
192.168.16.88 - - [04/May/2019:07:48:42 +0000] "GET /assets/webpack/main.2f7fae40.chunk.js HTTP/1.1" 200 467113 "http://192.168.16.207/users/password/edit" "Mozilla/5.0 (Windows NT 10.0; Win64; x64) AppleWebKit/537.36 (KHTML, like Gecko) Chrome/73.0.3683.103 Safari/537.36"
192.168.16.88 - - [04/May/2019:07:48:42 +0000] "GET /assets/print-74c3df10dad473d66660c828e3aa54ca3bfeac6d8bb708643331403fe7211e60.css HTTP/1.1" 200 382 "http://192.168.16.207/users/password/edit" "Mozilla/5.0 (Windows NT 10.0; Win64; x64) AppleWebKit/537.36 (KHTML, like Gecko) Chrome/73.0.3683.103 Safari/537.36"
192.168.16.88 - - [04/May/2019:07:48:43 +0000] "GET /users/password/edit?reset_password_token=Ym4iLpsEZbNARq5bcysD HTTP/1.1" 200 3556 "" "Mozilla/5.0 (Windows NT 10.0; Win64; x64) AppleWebKit/537.36 (KHTML, like Gecko) Chrome/73.0.3683.103 Safari/537.36"
192.168.16.88 - - [04/May/2019:07:48:43 +0000] "GET /assets/webpack/main.2f7fae40.chunk.js HTTP/1.1" 200 467113 "http://192.168.16.207/users/password/edit" "Mozilla/5.0 (Windows NT 10.0; Win64; x64) AppleWebKit/537.36 (KHTML, like Gecko) Chrome/73.0.3683.103 Safari/537.36"
192.168.16.88 - - [04/May/2019:07:48:43 +0000] "GET /assets/favicon-7901bd695fb93edb07975966062049829afb56cf11511236e61bcf425070e36e.png HTTP/1.1" 200 1611 "http://192.168.16.207/users/password/edit" "Mozilla/5.0 (Windows NT 10.0; Win64; x64) AppleWebKit/537.36 (KHTML, like Gecko) Chrome/73.0.3683.103 Safari/537.36"
127.0.0.1 - - [04/May/2019:07:48:46 +0000] "GET /help HTTP/1.1" 200 79454 "" "curl/7.59.0-DEV"
192.168.16.88 - - [04/May/2019:07:49:02 +0000] "POST /users/password HTTP/1.1" 302 101 "http://192.168.16.207/users/password/edit" "Mozilla/5.0 (Windows NT 10.0; Win64; x64) AppleWebKit/537.36 (KHTML, like Gecko) Chrome/73.0.3683.103 Safari/537.36"
192.168.16.88 - - [04/May/2019:07:49:02 +0000] "GET /users/sign_in HTTP/1.1" 200 4367 "http://192.168.16.207/users/password/edit" "Mozilla/5.0 (Windows NT 10.0; Win64; x64) AppleWebKit/537.36 (KHTML, like Gecko) Chrome/73.0.3683.103 Safari/537.36"
192.168.16.88 - - [04/May/2019:07:49:02 +0000] "GET /assets/webpack/pages.sessions.new.7e97e57d.chunk.js HTTP/1.1" 200 4027 "http://192.168.16.207/users/sign_in" "Mozilla/5.0 (Windows NT 10.0; Win64; x64) AppleWebKit/537.36 (KHTML, like Gecko) Chrome/73.0.3683.103 Safari/537.36"
192.168.16.88 - - [04/May/2019:07:49:02 +0000] "GET /assets/webpack/commons~pages.ldap.omniauth_callbacks~pages.omniauth_callbacks~pages.sessions~pages.sessions.new.e8265136.chunk.js HTTP/1.1" 200 3635 "http://192.168.16.207/users/sign_in" "Mozilla/5.0 (Windows NT 10.0; Win64; x64) AppleWebKit/537.36 (KHTML, like Gecko) Chrome/73.0.3683.103 Safari/537.36"
192.168.16.88 - - [04/May/2019:07:49:12 +0000] "POST /users/sign_in HTTP/1.1" 302 88 "http://192.168.16.207/users/sign_in" "Mozilla/5.0 (Windows NT 10.0; Win64; x64) AppleWebKit/537.36 (KHTML, like Gecko) Chrome/73.0.3683.103 Safari/537.36"
192.168.16.88 - - [04/May/2019:07:49:12 +0000] "GET / HTTP/1.1" 200 8371 "http://192.168.16.207/users/sign_in" "Mozilla/5.0 (Windows NT 10.0; Win64; x64) AppleWebKit/537.36 (KHTML, like Gecko) Chrome/73.0.3683.103 Safari/537.36"
192.168.16.88 - - [04/May/2019:07:49:13 +0000] "GET /assets/webpack/pages.root.7cf9528f.chunk.js HTTP/1.1" 200 1123 "http://192.168.16.207/" "Mozilla/5.0 (Windows NT 10.0; Win64; x64) AppleWebKit/537.36 (KHTML, like Gecko) Chrome/73.0.3683.103 Safari/537.36"
192.168.16.88 - - [04/May/2019:07:49:13 +0000] "GET /assets/icons-b2073af7ca0641787eb4596951b695079519da1937a262a886bb12c2b0fac181.svg HTTP/1.1" 200 32721 "http://192.168.16.207/" "Mozilla/5.0 (Windows NT 10.0; Win64; x64) AppleWebKit/537.36 (KHTML, like Gecko) Chrome/73.0.3683.103 Safari/537.36"
192.168.16.88 - - [04/May/2019:07:49:16 +0000] "GET /projects/new HTTP/1.1" 200 14129 "http://192.168.16.207/" "Mozilla/5.0 (Windows NT 10.0; Win64; x64) AppleWebKit/537.36 (KHTML, like Gecko) Chrome/73.0.3683.103 Safari/537.36"
192.168.16.88 - - [04/May/2019:07:49:16 +0000] "GET /assets/webpack/pages.projects.new.8cd7a61a.chunk.js HTTP/1.1" 200 4942 "http://192.168.16.207/projects/new" "Mozilla/5.0 (Windows NT 10.0; Win64; x64) AppleWebKit/537.36 (KHTML, like Gecko) Chrome/73.0.3683.103 Safari/537.36"
192.168.16.88 - - [04/May/2019:07:49:16 +0000] "GET /assets/webpack/commons~pages.groups~pages.groups.activity~pages.groups.boards~pages.groups.clusters.destroy~pages.g~052f965e.1a94683c.chunk.js HTTP/1.1" 200 4955 "http://192.168.16.207/projects/new" "Mozilla/5.0 (Windows NT 10.0; Win64; x64) AppleWebKit/537.36 (KHTML, like Gecko) Chrome/73.0.3683.103 Safari/537.36"
192.168.16.88 - - [04/May/2019:07:49:16 +0000] "GET /assets/webpack/vendors~select2.6abc072e.chunk.js HTTP/1.1" 200 17940 "http://192.168.16.207/projects/new" "Mozilla/5.0 (Windows NT 10.0; Win64; x64) AppleWebKit/537.36 (KHTML, like Gecko) Chrome/73.0.3683.103 Safari/537.36"
192.168.16.88 - - [04/May/2019:07:49:16 +0000] "GET /assets/fontawesome-webfont-2adefcbc041e7d18fcf2d417879dc5a09997aa64d675b7a3c4b6ce33da13f3fe.woff2 HTTP/1.1" 200 77160 "http://192.168.16.207/assets/application-38981e26a24308976f3a29d6e5e2beef57c7acda3ad0d5e7f6f149d58fd09d3d.css" "Mozilla/5.0 (Windows NT 10.0; Win64; x64) AppleWebKit/537.36 (KHTML, like Gecko) Chrome/73.0.3683.103 Safari/537.36"
192.168.16.88 - - [04/May/2019:07:49:16 +0000] "GET /assets/select2.png HTTP/1.1" 404 19 "http://192.168.16.207/assets/application-38981e26a24308976f3a29d6e5e2beef57c7acda3ad0d5e7f6f149d58fd09d3d.css" "Mozilla/5.0 (Windows NT 10.0; Win64; x64) AppleWebKit/537.36 (KHTML, like Gecko) Chrome/73.0.3683.103 Safari/537.36"
192.168.16.88 - - [04/May/2019:07:49:16 +0000] "GET /assets/select2-d6b5d8d83dbc18fb8d77c8761d331cd9e5123c9684950bab0406e98a24ac5ae8.png HTTP/1.1" 200 613 "http://192.168.16.207/assets/application-38981e26a24308976f3a29d6e5e2beef57c7acda3ad0d5e7f6f149d58fd09d3d.css" "Mozilla/5.0 (Windows NT 10.0; Win64; x64) AppleWebKit/537.36 (KHTML, like Gecko) Chrome/73.0.3683.103 Safari/537.36"
127.0.0.1 - - [04/May/2019:07:49:47 +0000] "GET /help HTTP/1.1" 200 79454 "" "curl/7.59.0-DEV"
192.168.16.166 - - [04/May/2019:07:50:07 +0000] "GET / HTTP/1.1" 302 101 "" "Mozilla/5.0 (Windows NT 10.0; Win64; x64) AppleWebKit/537.36 (KHTML, like Gecko) Chrome/74.0.3729.131 Safari/537.36"
192.168.16.166 - - [04/May/2019:07:50:08 +0000] "GET /users/sign_in HTTP/1.1" 200 4305 "" "Mozilla/5.0 (Windows NT 10.0; Win64; x64) AppleWebKit/537.36 (KHTML, like Gecko) Chrome/74.0.3729.131 Safari/537.36"
192.168.16.166 - - [04/May/2019:07:50:08 +0000] "GET /assets/highlight/themes/white-a165d47ce52cf24c29686366976ae691bd9addb9641a6abeb3ba6d1823b89aa8.css HTTP/1.1" 200 825 "http://192.168.16.207/users/sign_in" "Mozilla/5.0 (Windows NT 10.0; Win64; x64) AppleWebKit/537.36 (KHTML, like Gecko) Chrome/74.0.3729.131 Safari/537.36"
192.168.16.166 - - [04/May/2019:07:50:08 +0000] "GET /assets/application-38981e26a24308976f3a29d6e5e2beef57c7acda3ad0d5e7f6f149d58fd09d3d.css HTTP/1.1" 200 133711 "http://192.168.16.207/users/sign_in" "Mozilla/5.0 (Windows NT 10.0; Win64; x64) AppleWebKit/537.36 (KHTML, like Gecko) Chrome/74.0.3729.131 Safari/537.36"
192.168.16.166 - - [04/May/2019:07:50:08 +0000] "GET /assets/webpack/runtime.1f581ba6.bundle.js HTTP/1.1" 200 1972 "http://192.168.16.207/users/sign_in" "Mozilla/5.0 (Windows NT 10.0; Win64; x64) AppleWebKit/537.36 (KHTML, like Gecko) Chrome/74.0.3729.131 Safari/537.36"
192.168.16.166 - - [04/May/2019:07:50:08 +0000] "GET /assets/webpack/main.2f7fae40.chunk.js HTTP/1.1" 200 467113 "http://192.168.16.207/users/sign_in" "Mozilla/5.0 (Windows NT 10.0; Win64; x64) AppleWebKit/537.36 (KHTML, like Gecko) Chrome/74.0.3729.131 Safari/537.36"
192.168.16.166 - - [04/May/2019:07:50:08 +0000] "GET /assets/webpack/commons~pages.ldap.omniauth_callbacks~pages.omniauth_callbacks~pages.sessions~pages.sessions.new.e8265136.chunk.js HTTP/1.1" 200 3635 "http://192.168.16.207/users/sign_in" "Mozilla/5.0 (Windows NT 10.0; Win64; x64) AppleWebKit/537.36 (KHTML, like Gecko) Chrome/74.0.3729.131 Safari/537.36"
192.168.16.166 - - [04/May/2019:07:50:08 +0000] "GET /assets/webpack/pages.sessions.new.7e97e57d.chunk.js HTTP/1.1" 200 4027 "http://192.168.16.207/users/sign_in" "Mozilla/5.0 (Windows NT 10.0; Win64; x64) AppleWebKit/537.36 (KHTML, like Gecko) Chrome/74.0.3729.131 Safari/537.36"
192.168.16.166 - - [04/May/2019:07:50:08 +0000] "GET /assets/print-74c3df10dad473d66660c828e3aa54ca3bfeac6d8bb708643331403fe7211e60.css HTTP/1.1" 200 382 "http://192.168.16.207/users/sign_in" "Mozilla/5.0 (Windows NT 10.0; Win64; x64) AppleWebKit/537.36 (KHTML, like Gecko) Chrome/74.0.3729.131 Safari/537.36"
192.168.16.166 - - [04/May/2019:07:50:08 +0000] "GET /assets/favicon-7901bd695fb93edb07975966062049829afb56cf11511236e61bcf425070e36e.png HTTP/1.1" 200 1611 "http://192.168.16.207/users/sign_in" "Mozilla/5.0 (Windows NT 10.0; Win64; x64) AppleWebKit/537.36 (KHTML, like Gecko) Chrome/74.0.3729.131 Safari/537.36"
192.168.16.166 - - [04/May/2019:07:50:19 +0000] "POST /users/sign_in HTTP/1.1" 302 88 "http://192.168.16.207/users/sign_in" "Mozilla/5.0 (Windows NT 10.0; Win64; x64) AppleWebKit/537.36 (KHTML, like Gecko) Chrome/74.0.3729.131 Safari/537.36"
192.168.16.166 - - [04/May/2019:07:50:19 +0000] "GET / HTTP/1.1" 200 8371 "http://192.168.16.207/users/sign_in" "Mozilla/5.0 (Windows NT 10.0; Win64; x64) AppleWebKit/537.36 (KHTML, like Gecko) Chrome/74.0.3729.131 Safari/537.36"
192.168.16.166 - - [04/May/2019:07:50:19 +0000] "GET /assets/webpack/pages.root.7cf9528f.chunk.js HTTP/1.1" 200 1123 "http://192.168.16.207/" "Mozilla/5.0 (Windows NT 10.0; Win64; x64) AppleWebKit/537.36 (KHTML, like Gecko) Chrome/74.0.3729.131 Safari/537.36"
192.168.16.166 - - [04/May/2019:07:50:19 +0000] "GET /assets/icons-b2073af7ca0641787eb4596951b695079519da1937a262a886bb12c2b0fac181.svg HTTP/1.1" 200 32721 "http://192.168.16.207/" "Mozilla/5.0 (Windows NT 10.0; Win64; x64) AppleWebKit/537.36 (KHTML, like Gecko) Chrome/74.0.3729.131 Safari/537.36"
192.168.16.166 - - [04/May/2019:07:50:24 +0000] "GET /projects/new HTTP/1.1" 200 14127 "http://192.168.16.207/" "Mozilla/5.0 (Windows NT 10.0; Win64; x64) AppleWebKit/537.36 (KHTML, like Gecko) Chrome/74.0.3729.131 Safari/537.36"
192.168.16.166 - - [04/May/2019:07:50:24 +0000] "GET /assets/webpack/commons~pages.groups~pages.groups.activity~pages.groups.boards~pages.groups.clusters.destroy~pages.g~052f965e.1a94683c.chunk.js HTTP/1.1" 200 4955 "http://192.168.16.207/projects/new" "Mozilla/5.0 (Windows NT 10.0; Win64; x64) AppleWebKit/537.36 (KHTML, like Gecko) Chrome/74.0.3729.131 Safari/537.36"
192.168.16.166 - - [04/May/2019:07:50:24 +0000] "GET /assets/webpack/pages.projects.new.8cd7a61a.chunk.js HTTP/1.1" 200 4942 "http://192.168.16.207/projects/new" "Mozilla/5.0 (Windows NT 10.0; Win64; x64) AppleWebKit/537.36 (KHTML, like Gecko) Chrome/74.0.3729.131 Safari/537.36"
192.168.16.166 - - [04/May/2019:07:50:24 +0000] "GET /assets/webpack/vendors~select2.6abc072e.chunk.js HTTP/1.1" 200 17940 "http://192.168.16.207/projects/new" "Mozilla/5.0 (Windows NT 10.0; Win64; x64) AppleWebKit/537.36 (KHTML, like Gecko) Chrome/74.0.3729.131 Safari/537.36"
192.168.16.166 - - [04/May/2019:07:50:24 +0000] "GET /assets/fontawesome-webfont-2adefcbc041e7d18fcf2d417879dc5a09997aa64d675b7a3c4b6ce33da13f3fe.woff2 HTTP/1.1" 200 77160 "http://192.168.16.207/assets/application-38981e26a24308976f3a29d6e5e2beef57c7acda3ad0d5e7f6f149d58fd09d3d.css" "Mozilla/5.0 (Windows NT 10.0; Win64; x64) AppleWebKit/537.36 (KHTML, like Gecko) Chrome/74.0.3729.131 Safari/537.36"
192.168.16.166 - - [04/May/2019:07:50:25 +0000] "GET /assets/select2.png HTTP/1.1" 404 19 "http://192.168.16.207/assets/application-38981e26a24308976f3a29d6e5e2beef57c7acda3ad0d5e7f6f149d58fd09d3d.css" "Mozilla/5.0 (Windows NT 10.0; Win64; x64) AppleWebKit/537.36 (KHTML, like Gecko) Chrome/74.0.3729.131 Safari/537.36"
192.168.16.166 - - [04/May/2019:07:50:25 +0000] "GET /assets/select2-d6b5d8d83dbc18fb8d77c8761d331cd9e5123c9684950bab0406e98a24ac5ae8.png HTTP/1.1" 200 613 "http://192.168.16.207/assets/application-38981e26a24308976f3a29d6e5e2beef57c7acda3ad0d5e7f6f149d58fd09d3d.css" "Mozilla/5.0 (Windows NT 10.0; Win64; x64) AppleWebKit/537.36 (KHTML, like Gecko) Chrome/74.0.3729.131 Safari/537.36"
192.168.16.166 - - [04/May/2019:07:50:32 +0000] "GET /assets/select2-spinner-f6ecff617ec2ba7f559e6f535cad9b70a3f91120737535dab4d4548a6c83576c.gif HTTP/1.1" 200 1849 "http://192.168.16.207/assets/application-38981e26a24308976f3a29d6e5e2beef57c7acda3ad0d5e7f6f149d58fd09d3d.css" "Mozilla/5.0 (Windows NT 10.0; Win64; x64) AppleWebKit/537.36 (KHTML, like Gecko) Chrome/74.0.3729.131 Safari/537.36"
192.168.16.166 - - [04/May/2019:07:50:40 +0000] "POST /projects HTTP/1.1" 302 105 "http://192.168.16.207/projects/new" "Mozilla/5.0 (Windows NT 10.0; Win64; x64) AppleWebKit/537.36 (KHTML, like Gecko) Chrome/74.0.3729.131 Safari/537.36"
192.168.16.166 - - [04/May/2019:07:50:40 +0000] "GET /root/demo-project HTTP/1.1" 200 12498 "http://192.168.16.207/projects/new" "Mozilla/5.0 (Windows NT 10.0; Win64; x64) AppleWebKit/537.36 (KHTML, like Gecko) Chrome/74.0.3729.131 Safari/537.36"
192.168.16.166 - - [04/May/2019:07:50:40 +0000] "GET /assets/webpack/commons~pages.groups.milestones.edit~pages.groups.milestones.new~pages.projects.blame.show~pages.pro~bedd5722.3528728f.chunk.js HTTP/1.1" 200 11358 "http://192.168.16.207/root/demo-project" "Mozilla/5.0 (Windows NT 10.0; Win64; x64) AppleWebKit/537.36 (KHTML, like Gecko) Chrome/74.0.3729.131 Safari/537.36"
192.168.16.166 - - [04/May/2019:07:50:40 +0000] "GET /assets/webpack/pages.projects.show.2371d4d6.chunk.js HTTP/1.1" 200 10935 "http://192.168.16.207/root/demo-project" "Mozilla/5.0 (Windows NT 10.0; Win64; x64) AppleWebKit/537.36 (KHTML, like Gecko) Chrome/74.0.3729.131 Safari/537.36"
127.0.0.1 - - [04/May/2019:07:50:48 +0000] "GET /help HTTP/1.1" 200 79454 "" "curl/7.59.0-DEV"
192.168.16.88 - - [04/May/2019:07:51:04 +0000] "GET / HTTP/1.1" 200 7458 "http://192.168.16.207/projects/new" "Mozilla/5.0 (Windows NT 10.0; Win64; x64) AppleWebKit/537.36 (KHTML, like Gecko) Chrome/73.0.3683.103 Safari/537.36"
192.168.16.88 - - [04/May/2019:07:51:21 +0000] "GET /root/demo-project HTTP/1.1" 200 12252 "http://192.168.16.207/" "Mozilla/5.0 (Windows NT 10.0; Win64; x64) AppleWebKit/537.36 (KHTML, like Gecko) Chrome/73.0.3683.103 Safari/537.36"
192.168.16.88 - - [04/May/2019:07:51:21 +0000] "GET /assets/webpack/commons~pages.groups.milestones.edit~pages.groups.milestones.new~pages.projects.blame.show~pages.pro~bedd5722.3528728f.chunk.js HTTP/1.1" 200 11358 "http://192.168.16.207/root/demo-project" "Mozilla/5.0 (Windows NT 10.0; Win64; x64) AppleWebKit/537.36 (KHTML, like Gecko) Chrome/73.0.3683.103 Safari/537.36"
192.168.16.88 - - [04/May/2019:07:51:22 +0000] "GET /assets/webpack/pages.projects.show.2371d4d6.chunk.js HTTP/1.1" 200 10935 "http://192.168.16.207/root/demo-project" "Mozilla/5.0 (Windows NT 10.0; Win64; x64) AppleWebKit/537.36 (KHTML, like Gecko) Chrome/73.0.3683.103 Safari/537.36"
192.168.16.88 - - [04/May/2019:07:51:28 +0000] "GET /root/demo-project/settings/ci_cd HTTP/1.1" 200 16133 "http://192.168.16.207/root/demo-project" "Mozilla/5.0 (Windows NT 10.0; Win64; x64) AppleWebKit/537.36 (KHTML, like Gecko) Chrome/73.0.3683.103 Safari/537.36"
192.168.16.88 - - [04/May/2019:07:51:28 +0000] "GET /assets/webpack/pages.projects.settings.ci_cd.show.efffb0c6.chunk.js HTTP/1.1" 200 7208 "http://192.168.16.207/root/demo-project/settings/ci_cd" "Mozilla/5.0 (Windows NT 10.0; Win64; x64) AppleWebKit/537.36 (KHTML, like Gecko) Chrome/73.0.3683.103 Safari/537.36"
192.168.16.88 - - [04/May/2019:07:51:29 +0000] "GET /root/demo-project/badges/master/pipeline.svg HTTP/1.1" 200 950 "http://192.168.16.207/root/demo-project/settings/ci_cd" "Mozilla/5.0 (Windows NT 10.0; Win64; x64) AppleWebKit/537.36 (KHTML, like Gecko) Chrome/73.0.3683.103 Safari/537.36"
192.168.16.88 - - [04/May/2019:07:51:29 +0000] "GET /root/demo-project/badges/master/coverage.svg HTTP/1.1" 200 950 "http://192.168.16.207/root/demo-project/settings/ci_cd" "Mozilla/5.0 (Windows NT 10.0; Win64; x64) AppleWebKit/537.36 (KHTML, like Gecko) Chrome/73.0.3683.103 Safari/537.36"
127.0.0.1 - - [04/May/2019:07:51:48 +0000] "GET /help HTTP/1.1" 200 79454 "" "curl/7.59.0-DEV"
192.168.16.166 - - [04/May/2019:07:52:44 +0000] "GET /root/demo-project/info/refs?service=git-receive-pack HTTP/1.1" 301 144 "" "git/2.21.0.windows.1"
192.168.16.166 - - [04/May/2019:07:52:44 +0000] "GET /root/demo-project.git/info/refs?service=git-receive-pack HTTP/1.1" 401 26 "" "git/2.21.0.windows.1"
192.168.16.166 - - [04/May/2019:07:52:44 +0000] "HEAD /root/demo-project HTTP/1.1" 302 0 "" "git-credential-manager (Microsoft Windows NT 6.2.9200.0; Win32NT; x64) CLR/4.0.30319 git-tools/1.18.4"
127.0.0.1 - - [04/May/2019:07:52:49 +0000] "GET /help HTTP/1.1" 200 79454 "" "curl/7.59.0-DEV"
192.168.16.166 - root [04/May/2019:07:52:52 +0000] "GET /root/demo-project.git/info/refs?service=git-receive-pack HTTP/1.1" 200 193 "" "git/2.21.0.windows.1"
192.168.16.166 - root [04/May/2019:07:52:59 +0000] "POST /root/demo-project.git/git-receive-pack HTTP/1.1" 200 0 "" "git/2.21.0.windows.1"
192.168.16.166 - root [04/May/2019:07:53:06 +0000] "POST /root/demo-project.git/git-receive-pack HTTP/1.1" 200 344 "" "git/2.21.0.windows.1"
172.18.0.4 - - [04/May/2019:07:53:13 +0000] "POST /api/v4/runners HTTP/1.1" 201 39 "" "gitlab-runner 11.10.1 (11-10-stable; go1.8.7; linux/amd64)"
192.168.16.166 - - [04/May/2019:07:53:17 +0000] "GET /root/demo-project HTTP/1.1" 200 22434 "http://192.168.16.207/root/demo-project" "Mozilla/5.0 (Windows NT 10.0; Win64; x64) AppleWebKit/537.36 (KHTML, like Gecko) Chrome/74.0.3729.131 Safari/537.36"
192.168.16.166 - - [04/May/2019:07:53:17 +0000] "GET /root/demo-project/commits/master/signatures HTTP/1.1" 200 709 "http://192.168.16.207/root/demo-project" "Mozilla/5.0 (Windows NT 10.0; Win64; x64) AppleWebKit/537.36 (KHTML, like Gecko) Chrome/74.0.3729.131 Safari/537.36"
192.168.16.166 - - [04/May/2019:07:53:17 +0000] "GET /root/demo-project/refs/master/logs_tree/?format=js HTTP/1.1" 200 1765 "http://192.168.16.207/root/demo-project" "Mozilla/5.0 (Windows NT 10.0; Win64; x64) AppleWebKit/537.36 (KHTML, like Gecko) Chrome/74.0.3729.131 Safari/537.36"
192.168.16.166 - - [04/May/2019:07:53:18 +0000] "GET /root/demo-project/refs/master/logs_tree/?offset=25&format=js HTTP/1.1" 200 1638 "http://192.168.16.207/root/demo-project" "Mozilla/5.0 (Windows NT 10.0; Win64; x64) AppleWebKit/537.36 (KHTML, like Gecko) Chrome/74.0.3729.131 Safari/537.36"
192.168.16.166 - - [04/May/2019:07:53:18 +0000] "GET /root/demo-project/refs/master/logs_tree/?offset=50&format=js HTTP/1.1" 200 1639 "http://192.168.16.207/root/demo-project" "Mozilla/5.0 (Windows NT 10.0; Win64; x64) AppleWebKit/537.36 (KHTML, like Gecko) Chrome/74.0.3729.131 Safari/537.36"
192.168.16.166 - - [04/May/2019:07:53:18 +0000] "GET /root/demo-project/refs/master/logs_tree/?offset=75&format=js HTTP/1.1" 200 1544 "http://192.168.16.207/root/demo-project" "Mozilla/5.0 (Windows NT 10.0; Win64; x64) AppleWebKit/537.36 (KHTML, like Gecko) Chrome/74.0.3729.131 Safari/537.36"
192.168.16.166 - - [04/May/2019:07:53:19 +0000] "GET /root/demo-project/refs/master/logs_tree/?offset=100&format=js HTTP/1.1" 200 1363 "http://192.168.16.207/root/demo-project" "Mozilla/5.0 (Windows NT 10.0; Win64; x64) AppleWebKit/537.36 (KHTML, like Gecko) Chrome/74.0.3729.131 Safari/537.36"
192.168.16.166 - - [04/May/2019:07:53:24 +0000] "GET /root/demo-project/tree/master HTTP/1.1" 200 18399 "http://192.168.16.207/root/demo-project" "Mozilla/5.0 (Windows NT 10.0; Win64; x64) AppleWebKit/537.36 (KHTML, like Gecko) Chrome/74.0.3729.131 Safari/537.36"
192.168.16.166 - - [04/May/2019:07:53:24 +0000] "GET /assets/webpack/pages.projects.tree.show.0ac2e08a.chunk.js HTTP/1.1" 200 11431 "http://192.168.16.207/root/demo-project/tree/master" "Mozilla/5.0 (Windows NT 10.0; Win64; x64) AppleWebKit/537.36 (KHTML, like Gecko) Chrome/74.0.3729.131 Safari/537.36"
192.168.16.166 - - [04/May/2019:07:53:24 +0000] "GET /root/demo-project/commits/cddb6134c9a788621b21cb5abb5a0eb2b62546fb/signatures HTTP/1.1" 200 709 "http://192.168.16.207/root/demo-project/tree/master" "Mozilla/5.0 (Windows NT 10.0; Win64; x64) AppleWebKit/537.36 (KHTML, like Gecko) Chrome/74.0.3729.131 Safari/537.36"
192.168.16.166 - - [04/May/2019:07:53:25 +0000] "GET /root/demo-project/refs/master/logs_tree/?format=js HTTP/1.1" 304 0 "http://192.168.16.207/root/demo-project/tree/master" "Mozilla/5.0 (Windows NT 10.0; Win64; x64) AppleWebKit/537.36 (KHTML, like Gecko) Chrome/74.0.3729.131 Safari/537.36"
192.168.16.166 - - [04/May/2019:07:53:25 +0000] "GET /root/demo-project/refs/master/logs_tree/?offset=25&format=js HTTP/1.1" 304 0 "http://192.168.16.207/root/demo-project/tree/master" "Mozilla/5.0 (Windows NT 10.0; Win64; x64) AppleWebKit/537.36 (KHTML, like Gecko) Chrome/74.0.3729.131 Safari/537.36"
192.168.16.166 - - [04/May/2019:07:53:25 +0000] "GET /root/demo-project/refs/master/logs_tree/?offset=50&format=js HTTP/1.1" 304 0 "http://192.168.16.207/root/demo-project/tree/master" "Mozilla/5.0 (Windows NT 10.0; Win64; x64) AppleWebKit/537.36 (KHTML, like Gecko) Chrome/74.0.3729.131 Safari/537.36"
192.168.16.166 - - [04/May/2019:07:53:25 +0000] "GET /root/demo-project/refs/master/logs_tree/?offset=75&format=js HTTP/1.1" 304 0 "http://192.168.16.207/root/demo-project/tree/master" "Mozilla/5.0 (Windows NT 10.0; Win64; x64) AppleWebKit/537.36 (KHTML, like Gecko) Chrome/74.0.3729.131 Safari/537.36"
192.168.16.166 - - [04/May/2019:07:53:25 +0000] "GET /root/demo-project/refs/master/logs_tree/?offset=100&format=js HTTP/1.1" 304 0 "http://192.168.16.207/root/demo-project/tree/master" "Mozilla/5.0 (Windows NT 10.0; Win64; x64) AppleWebKit/537.36 (KHTML, like Gecko) Chrome/74.0.3729.131 Safari/537.36"
192.168.16.166 - - [04/May/2019:07:53:27 +0000] "GET /root/demo-project/edit HTTP/1.1" 200 13838 "http://192.168.16.207/root/demo-project/tree/master" "Mozilla/5.0 (Windows NT 10.0; Win64; x64) AppleWebKit/537.36 (KHTML, like Gecko) Chrome/74.0.3729.131 Safari/537.36"
192.168.16.166 - - [04/May/2019:07:53:27 +0000] "GET /assets/webpack/commons~pages.groups.edit~pages.groups.settings.badges~pages.projects.edit.16267717.chunk.js HTTP/1.1" 200 5689 "http://192.168.16.207/root/demo-project/edit" "Mozilla/5.0 (Windows NT 10.0; Win64; x64) AppleWebKit/537.36 (KHTML, like Gecko) Chrome/74.0.3729.131 Safari/537.36"
192.168.16.166 - - [04/May/2019:07:53:27 +0000] "GET /assets/webpack/pages.projects.edit.01a1df1f.chunk.js HTTP/1.1" 200 7835 "http://192.168.16.207/root/demo-project/edit" "Mozilla/5.0 (Windows NT 10.0; Win64; x64) AppleWebKit/537.36 (KHTML, like Gecko) Chrome/74.0.3729.131 Safari/537.36"
192.168.16.166 - - [04/May/2019:07:53:28 +0000] "GET /api/v4/projects/1/badges HTTP/1.1" 200 2 "http://192.168.16.207/root/demo-project/edit" "Mozilla/5.0 (Windows NT 10.0; Win64; x64) AppleWebKit/537.36 (KHTML, like Gecko) Chrome/74.0.3729.131 Safari/537.36"
192.168.16.166 - - [04/May/2019:07:53:28 +0000] "GET /assets/select2.png HTTP/1.1" 404 19 "http://192.168.16.207/assets/application-38981e26a24308976f3a29d6e5e2beef57c7acda3ad0d5e7f6f149d58fd09d3d.css" "Mozilla/5.0 (Windows NT 10.0; Win64; x64) AppleWebKit/537.36 (KHTML, like Gecko) Chrome/74.0.3729.131 Safari/537.36"
192.168.16.166 - - [04/May/2019:07:53:38 +0000] "GET /root/demo-project HTTP/1.1" 200 22705 "http://192.168.16.207/root/demo-project/edit" "Mozilla/5.0 (Windows NT 10.0; Win64; x64) AppleWebKit/537.36 (KHTML, like Gecko) Chrome/74.0.3729.131 Safari/537.36"
192.168.16.166 - - [04/May/2019:07:53:38 +0000] "GET /root/demo-project/commits/master/signatures HTTP/1.1" 304 0 "http://192.168.16.207/root/demo-project" "Mozilla/5.0 (Windows NT 10.0; Win64; x64) AppleWebKit/537.36 (KHTML, like Gecko) Chrome/74.0.3729.131 Safari/537.36"
192.168.16.166 - - [04/May/2019:07:53:38 +0000] "GET /root/demo-project/refs/master/logs_tree/?format=js HTTP/1.1" 304 0 "http://192.168.16.207/root/demo-project" "Mozilla/5.0 (Windows NT 10.0; Win64; x64) AppleWebKit/537.36 (KHTML, like Gecko) Chrome/74.0.3729.131 Safari/537.36"
192.168.16.166 - - [04/May/2019:07:53:38 +0000] "GET /root/demo-project/refs/master/logs_tree/?offset=25&format=js HTTP/1.1" 304 0 "http://192.168.16.207/root/demo-project" "Mozilla/5.0 (Windows NT 10.0; Win64; x64) AppleWebKit/537.36 (KHTML, like Gecko) Chrome/74.0.3729.131 Safari/537.36"
192.168.16.166 - - [04/May/2019:07:53:39 +0000] "GET /root/demo-project/refs/master/logs_tree/?offset=50&format=js HTTP/1.1" 304 0 "http://192.168.16.207/root/demo-project" "Mozilla/5.0 (Windows NT 10.0; Win64; x64) AppleWebKit/537.36 (KHTML, like Gecko) Chrome/74.0.3729.131 Safari/537.36"
192.168.16.166 - - [04/May/2019:07:53:39 +0000] "GET /root/demo-project/refs/master/logs_tree/?offset=75&format=js HTTP/1.1" 304 0 "http://192.168.16.207/root/demo-project" "Mozilla/5.0 (Windows NT 10.0; Win64; x64) AppleWebKit/537.36 (KHTML, like Gecko) Chrome/74.0.3729.131 Safari/537.36"
192.168.16.166 - - [04/May/2019:07:53:39 +0000] "GET /root/demo-project/refs/master/logs_tree/?offset=100&format=js HTTP/1.1" 304 0 "http://192.168.16.207/root/demo-project" "Mozilla/5.0 (Windows NT 10.0; Win64; x64) AppleWebKit/537.36 (KHTML, like Gecko) Chrome/74.0.3729.131 Safari/537.36"
172.18.0.4 - - [04/May/2019:07:53:42 +0000] "POST /api/v4/jobs/request HTTP/1.1" 204 0 "" "gitlab-runner 11.10.1 (11-10-stable; go1.8.7; linux/amd64)"
172.18.0.4 - - [04/May/2019:07:53:45 +0000] "POST /api/v4/jobs/request HTTP/1.1" 204 0 "" "gitlab-runner 11.10.1 (11-10-stable; go1.8.7; linux/amd64)"
172.18.0.4 - - [04/May/2019:07:53:48 +0000] "POST /api/v4/jobs/request HTTP/1.1" 204 0 "" "gitlab-runner 11.10.1 (11-10-stable; go1.8.7; linux/amd64)"
127.0.0.1 - - [04/May/2019:07:53:49 +0000] "GET /help HTTP/1.1" 200 79454 "" "curl/7.59.0-DEV"
172.18.0.4 - - [04/May/2019:07:53:51 +0000] "POST /api/v4/jobs/request HTTP/1.1" 204 0 "" "gitlab-runner 11.10.1 (11-10-stable; go1.8.7; linux/amd64)"
172.18.0.4 - - [04/May/2019:07:53:54 +0000] "POST /api/v4/jobs/request HTTP/1.1" 204 0 "" "gitlab-runner 11.10.1 (11-10-stable; go1.8.7; linux/amd64)"
172.18.0.4 - - [04/May/2019:07:53:57 +0000] "POST /api/v4/jobs/request HTTP/1.1" 204 0 "" "gitlab-runner 11.10.1 (11-10-stable; go1.8.7; linux/amd64)"
172.18.0.4 - - [04/May/2019:07:54:00 +0000] "POST /api/v4/jobs/request HTTP/1.1" 204 0 "" "gitlab-runner 11.10.1 (11-10-stable; go1.8.7; linux/amd64)"
172.18.0.4 - - [04/May/2019:07:54:03 +0000] "POST /api/v4/jobs/request HTTP/1.1" 204 0 "" "gitlab-runner 11.10.1 (11-10-stable; go1.8.7; linux/amd64)"
172.18.0.4 - - [04/May/2019:07:54:06 +0000] "POST /api/v4/jobs/request HTTP/1.1" 204 0 "" "gitlab-runner 11.10.1 (11-10-stable; go1.8.7; linux/amd64)"
172.18.0.4 - - [04/May/2019:07:54:09 +0000] "POST /api/v4/jobs/request HTTP/1.1" 204 0 "" "gitlab-runner 11.10.1 (11-10-stable; go1.8.7; linux/amd64)"
172.18.0.4 - - [04/May/2019:07:54:12 +0000] "POST /api/v4/jobs/request HTTP/1.1" 204 0 "" "gitlab-runner 11.10.1 (11-10-stable; go1.8.7; linux/amd64)"
172.18.0.4 - - [04/May/2019:07:54:15 +0000] "POST /api/v4/jobs/request HTTP/1.1" 204 0 "" "gitlab-runner 11.10.1 (11-10-stable; go1.8.7; linux/amd64)"
172.18.0.4 - - [04/May/2019:07:54:18 +0000] "POST /api/v4/jobs/request HTTP/1.1" 204 0 "" "gitlab-runner 11.10.1 (11-10-stable; go1.8.7; linux/amd64)"
172.18.0.4 - - [04/May/2019:07:54:21 +0000] "POST /api/v4/jobs/request HTTP/1.1" 204 0 "" "gitlab-runner 11.10.1 (11-10-stable; go1.8.7; linux/amd64)"
172.18.0.4 - - [04/May/2019:07:54:24 +0000] "POST /api/v4/jobs/request HTTP/1.1" 204 0 "" "gitlab-runner 11.10.1 (11-10-stable; go1.8.7; linux/amd64)"
172.18.0.4 - - [04/May/2019:07:54:27 +0000] "POST /api/v4/jobs/request HTTP/1.1" 204 0 "" "gitlab-runner 11.10.1 (11-10-stable; go1.8.7; linux/amd64)"
172.18.0.4 - - [04/May/2019:07:54:30 +0000] "POST /api/v4/jobs/request HTTP/1.1" 204 0 "" "gitlab-runner 11.10.1 (11-10-stable; go1.8.7; linux/amd64)"
172.18.0.4 - - [04/May/2019:07:54:33 +0000] "POST /api/v4/jobs/request HTTP/1.1" 204 0 "" "gitlab-runner 11.10.1 (11-10-stable; go1.8.7; linux/amd64)"
172.18.0.4 - - [04/May/2019:07:54:36 +0000] "POST /api/v4/jobs/request HTTP/1.1" 204 0 "" "gitlab-runner 11.10.1 (11-10-stable; go1.8.7; linux/amd64)"
172.18.0.4 - - [04/May/2019:07:54:39 +0000] "POST /api/v4/jobs/request HTTP/1.1" 204 0 "" "gitlab-runner 11.10.1 (11-10-stable; go1.8.7; linux/amd64)"
172.18.0.4 - - [04/May/2019:07:54:42 +0000] "POST /api/v4/jobs/request HTTP/1.1" 204 0 "" "gitlab-runner 11.10.1 (11-10-stable; go1.8.7; linux/amd64)"
172.18.0.4 - - [04/May/2019:07:54:45 +0000] "POST /api/v4/jobs/request HTTP/1.1" 204 0 "" "gitlab-runner 11.10.1 (11-10-stable; go1.8.7; linux/amd64)"
172.18.0.4 - - [04/May/2019:07:54:48 +0000] "POST /api/v4/jobs/request HTTP/1.1" 204 0 "" "gitlab-runner 11.10.1 (11-10-stable; go1.8.7; linux/amd64)"
127.0.0.1 - - [04/May/2019:07:54:49 +0000] "GET /help HTTP/1.1" 200 79454 "" "curl/7.59.0-DEV"
172.18.0.4 - - [04/May/2019:07:54:51 +0000] "POST /api/v4/jobs/request HTTP/1.1" 204 0 "" "gitlab-runner 11.10.1 (11-10-stable; go1.8.7; linux/amd64)"
172.18.0.4 - - [04/May/2019:07:54:54 +0000] "POST /api/v4/jobs/request HTTP/1.1" 204 0 "" "gitlab-runner 11.10.1 (11-10-stable; go1.8.7; linux/amd64)"
172.18.0.4 - - [04/May/2019:07:54:57 +0000] "POST /api/v4/jobs/request HTTP/1.1" 204 0 "" "gitlab-runner 11.10.1 (11-10-stable; go1.8.7; linux/amd64)"
172.18.0.4 - - [04/May/2019:07:55:00 +0000] "POST /api/v4/jobs/request HTTP/1.1" 204 0 "" "gitlab-runner 11.10.1 (11-10-stable; go1.8.7; linux/amd64)"
172.18.0.4 - - [04/May/2019:07:55:03 +0000] "POST /api/v4/jobs/request HTTP/1.1" 204 0 "" "gitlab-runner 11.10.1 (11-10-stable; go1.8.7; linux/amd64)"
172.18.0.4 - - [04/May/2019:07:55:06 +0000] "POST /api/v4/jobs/request HTTP/1.1" 204 0 "" "gitlab-runner 11.10.1 (11-10-stable; go1.8.7; linux/amd64)"
172.18.0.4 - - [04/May/2019:07:55:09 +0000] "POST /api/v4/jobs/request HTTP/1.1" 204 0 "" "gitlab-runner 11.10.1 (11-10-stable; go1.8.7; linux/amd64)"
172.18.0.4 - - [04/May/2019:07:55:12 +0000] "POST /api/v4/jobs/request HTTP/1.1" 204 0 "" "gitlab-runner 11.10.1 (11-10-stable; go1.8.7; linux/amd64)"
172.18.0.4 - - [04/May/2019:07:55:15 +0000] "POST /api/v4/jobs/request HTTP/1.1" 204 0 "" "gitlab-runner 11.10.1 (11-10-stable; go1.8.7; linux/amd64)"
172.18.0.4 - - [04/May/2019:07:55:18 +0000] "POST /api/v4/jobs/request HTTP/1.1" 204 0 "" "gitlab-runner 11.10.1 (11-10-stable; go1.8.7; linux/amd64)"
172.18.0.4 - - [04/May/2019:07:55:21 +0000] "POST /api/v4/jobs/request HTTP/1.1" 204 0 "" "gitlab-runner 11.10.1 (11-10-stable; go1.8.7; linux/amd64)"
172.18.0.4 - - [04/May/2019:07:55:24 +0000] "POST /api/v4/jobs/request HTTP/1.1" 204 0 "" "gitlab-runner 11.10.1 (11-10-stable; go1.8.7; linux/amd64)"
172.18.0.4 - - [04/May/2019:07:55:27 +0000] "POST /api/v4/jobs/request HTTP/1.1" 204 0 "" "gitlab-runner 11.10.1 (11-10-stable; go1.8.7; linux/amd64)"
172.18.0.4 - - [04/May/2019:07:55:30 +0000] "POST /api/v4/jobs/request HTTP/1.1" 204 0 "" "gitlab-runner 11.10.1 (11-10-stable; go1.8.7; linux/amd64)"
172.18.0.4 - - [04/May/2019:07:55:33 +0000] "POST /api/v4/jobs/request HTTP/1.1" 204 0 "" "gitlab-runner 11.10.1 (11-10-stable; go1.8.7; linux/amd64)"
192.168.16.88 - - [04/May/2019:07:55:34 +0000] "GET /root/demo-project/settings/ci_cd HTTP/1.1" 200 16738 "http://192.168.16.207/root/demo-project" "Mozilla/5.0 (Windows NT 10.0; Win64; x64) AppleWebKit/537.36 (KHTML, like Gecko) Chrome/73.0.3683.103 Safari/537.36"
192.168.16.88 - - [04/May/2019:07:55:35 +0000] "GET /root/demo-project/badges/master/coverage.svg HTTP/1.1" 200 950 "http://192.168.16.207/root/demo-project/settings/ci_cd" "Mozilla/5.0 (Windows NT 10.0; Win64; x64) AppleWebKit/537.36 (KHTML, like Gecko) Chrome/73.0.3683.103 Safari/537.36"
192.168.16.88 - - [04/May/2019:07:55:35 +0000] "GET /root/demo-project/badges/master/pipeline.svg HTTP/1.1" 200 950 "http://192.168.16.207/root/demo-project/settings/ci_cd" "Mozilla/5.0 (Windows NT 10.0; Win64; x64) AppleWebKit/537.36 (KHTML, like Gecko) Chrome/73.0.3683.103 Safari/537.36"
192.168.16.88 - - [04/May/2019:07:55:35 +0000] "GET /assets/favicon-7901bd695fb93edb07975966062049829afb56cf11511236e61bcf425070e36e.png HTTP/1.1" 200 1611 "http://192.168.16.207/root/demo-project/settings/ci_cd" "Mozilla/5.0 (Windows NT 10.0; Win64; x64) AppleWebKit/537.36 (KHTML, like Gecko) Chrome/73.0.3683.103 Safari/537.36"
172.18.0.4 - - [04/May/2019:07:55:36 +0000] "POST /api/v4/jobs/request HTTP/1.1" 204 0 "" "gitlab-runner 11.10.1 (11-10-stable; go1.8.7; linux/amd64)"
172.18.0.4 - - [04/May/2019:07:55:39 +0000] "POST /api/v4/jobs/request HTTP/1.1" 204 0 "" "gitlab-runner 11.10.1 (11-10-stable; go1.8.7; linux/amd64)"
172.18.0.4 - - [04/May/2019:07:55:42 +0000] "POST /api/v4/jobs/request HTTP/1.1" 204 0 "" "gitlab-runner 11.10.1 (11-10-stable; go1.8.7; linux/amd64)"
192.168.16.166 - - [04/May/2019:07:55:44 +0000] "GET /admin HTTP/1.1" 200 8485 "http://192.168.16.207/root/demo-project" "Mozilla/5.0 (Windows NT 10.0; Win64; x64) AppleWebKit/537.36 (KHTML, like Gecko) Chrome/74.0.3729.131 Safari/537.36"
192.168.16.166 - - [04/May/2019:07:55:44 +0000] "GET /assets/webpack/pages.admin.a34b216e.chunk.js HTTP/1.1" 200 676 "http://192.168.16.207/admin" "Mozilla/5.0 (Windows NT 10.0; Win64; x64) AppleWebKit/537.36 (KHTML, like Gecko) Chrome/74.0.3729.131 Safari/537.36"
172.18.0.4 - - [04/May/2019:07:55:45 +0000] "POST /api/v4/jobs/request HTTP/1.1" 204 0 "" "gitlab-runner 11.10.1 (11-10-stable; go1.8.7; linux/amd64)"
172.18.0.4 - - [04/May/2019:07:55:48 +0000] "POST /api/v4/jobs/request HTTP/1.1" 204 0 "" "gitlab-runner 11.10.1 (11-10-stable; go1.8.7; linux/amd64)"
192.168.16.166 - - [04/May/2019:07:55:48 +0000] "GET /root/demo-project HTTP/1.1" 200 22712 "http://192.168.16.207/root/demo-project/edit" "Mozilla/5.0 (Windows NT 10.0; Win64; x64) AppleWebKit/537.36 (KHTML, like Gecko) Chrome/74.0.3729.131 Safari/537.36"
192.168.16.166 - - [04/May/2019:07:55:49 +0000] "GET /root/demo-project/refs/master/logs_tree/?offset=50&format=js HTTP/1.1" 304 0 "http://192.168.16.207/root/demo-project" "Mozilla/5.0 (Windows NT 10.0; Win64; x64) AppleWebKit/537.36 (KHTML, like Gecko) Chrome/74.0.3729.131 Safari/537.36"
192.168.16.88 - - [04/May/2019:07:55:49 +0000] "GET /root/demo-project HTTP/1.1" 200 22537 "http://192.168.16.207/root/demo-project/settings/ci_cd" "Mozilla/5.0 (Windows NT 10.0; Win64; x64) AppleWebKit/537.36 (KHTML, like Gecko) Chrome/73.0.3683.103 Safari/537.36"
192.168.16.166 - - [04/May/2019:07:55:50 +0000] "GET /root/demo-project/refs/master/logs_tree/?offset=75&format=js HTTP/1.1" 304 0 "http://192.168.16.207/root/demo-project" "Mozilla/5.0 (Windows NT 10.0; Win64; x64) AppleWebKit/537.36 (KHTML, like Gecko) Chrome/74.0.3729.131 Safari/537.36"
192.168.16.166 - - [04/May/2019:07:55:50 +0000] "GET /root/demo-project/refs/master/logs_tree/?offset=100&format=js HTTP/1.1" 304 0 "http://192.168.16.207/root/demo-project" "Mozilla/5.0 (Windows NT 10.0; Win64; x64) AppleWebKit/537.36 (KHTML, like Gecko) Chrome/74.0.3729.131 Safari/537.36"
192.168.16.88 - - [04/May/2019:07:55:50 +0000] "GET /root/demo-project/refs/master/logs_tree/?format=js HTTP/1.1" 200 1765 "http://192.168.16.207/root/demo-project" "Mozilla/5.0 (Windows NT 10.0; Win64; x64) AppleWebKit/537.36 (KHTML, like Gecko) Chrome/73.0.3683.103 Safari/537.36"
127.0.0.1 - - [04/May/2019:07:55:50 +0000] "GET /help HTTP/1.1" 200 79454 "" "curl/7.59.0-DEV"
192.168.16.88 - - [04/May/2019:07:55:50 +0000] "GET /root/demo-project/commits/master/signatures HTTP/1.1" 200 709 "http://192.168.16.207/root/demo-project" "Mozilla/5.0 (Windows NT 10.0; Win64; x64) AppleWebKit/537.36 (KHTML, like Gecko) Chrome/73.0.3683.103 Safari/537.36"
192.168.16.88 - - [04/May/2019:07:55:50 +0000] "GET /root/demo-project/refs/master/logs_tree/?offset=25&format=js HTTP/1.1" 200 1638 "http://192.168.16.207/root/demo-project" "Mozilla/5.0 (Windows NT 10.0; Win64; x64) AppleWebKit/537.36 (KHTML, like Gecko) Chrome/73.0.3683.103 Safari/537.36"
192.168.16.88 - - [04/May/2019:07:55:51 +0000] "GET /root/demo-project/refs/master/logs_tree/?offset=50&format=js HTTP/1.1" 200 1639 "http://192.168.16.207/root/demo-project" "Mozilla/5.0 (Windows NT 10.0; Win64; x64) AppleWebKit/537.36 (KHTML, like Gecko) Chrome/73.0.3683.103 Safari/537.36"
172.18.0.4 - - [04/May/2019:07:55:51 +0000] "POST /api/v4/jobs/request HTTP/1.1" 204 0 "" "gitlab-runner 11.10.1 (11-10-stable; go1.8.7; linux/amd64)"
192.168.16.88 - - [04/May/2019:07:55:51 +0000] "GET /root/demo-project/refs/master/logs_tree/?offset=75&format=js HTTP/1.1" 200 1544 "http://192.168.16.207/root/demo-project" "Mozilla/5.0 (Windows NT 10.0; Win64; x64) AppleWebKit/537.36 (KHTML, like Gecko) Chrome/73.0.3683.103 Safari/537.36"
192.168.16.88 - - [04/May/2019:07:55:51 +0000] "GET /root/demo-project/refs/master/logs_tree/?offset=100&format=js HTTP/1.1" 200 1363 "http://192.168.16.207/root/demo-project" "Mozilla/5.0 (Windows NT 10.0; Win64; x64) AppleWebKit/537.36 (KHTML, like Gecko) Chrome/73.0.3683.103 Safari/537.36"
172.18.0.4 - - [04/May/2019:07:55:54 +0000] "POST /api/v4/jobs/request HTTP/1.1" 204 0 "" "gitlab-runner 11.10.1 (11-10-stable; go1.8.7; linux/amd64)"
172.18.0.4 - - [04/May/2019:07:55:57 +0000] "POST /api/v4/jobs/request HTTP/1.1" 204 0 "" "gitlab-runner 11.10.1 (11-10-stable; go1.8.7; linux/amd64)"
172.18.0.4 - - [04/May/2019:07:56:00 +0000] "POST /api/v4/jobs/request HTTP/1.1" 204 0 "" "gitlab-runner 11.10.1 (11-10-stable; go1.8.7; linux/amd64)"
172.18.0.4 - - [04/May/2019:07:56:03 +0000] "POST /api/v4/jobs/request HTTP/1.1" 204 0 "" "gitlab-runner 11.10.1 (11-10-stable; go1.8.7; linux/amd64)"
192.168.16.88 - - [04/May/2019:07:56:06 +0000] "GET /root/demo-project/tree/master/web-base HTTP/1.1" 200 12868 "http://192.168.16.207/root/demo-project" "Mozilla/5.0 (Windows NT 10.0; Win64; x64) AppleWebKit/537.36 (KHTML, like Gecko) Chrome/73.0.3683.103 Safari/537.36"
192.168.16.88 - - [04/May/2019:07:56:06 +0000] "GET /assets/webpack/pages.projects.tree.show.0ac2e08a.chunk.js HTTP/1.1" 200 11431 "http://192.168.16.207/root/demo-project/tree/master/web-base" "Mozilla/5.0 (Windows NT 10.0; Win64; x64) AppleWebKit/537.36 (KHTML, like Gecko) Chrome/73.0.3683.103 Safari/537.36"
172.18.0.4 - - [04/May/2019:07:56:06 +0000] "POST /api/v4/jobs/request HTTP/1.1" 204 0 "" "gitlab-runner 11.10.1 (11-10-stable; go1.8.7; linux/amd64)"
192.168.16.88 - - [04/May/2019:07:56:06 +0000] "GET /root/demo-project/commits/b84db7bbe3769b1c698cdbf6037b6328cfc7d32f/signatures HTTP/1.1" 200 17 "http://192.168.16.207/root/demo-project/tree/master/web-base" "Mozilla/5.0 (Windows NT 10.0; Win64; x64) AppleWebKit/537.36 (KHTML, like Gecko) Chrome/73.0.3683.103 Safari/537.36"
192.168.16.88 - - [04/May/2019:07:56:06 +0000] "GET /root/demo-project/refs/master/logs_tree/web-base?format=js HTTP/1.1" 200 725 "http://192.168.16.207/root/demo-project/tree/master/web-base" "Mozilla/5.0 (Windows NT 10.0; Win64; x64) AppleWebKit/537.36 (KHTML, like Gecko) Chrome/73.0.3683.103 Safari/537.36"
172.18.0.4 - - [04/May/2019:07:56:09 +0000] "POST /api/v4/jobs/request HTTP/1.1" 204 0 "" "gitlab-runner 11.10.1 (11-10-stable; go1.8.7; linux/amd64)"
192.168.16.88 - - [04/May/2019:07:56:09 +0000] "GET /root/demo-project/tree/master/web-base/src/main HTTP/1.1" 200 12680 "http://192.168.16.207/root/demo-project/tree/master/web-base" "Mozilla/5.0 (Windows NT 10.0; Win64; x64) AppleWebKit/537.36 (KHTML, like Gecko) Chrome/73.0.3683.103 Safari/537.36"
192.168.16.88 - - [04/May/2019:07:56:09 +0000] "GET /root/demo-project/commits/b84db7bbe3769b1c698cdbf6037b6328cfc7d32f/signatures HTTP/1.1" 304 0 "http://192.168.16.207/root/demo-project/tree/master/web-base/src/main" "Mozilla/5.0 (Windows NT 10.0; Win64; x64) AppleWebKit/537.36 (KHTML, like Gecko) Chrome/73.0.3683.103 Safari/537.36"
192.168.16.88 - - [04/May/2019:07:56:09 +0000] "GET /root/demo-project/refs/master/logs_tree/web-base/src/main?format=js HTTP/1.1" 200 1546 "http://192.168.16.207/root/demo-project/tree/master/web-base/src/main" "Mozilla/5.0 (Windows NT 10.0; Win64; x64) AppleWebKit/537.36 (KHTML, like Gecko) Chrome/73.0.3683.103 Safari/537.36"
192.168.16.88 - - [04/May/2019:07:56:10 +0000] "GET /root/demo-project/tree/master/web-base/src/main/java/jp/rhp/web/base HTTP/1.1" 200 12962 "http://192.168.16.207/root/demo-project/tree/master/web-base/src/main" "Mozilla/5.0 (Windows NT 10.0; Win64; x64) AppleWebKit/537.36 (KHTML, like Gecko) Chrome/73.0.3683.103 Safari/537.36"
192.168.16.88 - - [04/May/2019:07:56:11 +0000] "GET /root/demo-project/commits/b84db7bbe3769b1c698cdbf6037b6328cfc7d32f/signatures HTTP/1.1" 304 0 "http://192.168.16.207/root/demo-project/tree/master/web-base/src/main/java/jp/rhp/web/base" "Mozilla/5.0 (Windows NT 10.0; Win64; x64) AppleWebKit/537.36 (KHTML, like Gecko) Chrome/73.0.3683.103 Safari/537.36"
192.168.16.88 - - [04/May/2019:07:56:11 +0000] "GET /root/demo-project/refs/master/logs_tree/web-base/src/main/java/jp/rhp/web/base?format=js HTTP/1.1" 200 724 "http://192.168.16.207/root/demo-project/tree/master/web-base/src/main/java/jp/rhp/web/base" "Mozilla/5.0 (Windows NT 10.0; Win64; x64) AppleWebKit/537.36 (KHTML, like Gecko) Chrome/73.0.3683.103 Safari/537.36"
172.18.0.4 - - [04/May/2019:07:56:12 +0000] "POST /api/v4/jobs/request HTTP/1.1" 204 0 "" "gitlab-runner 11.10.1 (11-10-stable; go1.8.7; linux/amd64)"
192.168.16.88 - - [04/May/2019:07:56:12 +0000] "GET /root/demo-project/tree/master/web-base/src/main/java/jp/rhp/web/base/access HTTP/1.1" 200 12658 "http://192.168.16.207/root/demo-project/tree/master/web-base/src/main/java/jp/rhp/web/base" "Mozilla/5.0 (Windows NT 10.0; Win64; x64) AppleWebKit/537.36 (KHTML, like Gecko) Chrome/73.0.3683.103 Safari/537.36"
